Archive member included to satisfy reference by file (symbol)

c:/progra~2/gnuarm~1/102020~1/bin/../lib/gcc/arm-none-eabi/10.2.1/thumb/v6-m/nofp\libgcc.a(_dvmd_tls.o)
                              CMakeFiles/PicoVCO_R2R.dir/C_/Users/ben/Documents/GitHub/pico-sdk/src/rp2_common/pico_divider/divider.S.obj (__aeabi_idiv0)
c:/progra~2/gnuarm~1/102020~1/bin/../lib/gcc/arm-none-eabi/10.2.1/../../../../arm-none-eabi/lib/thumb/v6-m/nofp\libc.a(lib_a-calloc.o)
                              CMakeFiles/PicoVCO_R2R.dir/C_/Users/ben/Documents/GitHub/pico-sdk/src/rp2_common/pico_malloc/pico_malloc.c.obj (calloc)
c:/progra~2/gnuarm~1/102020~1/bin/../lib/gcc/arm-none-eabi/10.2.1/../../../../arm-none-eabi/lib/thumb/v6-m/nofp\libc.a(lib_a-callocr.o)
                              c:/progra~2/gnuarm~1/102020~1/bin/../lib/gcc/arm-none-eabi/10.2.1/../../../../arm-none-eabi/lib/thumb/v6-m/nofp\libc.a(lib_a-calloc.o) (_calloc_r)
c:/progra~2/gnuarm~1/102020~1/bin/../lib/gcc/arm-none-eabi/10.2.1/../../../../arm-none-eabi/lib/thumb/v6-m/nofp\libc.a(lib_a-impure.o)
                              c:/progra~2/gnuarm~1/102020~1/bin/../lib/gcc/arm-none-eabi/10.2.1/../../../../arm-none-eabi/lib/thumb/v6-m/nofp\libc.a(lib_a-calloc.o) (_impure_ptr)
c:/progra~2/gnuarm~1/102020~1/bin/../lib/gcc/arm-none-eabi/10.2.1/../../../../arm-none-eabi/lib/thumb/v6-m/nofp\libc.a(lib_a-init.o)
                              c:/progra~2/gnuarm~1/102020~1/bin/../lib/gcc/arm-none-eabi/10.2.1/../../../../arm-none-eabi/lib/thumb/v6-m/nofp/crt0.o (__libc_init_array)
c:/progra~2/gnuarm~1/102020~1/bin/../lib/gcc/arm-none-eabi/10.2.1/../../../../arm-none-eabi/lib/thumb/v6-m/nofp\libc.a(lib_a-malloc.o)
                              CMakeFiles/PicoVCO_R2R.dir/C_/Users/ben/Documents/GitHub/pico-sdk/src/rp2_common/pico_malloc/pico_malloc.c.obj (malloc)
c:/progra~2/gnuarm~1/102020~1/bin/../lib/gcc/arm-none-eabi/10.2.1/../../../../arm-none-eabi/lib/thumb/v6-m/nofp\libc.a(lib_a-mallocr.o)
                              c:/progra~2/gnuarm~1/102020~1/bin/../lib/gcc/arm-none-eabi/10.2.1/../../../../arm-none-eabi/lib/thumb/v6-m/nofp\libc.a(lib_a-callocr.o) (_malloc_r)
c:/progra~2/gnuarm~1/102020~1/bin/../lib/gcc/arm-none-eabi/10.2.1/../../../../arm-none-eabi/lib/thumb/v6-m/nofp\libc.a(lib_a-mlock.o)
                              c:/progra~2/gnuarm~1/102020~1/bin/../lib/gcc/arm-none-eabi/10.2.1/../../../../arm-none-eabi/lib/thumb/v6-m/nofp\libc.a(lib_a-mallocr.o) (__malloc_lock)
c:/progra~2/gnuarm~1/102020~1/bin/../lib/gcc/arm-none-eabi/10.2.1/../../../../arm-none-eabi/lib/thumb/v6-m/nofp\libc.a(lib_a-realloc.o)
                              CMakeFiles/PicoVCO_R2R.dir/C_/Users/ben/Documents/GitHub/pico-sdk/src/rp2_common/pico_malloc/pico_malloc.c.obj (realloc)
c:/progra~2/gnuarm~1/102020~1/bin/../lib/gcc/arm-none-eabi/10.2.1/../../../../arm-none-eabi/lib/thumb/v6-m/nofp\libc.a(lib_a-reallocr.o)
                              c:/progra~2/gnuarm~1/102020~1/bin/../lib/gcc/arm-none-eabi/10.2.1/../../../../arm-none-eabi/lib/thumb/v6-m/nofp\libc.a(lib_a-realloc.o) (_realloc_r)
c:/progra~2/gnuarm~1/102020~1/bin/../lib/gcc/arm-none-eabi/10.2.1/../../../../arm-none-eabi/lib/thumb/v6-m/nofp\libc.a(lib_a-sbrkr.o)
                              c:/progra~2/gnuarm~1/102020~1/bin/../lib/gcc/arm-none-eabi/10.2.1/../../../../arm-none-eabi/lib/thumb/v6-m/nofp\libc.a(lib_a-mallocr.o) (_sbrk_r)
c:/progra~2/gnuarm~1/102020~1/bin/../lib/gcc/arm-none-eabi/10.2.1/../../../../arm-none-eabi/lib/thumb/v6-m/nofp\libc.a(lib_a-strlen-stub.o)
                              CMakeFiles/PicoVCO_R2R.dir/C_/Users/ben/Documents/GitHub/pico-sdk/src/rp2_common/pico_stdio/stdio.c.obj (strlen)
c:/progra~2/gnuarm~1/102020~1/bin/../lib/gcc/arm-none-eabi/10.2.1/../../../../arm-none-eabi/lib/thumb/v6-m/nofp\libc.a(lib_a-freer.o)
                              c:/progra~2/gnuarm~1/102020~1/bin/../lib/gcc/arm-none-eabi/10.2.1/../../../../arm-none-eabi/lib/thumb/v6-m/nofp\libc.a(lib_a-malloc.o) (_free_r)
c:/progra~2/gnuarm~1/102020~1/bin/../lib/gcc/arm-none-eabi/10.2.1/../../../../arm-none-eabi/lib/thumb/v6-m/nofp\libc.a(lib_a-lock.o)
                              c:/progra~2/gnuarm~1/102020~1/bin/../lib/gcc/arm-none-eabi/10.2.1/../../../../arm-none-eabi/lib/thumb/v6-m/nofp\libc.a(lib_a-mlock.o) (__retarget_lock_acquire_recursive)
c:/progra~2/gnuarm~1/102020~1/bin/../lib/gcc/arm-none-eabi/10.2.1/../../../../arm-none-eabi/lib/thumb/v6-m/nofp\libc.a(lib_a-memmove.o)
                              c:/progra~2/gnuarm~1/102020~1/bin/../lib/gcc/arm-none-eabi/10.2.1/../../../../arm-none-eabi/lib/thumb/v6-m/nofp\libc.a(lib_a-reallocr.o) (memmove)
c:/progra~2/gnuarm~1/102020~1/bin/../lib/gcc/arm-none-eabi/10.2.1/../../../../arm-none-eabi/lib/thumb/v6-m/nofp\libc.a(lib_a-reent.o)
                              c:/progra~2/gnuarm~1/102020~1/bin/../lib/gcc/arm-none-eabi/10.2.1/../../../../arm-none-eabi/lib/thumb/v6-m/nofp\libc.a(lib_a-sbrkr.o) (errno)

Discarded input sections

[...]
Memory Configuration

Name             Origin             Length             Attributes
FLASH            0x10000000         0x00200000         xr
RAM              0x20000000         0x00040000         xrw
SCRATCH_X        0x20040000         0x00001000         xrw
SCRATCH_Y        0x20041000         0x00001000         xrw
*default*        0x00000000         0xffffffff

Linker script and memory map

LOAD c:/progra~2/gnuarm~1/102020~1/bin/../lib/gcc/arm-none-eabi/10.2.1/thumb/v6-m/nofp/crti.o
LOAD c:/progra~2/gnuarm~1/102020~1/bin/../lib/gcc/arm-none-eabi/10.2.1/thumb/v6-m/nofp/crtbegin.o
LOAD c:/progra~2/gnuarm~1/102020~1/bin/../lib/gcc/arm-none-eabi/10.2.1/../../../../arm-none-eabi/lib/thumb/v6-m/nofp/crt0.o

.flash_begin    0x10000000        0x0
                0x10000000                __flash_binary_start = .

.boot2          0x10000000      0x100
                0x10000000                __boot2_start__ = .
 *(.boot2)
 .boot2         0x10000000      0x100 C:\Users\ben\AppData\Local\Temp\ccH3llCj.o
                0x10000100                __boot2_end__ = .
                0x00000001                ASSERT (((__boot2_end__ - __boot2_start__) == 0x100), ERROR: Pico second stage bootloader must be 256 bytes in size)

.text           0x10000100     0x8080
                0x10000100                __logical_binary_start = .
 *(.vectors)
 .vectors       0x10000100       0xd4 CMakeFiles/PicoVCO_R2R.dir/C_/Users/ben/Documents/GitHub/pico-sdk/src/rp2_common/pico_standard_link/crt0.S.obj
                0x10000100                __VECTOR_TABLE
                0x10000100                __vectors
                0x100001c0                isr_invalid
                0x100001c0                __default_isrs_start
                0x100001c2                isr_nmi
                0x100001c4                isr_hardfault
                0x100001c6                isr_svcall
                0x100001c8                isr_pendsv
                0x100001ca                isr_systick
                0x100001cc                isr_irq23
                0x100001cc                isr_irq18
                0x100001cc                isr_irq11
                0x100001cc                isr_irq28
                0x100001cc                isr_irq19
                0x100001cc                isr_irq0
                0x100001cc                isr_irq6
                0x100001cc                isr_irq5
                0x100001cc                isr_irq12
                0x100001cc                isr_irq22
                0x100001cc                isr_irq31
                0x100001cc                isr_irq17
                0x100001cc                isr_irq27
                0x100001cc                isr_irq30
                0x100001cc                isr_irq2
                0x100001cc                isr_irq10
                0x100001cc                isr_irq8
                0x100001cc                isr_irq24
                0x100001cc                isr_irq1
                0x100001cc                isr_irq7
                0x100001cc                isr_irq21
                0x100001cc                isr_irq20
                0x100001cc                isr_irq15
                0x100001cc                isr_irq25
                0x100001cc                isr_irq13
                0x100001cc                __unhandled_user_irq
                0x100001cc                isr_irq4
                0x100001cc                isr_irq16
                0x100001cc                isr_irq29
                0x100001cc                isr_irq26
                0x100001cc                __default_isrs_end
                0x100001cc                isr_irq3
                0x100001cc                isr_irq14
                0x100001cc                isr_irq9
                0x100001d2                unhandled_user_irq_num_in_r0
 *(.binary_info_header)
 .binary_info_header
                0x100001d4       0x14 CMakeFiles/PicoVCO_R2R.dir/C_/Users/ben/Documents/GitHub/pico-sdk/src/rp2_common/pico_standard_link/crt0.S.obj
                0x100001e8                __binary_info_header_end = .
 *(.reset)
 .reset         0x100001e8       0xa0 CMakeFiles/PicoVCO_R2R.dir/C_/Users/ben/Documents/GitHub/pico-sdk/src/rp2_common/pico_standard_link/crt0.S.obj
                0x100001e8                _entry_point
 .reset         0x10000288       0x30 CMakeFiles/PicoVCO_R2R.dir/C_/Users/ben/Documents/GitHub/pico-sdk/src/rp2_common/pico_standard_link/binary_info.c.obj
 *(.init)
 .init          0x100002b8        0x4 c:/progra~2/gnuarm~1/102020~1/bin/../lib/gcc/arm-none-eabi/10.2.1/thumb/v6-m/nofp/crti.o
                0x100002b8                _init
 *(EXCLUDE_FILE(*libm.a: *libc.a:*lib_a-mem*.o *libgcc.a:) .text*)
 .text          0x100002bc       0x48 c:/progra~2/gnuarm~1/102020~1/bin/../lib/gcc/arm-none-eabi/10.2.1/thumb/v6-m/nofp/crtbegin.o
 .text.core1_loop
                0x10000304       0x90 CMakeFiles/PicoVCO_R2R.dir/PicoVCO_R2R.c.obj
                0x10000304                core1_loop
 .text.adc_gpio_init
                0x10000394       0x20 CMakeFiles/PicoVCO_R2R.dir/PicoVCO_R2R.c.obj
 .text.scale_wave
                0x100003b4       0x94 CMakeFiles/PicoVCO_R2R.dir/PicoVCO_R2R.c.obj
                0x100003b4                scale_wave
 .text.startup.main
                0x10000448      0x368 CMakeFiles/PicoVCO_R2R.dir/PicoVCO_R2R.c.obj
                0x10000448                main
 .text.generate_triange
                0x100007b0       0x78 CMakeFiles/PicoVCO_R2R.dir/waves.c.obj
                0x100007b0                generate_triange
 .text.gpio_set_function
                0x10000828       0x30 CMakeFiles/PicoVCO_R2R.dir/C_/Users/ben/Documents/GitHub/pico-sdk/src/rp2_common/hardware_gpio/gpio.c.obj
                0x10000828                gpio_set_function
 .text.gpio_set_pulls
                0x10000858       0x30 CMakeFiles/PicoVCO_R2R.dir/C_/Users/ben/Documents/GitHub/pico-sdk/src/rp2_common/hardware_gpio/gpio.c.obj
                0x10000858                gpio_set_pulls
 .text.gpio_set_input_enabled
                0x10000888       0x28 CMakeFiles/PicoVCO_R2R.dir/C_/Users/ben/Documents/GitHub/pico-sdk/src/rp2_common/hardware_gpio/gpio.c.obj
                0x10000888                gpio_set_input_enabled
 .text.running_on_fpga
                0x100008b0       0x10 CMakeFiles/PicoVCO_R2R.dir/C_/Users/ben/Documents/GitHub/pico-sdk/src/rp2_common/pico_platform/platform.c.obj
                0x100008b0                running_on_fpga
 .text.hw_claim_lock
                0x100008c0       0x18 CMakeFiles/PicoVCO_R2R.dir/C_/Users/ben/Documents/GitHub/pico-sdk/src/rp2_common/hardware_claim/claim.c.obj
                0x100008c0                hw_claim_lock
 .text.hw_claim_unlock
                0x100008d8       0x14 CMakeFiles/PicoVCO_R2R.dir/C_/Users/ben/Documents/GitHub/pico-sdk/src/rp2_common/hardware_claim/claim.c.obj
                0x100008d8                hw_claim_unlock
 .text.hw_claim_or_assert
                0x100008ec       0x44 CMakeFiles/PicoVCO_R2R.dir/C_/Users/ben/Documents/GitHub/pico-sdk/src/rp2_common/hardware_claim/claim.c.obj
                0x100008ec                hw_claim_or_assert
 .text.hw_claim_unused_from_range
                0x10000930       0x9c CMakeFiles/PicoVCO_R2R.dir/C_/Users/ben/Documents/GitHub/pico-sdk/src/rp2_common/hardware_claim/claim.c.obj
                0x10000930                hw_claim_unused_from_range
 .text.spin_locks_reset
                0x100009cc       0x1c CMakeFiles/PicoVCO_R2R.dir/C_/Users/ben/Documents/GitHub/pico-sdk/src/rp2_common/hardware_sync/sync.c.obj
                0x100009cc                spin_locks_reset
 .text.next_striped_spin_lock_num
                0x100009e8       0x18 CMakeFiles/PicoVCO_R2R.dir/C_/Users/ben/Documents/GitHub/pico-sdk/src/rp2_common/hardware_sync/sync.c.obj
                0x100009e8                next_striped_spin_lock_num
 .text.spin_lock_claim_unused
                0x10000a00       0x20 CMakeFiles/PicoVCO_R2R.dir/C_/Users/ben/Documents/GitHub/pico-sdk/src/rp2_common/hardware_sync/sync.c.obj
                0x10000a00                spin_lock_claim_unused
 .text.irq_set_enabled
                0x10000a20       0x24 CMakeFiles/PicoVCO_R2R.dir/C_/Users/ben/Documents/GitHub/pico-sdk/src/rp2_common/hardware_irq/irq.c.obj
                0x10000a20                irq_set_enabled
 .text.irq_is_enabled
                0x10000a44       0x18 CMakeFiles/PicoVCO_R2R.dir/C_/Users/ben/Documents/GitHub/pico-sdk/src/rp2_common/hardware_irq/irq.c.obj
                0x10000a44                irq_is_enabled
 .text.irq_set_pending
                0x10000a5c       0x10 CMakeFiles/PicoVCO_R2R.dir/C_/Users/ben/Documents/GitHub/pico-sdk/src/rp2_common/hardware_irq/irq.c.obj
                0x10000a5c                irq_set_pending
 .text.irq_has_shared_handler
                0x10000a6c       0x2c CMakeFiles/PicoVCO_R2R.dir/C_/Users/ben/Documents/GitHub/pico-sdk/src/rp2_common/hardware_irq/irq.c.obj
                0x10000a6c                irq_has_shared_handler
 .text.irq_get_vtable_handler
                0x10000a98       0x10 CMakeFiles/PicoVCO_R2R.dir/C_/Users/ben/Documents/GitHub/pico-sdk/src/rp2_common/hardware_irq/irq.c.obj
                0x10000a98                irq_get_vtable_handler
 .text.irq_set_exclusive_handler
                0x10000aa8       0x54 CMakeFiles/PicoVCO_R2R.dir/C_/Users/ben/Documents/GitHub/pico-sdk/src/rp2_common/hardware_irq/irq.c.obj
                0x10000aa8                irq_set_exclusive_handler
 .text.irq_add_shared_handler
                0x10000afc      0x1e8 CMakeFiles/PicoVCO_R2R.dir/C_/Users/ben/Documents/GitHub/pico-sdk/src/rp2_common/hardware_irq/irq.c.obj
                0x10000afc                irq_add_shared_handler
 .text.irq_remove_handler
                0x10000ce4      0x1b0 CMakeFiles/PicoVCO_R2R.dir/C_/Users/ben/Documents/GitHub/pico-sdk/src/rp2_common/hardware_irq/irq.c.obj
                0x10000ce4                irq_remove_handler
 .text.irq_add_tail_to_free_list
                0x10000e94       0xb4 CMakeFiles/PicoVCO_R2R.dir/C_/Users/ben/Documents/GitHub/pico-sdk/src/rp2_common/hardware_irq/irq.c.obj
                0x10000e94                irq_add_tail_to_free_list
 .text.irq_init_priorities
                0x10000f48       0x24 CMakeFiles/PicoVCO_R2R.dir/C_/Users/ben/Documents/GitHub/pico-sdk/src/rp2_common/hardware_irq/irq.c.obj
                0x10000f48                irq_init_priorities
 .text.user_irq_claim_unused
                0x10000f6c       0x28 CMakeFiles/PicoVCO_R2R.dir/C_/Users/ben/Documents/GitHub/pico-sdk/src/rp2_common/hardware_irq/irq.c.obj
                0x10000f6c                user_irq_claim_unused
 .text.lock_init
                0x10000f94       0x10 CMakeFiles/PicoVCO_R2R.dir/C_/Users/ben/Documents/GitHub/pico-sdk/src/common/pico_sync/lock_core.c.obj
                0x10000f94                lock_init
 .text.mutex_init
                0x10000fa4       0x1c CMakeFiles/PicoVCO_R2R.dir/C_/Users/ben/Documents/GitHub/pico-sdk/src/common/pico_sync/mutex.c.obj
                0x10000fa4                mutex_init
 .text.recursive_mutex_init
                0x10000fc0       0x1c CMakeFiles/PicoVCO_R2R.dir/C_/Users/ben/Documents/GitHub/pico-sdk/src/common/pico_sync/mutex.c.obj
                0x10000fc0                recursive_mutex_init
 .text.critical_section_init
                0x10000fdc       0x20 CMakeFiles/PicoVCO_R2R.dir/C_/Users/ben/Documents/GitHub/pico-sdk/src/common/pico_sync/critical_section.c.obj
                0x10000fdc                critical_section_init
 .text.critical_section_init_with_lock_num
                0x10000ffc       0x14 CMakeFiles/PicoVCO_R2R.dir/C_/Users/ben/Documents/GitHub/pico-sdk/src/common/pico_sync/critical_section.c.obj
                0x10000ffc                critical_section_init_with_lock_num
 .text.timer_pool_entry_comparator
                0x10001010       0x34 CMakeFiles/PicoVCO_R2R.dir/C_/Users/ben/Documents/GitHub/pico-sdk/src/common/pico_time/time.c.obj
                0x10001010                timer_pool_entry_comparator
 .text.sleep_until_callback
                0x10001044       0x30 CMakeFiles/PicoVCO_R2R.dir/C_/Users/ben/Documents/GitHub/pico-sdk/src/common/pico_time/time.c.obj
 .text.add_alarm_under_lock.isra.0
                0x10001074      0x100 CMakeFiles/PicoVCO_R2R.dir/C_/Users/ben/Documents/GitHub/pico-sdk/src/common/pico_time/time.c.obj
 .text.alarm_pool_alarm_callback
                0x10001174      0x1b8 CMakeFiles/PicoVCO_R2R.dir/C_/Users/ben/Documents/GitHub/pico-sdk/src/common/pico_time/time.c.obj
 .text.alarm_pool_init_default
                0x1000132c       0x6c CMakeFiles/PicoVCO_R2R.dir/C_/Users/ben/Documents/GitHub/pico-sdk/src/common/pico_time/time.c.obj
                0x1000132c                alarm_pool_init_default
 .text.alarm_pool_get_default
                0x10001398        0x8 CMakeFiles/PicoVCO_R2R.dir/C_/Users/ben/Documents/GitHub/pico-sdk/src/common/pico_time/time.c.obj
                0x10001398                alarm_pool_get_default
 .text.alarm_pool_add_alarm_at
                0x100013a0      0x17c CMakeFiles/PicoVCO_R2R.dir/C_/Users/ben/Documents/GitHub/pico-sdk/src/common/pico_time/time.c.obj
                0x100013a0                alarm_pool_add_alarm_at
 .text.alarm_pool_cancel_alarm
                0x1000151c       0x74 CMakeFiles/PicoVCO_R2R.dir/C_/Users/ben/Documents/GitHub/pico-sdk/src/common/pico_time/time.c.obj
                0x1000151c                alarm_pool_cancel_alarm
 .text.alarm_pool_core_num
                0x10001590        0x4 CMakeFiles/PicoVCO_R2R.dir/C_/Users/ben/Documents/GitHub/pico-sdk/src/common/pico_time/time.c.obj
                0x10001590                alarm_pool_core_num
 .text.sleep_until
                0x10001594       0xc4 CMakeFiles/PicoVCO_R2R.dir/C_/Users/ben/Documents/GitHub/pico-sdk/src/common/pico_time/time.c.obj
                0x10001594                sleep_until
 .text.sleep_ms
                0x10001658       0x34 CMakeFiles/PicoVCO_R2R.dir/C_/Users/ben/Documents/GitHub/pico-sdk/src/common/pico_time/time.c.obj
                0x10001658                sleep_ms
 .text.best_effort_wfe_or_timeout
                0x1000168c       0x78 CMakeFiles/PicoVCO_R2R.dir/C_/Users/ben/Documents/GitHub/pico-sdk/src/common/pico_time/time.c.obj
                0x1000168c                best_effort_wfe_or_timeout
 .text.hardware_alarm_irq_handler
                0x10001704       0xbc CMakeFiles/PicoVCO_R2R.dir/C_/Users/ben/Documents/GitHub/pico-sdk/src/rp2_common/hardware_timer/timer.c.obj
 .text.hardware_alarm_claim
                0x100017c0       0x18 CMakeFiles/PicoVCO_R2R.dir/C_/Users/ben/Documents/GitHub/pico-sdk/src/rp2_common/hardware_timer/timer.c.obj
                0x100017c0                hardware_alarm_claim
 .text.time_us_64
                0x100017d8       0x14 CMakeFiles/PicoVCO_R2R.dir/C_/Users/ben/Documents/GitHub/pico-sdk/src/rp2_common/hardware_timer/timer.c.obj
                0x100017d8                time_us_64
 .text.busy_wait_until
                0x100017ec       0x20 CMakeFiles/PicoVCO_R2R.dir/C_/Users/ben/Documents/GitHub/pico-sdk/src/rp2_common/hardware_timer/timer.c.obj
                0x100017ec                busy_wait_until
 .text.hardware_alarm_set_callback
                0x1000180c       0x8c CMakeFiles/PicoVCO_R2R.dir/C_/Users/ben/Documents/GitHub/pico-sdk/src/rp2_common/hardware_timer/timer.c.obj
                0x1000180c                hardware_alarm_set_callback
 .text.hardware_alarm_set_target
                0x10001898       0xe0 CMakeFiles/PicoVCO_R2R.dir/C_/Users/ben/Documents/GitHub/pico-sdk/src/rp2_common/hardware_timer/timer.c.obj
                0x10001898                hardware_alarm_set_target
 .text.hardware_alarm_cancel
                0x10001978       0x3c CMakeFiles/PicoVCO_R2R.dir/C_/Users/ben/Documents/GitHub/pico-sdk/src/rp2_common/hardware_timer/timer.c.obj
                0x10001978                hardware_alarm_cancel
 .text.ph_merge_nodes
                0x100019b4       0x68 CMakeFiles/PicoVCO_R2R.dir/C_/Users/ben/Documents/GitHub/pico-sdk/src/common/pico_util/pheap.c.obj
 .text.ph_post_alloc_init
                0x10001a1c       0x3c CMakeFiles/PicoVCO_R2R.dir/C_/Users/ben/Documents/GitHub/pico-sdk/src/common/pico_util/pheap.c.obj
                0x10001a1c                ph_post_alloc_init
 .text.ph_merge_two_pass
                0x10001a58       0x90 CMakeFiles/PicoVCO_R2R.dir/C_/Users/ben/Documents/GitHub/pico-sdk/src/common/pico_util/pheap.c.obj
                0x10001a58                ph_merge_two_pass
 .text.ph_remove_any_head
                0x10001ae8      0x100 CMakeFiles/PicoVCO_R2R.dir/C_/Users/ben/Documents/GitHub/pico-sdk/src/common/pico_util/pheap.c.obj
 .text.ph_remove_head
                0x10001be8      0x104 CMakeFiles/PicoVCO_R2R.dir/C_/Users/ben/Documents/GitHub/pico-sdk/src/common/pico_util/pheap.c.obj
                0x10001be8                ph_remove_head
 .text.ph_remove_and_free_node
                0x10001cec       0x7c CMakeFiles/PicoVCO_R2R.dir/C_/Users/ben/Documents/GitHub/pico-sdk/src/common/pico_util/pheap.c.obj
                0x10001cec                ph_remove_and_free_node
 .text.clocks_init
                0x10001d68      0x2bc CMakeFiles/PicoVCO_R2R.dir/C_/Users/ben/Documents/GitHub/pico-sdk/src/rp2_common/hardware_clocks/clocks.c.obj
                0x10001d68                clocks_init
 .text.pll_init
                0x10002024       0xb0 CMakeFiles/PicoVCO_R2R.dir/C_/Users/ben/Documents/GitHub/pico-sdk/src/rp2_common/hardware_pll/pll.c.obj
                0x10002024                pll_init
 .text.watchdog_start_tick
                0x100020d4       0x10 CMakeFiles/PicoVCO_R2R.dir/C_/Users/ben/Documents/GitHub/pico-sdk/src/rp2_common/hardware_watchdog/watchdog.c.obj
                0x100020d4                watchdog_start_tick
 .text.watchdog_reboot
                0x100020e4       0x98 CMakeFiles/PicoVCO_R2R.dir/C_/Users/ben/Documents/GitHub/pico-sdk/src/rp2_common/hardware_watchdog/watchdog.c.obj
                0x100020e4                watchdog_reboot
 .text.xosc_init
                0x1000217c       0x28 CMakeFiles/PicoVCO_R2R.dir/C_/Users/ben/Documents/GitHub/pico-sdk/src/rp2_common/hardware_xosc/xosc.c.obj
                0x1000217c                xosc_init
 .text.runtime_init
                0x100021a4       0xf0 CMakeFiles/PicoVCO_R2R.dir/C_/Users/ben/Documents/GitHub/pico-sdk/src/rp2_common/pico_runtime/runtime.c.obj
                0x100021a4                runtime_init
 .text._exit    0x10002294        0x4 CMakeFiles/PicoVCO_R2R.dir/C_/Users/ben/Documents/GitHub/pico-sdk/src/rp2_common/pico_runtime/runtime.c.obj
                0x10002294                _exit
 .text.exit     0x10002298        0x8 CMakeFiles/PicoVCO_R2R.dir/C_/Users/ben/Documents/GitHub/pico-sdk/src/rp2_common/pico_runtime/runtime.c.obj
                0x10002298                exit
 .text.panic    0x100022a0       0x30 CMakeFiles/PicoVCO_R2R.dir/C_/Users/ben/Documents/GitHub/pico-sdk/src/rp2_common/pico_runtime/runtime.c.obj
                0x100022a0                panic
 .text.hard_assertion_failure
                0x100022d0        0xc CMakeFiles/PicoVCO_R2R.dir/C_/Users/ben/Documents/GitHub/pico-sdk/src/rp2_common/pico_runtime/runtime.c.obj
                0x100022d0                hard_assertion_failure
 .text._out_null
                0x100022dc        0x4 CMakeFiles/PicoVCO_R2R.dir/C_/Users/ben/Documents/GitHub/pico-sdk/src/rp2_common/pico_printf/printf.c.obj
 .text._out_rev
                0x100022e0       0x9c CMakeFiles/PicoVCO_R2R.dir/C_/Users/ben/Documents/GitHub/pico-sdk/src/rp2_common/pico_printf/printf.c.obj
 .text._ntoa_format
                0x1000237c      0x1cc CMakeFiles/PicoVCO_R2R.dir/C_/Users/ben/Documents/GitHub/pico-sdk/src/rp2_common/pico_printf/printf.c.obj
 .text._out_char
                0x10002548       0x10 CMakeFiles/PicoVCO_R2R.dir/C_/Users/ben/Documents/GitHub/pico-sdk/src/rp2_common/pico_printf/printf.c.obj
 .text._out_fct
                0x10002558       0x10 CMakeFiles/PicoVCO_R2R.dir/C_/Users/ben/Documents/GitHub/pico-sdk/src/rp2_common/pico_printf/printf.c.obj
 .text._etoa    0x10002568      0x44c CMakeFiles/PicoVCO_R2R.dir/C_/Users/ben/Documents/GitHub/pico-sdk/src/rp2_common/pico_printf/printf.c.obj
 .text._ftoa    0x100029b4      0x398 CMakeFiles/PicoVCO_R2R.dir/C_/Users/ben/Documents/GitHub/pico-sdk/src/rp2_common/pico_printf/printf.c.obj
 .text._vsnprintf
                0x10002d4c      0xb04 CMakeFiles/PicoVCO_R2R.dir/C_/Users/ben/Documents/GitHub/pico-sdk/src/rp2_common/pico_printf/printf.c.obj
 .text.vfctprintf
                0x10003850       0x20 CMakeFiles/PicoVCO_R2R.dir/C_/Users/ben/Documents/GitHub/pico-sdk/src/rp2_common/pico_printf/printf.c.obj
                0x10003850                vfctprintf
 .text.weak_raw_vprintf
                0x10003870       0x30 CMakeFiles/PicoVCO_R2R.dir/C_/Users/ben/Documents/GitHub/pico-sdk/src/rp2_common/pico_printf/printf.c.obj
                0x10003870                weak_raw_vprintf
 .text          0x100038a0       0x10 CMakeFiles/PicoVCO_R2R.dir/C_/Users/ben/Documents/GitHub/pico-sdk/src/rp2_common/pico_bit_ops/bit_ops_aeabi.S.obj
 .text.rom_func_lookup
                0x100038b0       0x10 CMakeFiles/PicoVCO_R2R.dir/C_/Users/ben/Documents/GitHub/pico-sdk/src/rp2_common/pico_bootrom/bootrom.c.obj
                0x100038b0                rom_func_lookup
 .text.rom_data_lookup
                0x100038c0       0x10 CMakeFiles/PicoVCO_R2R.dir/C_/Users/ben/Documents/GitHub/pico-sdk/src/rp2_common/pico_bootrom/bootrom.c.obj
                0x100038c0                rom_data_lookup
 .text.rom_funcs_lookup
                0x100038d0       0x44 CMakeFiles/PicoVCO_R2R.dir/C_/Users/ben/Documents/GitHub/pico-sdk/src/rp2_common/pico_bootrom/bootrom.c.obj
                0x100038d0                rom_funcs_lookup
 .text.__wrap___aeabi_idiv
                0x10003914       0x50 CMakeFiles/PicoVCO_R2R.dir/C_/Users/ben/Documents/GitHub/pico-sdk/src/rp2_common/pico_divider/divider.S.obj
                0x10003914                __wrap___aeabi_idivmod
                0x10003914                divmod_s32s32
                0x10003914                div_s32s32
                0x10003914                __wrap___aeabi_idiv
                0x1000391c                divmod_s32s32_unsafe
                0x10003948                divmod_s32s32_savestate
 .text.__wrap___aeabi_uidiv
                0x10003964       0x4c CMakeFiles/PicoVCO_R2R.dir/C_/Users/ben/Documents/GitHub/pico-sdk/src/rp2_common/pico_divider/divider.S.obj
                0x10003964                __wrap___aeabi_uidiv
                0x10003964                __wrap___aeabi_uidivmod
                0x10003964                div_u32u32
                0x10003964                divmod_u32u32
                0x1000396c                divmod_u32u32_unsafe
                0x10003994                divmod_u32u32_savestate
 .text.__wrap___aeabi_ldiv
                0x100039b0      0x424 CMakeFiles/PicoVCO_R2R.dir/C_/Users/ben/Documents/GitHub/pico-sdk/src/rp2_common/pico_divider/divider.S.obj
                0x100039b0                div_s64s64
                0x100039b0                divmod_s64s64
                0x100039b0                __wrap___aeabi_ldivmod
                0x100039e0                divmod_u64u64
                0x100039e0                div_u64u64
                0x100039e0                __wrap___aeabi_uldivmod
                0x100039f0                divmod_u64u64_savestate
                0x10003a10                divmod_s64s64_unsafe
                0x10003a98                divmod_u64u64_unsafe
 .text.__wrap___aeabi_darithmetic
                0x10003dd4       0x80 CMakeFiles/PicoVCO_R2R.dir/C_/Users/ben/Documents/GitHub/pico-sdk/src/rp2_common/pico_double/double_aeabi.S.obj
                0x10003dd4                __wrap___aeabi_drsub
                0x10003dda                __wrap___aeabi_dsub
                0x10003dec                __wrap___aeabi_dadd
                0x10003dfe                __wrap___aeabi_ddiv
                0x10003e3a                __wrap___aeabi_dmul
 .text.__wrap___aeabi_cdcmple
                0x10003e54       0x6c CMakeFiles/PicoVCO_R2R.dir/C_/Users/ben/Documents/GitHub/pico-sdk/src/rp2_common/pico_double/double_aeabi.S.obj
                0x10003e54                __wrap___aeabi_cdrcmple
                0x10003e64                __wrap___aeabi_cdcmpeq
                0x10003e64                __wrap___aeabi_cdcmple
 .text.__wrap___aeabi_dcmpeq
                0x10003ec0       0x10 CMakeFiles/PicoVCO_R2R.dir/C_/Users/ben/Documents/GitHub/pico-sdk/src/rp2_common/pico_double/double_aeabi.S.obj
                0x10003ec0                __wrap___aeabi_dcmpeq
 .text.__wrap___aeabi_dcmplt
                0x10003ed0        0xc CMakeFiles/PicoVCO_R2R.dir/C_/Users/ben/Documents/GitHub/pico-sdk/src/rp2_common/pico_double/double_aeabi.S.obj
                0x10003ed0                __wrap___aeabi_dcmplt
 .text.__wrap___aeabi_dcmple
                0x10003edc       0x10 CMakeFiles/PicoVCO_R2R.dir/C_/Users/ben/Documents/GitHub/pico-sdk/src/rp2_common/pico_double/double_aeabi.S.obj
                0x10003edc                __wrap___aeabi_dcmple
 .text.__wrap___aeabi_dcmpge
                0x10003eec       0x10 CMakeFiles/PicoVCO_R2R.dir/C_/Users/ben/Documents/GitHub/pico-sdk/src/rp2_common/pico_double/double_aeabi.S.obj
                0x10003eec                __wrap___aeabi_dcmpge
 .text.__wrap___aeabi_dcmpgt
                0x10003efc        0xa CMakeFiles/PicoVCO_R2R.dir/C_/Users/ben/Documents/GitHub/pico-sdk/src/rp2_common/pico_double/double_aeabi.S.obj
                0x10003efc                __wrap___aeabi_dcmpgt
 .text.__wrap___aeabi_dcmpun
                0x10003f06       0x1c CMakeFiles/PicoVCO_R2R.dir/C_/Users/ben/Documents/GitHub/pico-sdk/src/rp2_common/pico_double/double_aeabi.S.obj
                0x10003f06                __wrap___aeabi_dcmpun
 *fill*         0x10003f22        0x2 
 .text.__wrap___aeabi_i2d
                0x10003f24       0x38 CMakeFiles/PicoVCO_R2R.dir/C_/Users/ben/Documents/GitHub/pico-sdk/src/rp2_common/pico_double/double_aeabi.S.obj
                0x10003f24                __wrap___aeabi_ui2d
                0x10003f2c                __wrap___aeabi_i2d
 .text.__wrap___aeabi_d2iz
                0x10003f5c       0x48 CMakeFiles/PicoVCO_R2R.dir/C_/Users/ben/Documents/GitHub/pico-sdk/src/rp2_common/pico_double/double_aeabi.S.obj
                0x10003f5c                double2int_z
                0x10003f5c                __wrap___aeabi_d2iz
 .text.__wrap___aeabi_d2uiz
                0x10003fa4       0x18 CMakeFiles/PicoVCO_R2R.dir/C_/Users/ben/Documents/GitHub/pico-sdk/src/rp2_common/pico_double/double_aeabi.S.obj
                0x10003fa4                __wrap___aeabi_d2uiz
                0x10003fa4                double2uint
 .text.__wrap___aeabi_d2f
                0x10003fbc       0x18 CMakeFiles/PicoVCO_R2R.dir/C_/Users/ben/Documents/GitHub/pico-sdk/src/rp2_common/pico_double/double_aeabi.S.obj
                0x10003fbc                __wrap___aeabi_d2f
 .text.__wrap_exp
                0x10003fd4       0x18 CMakeFiles/PicoVCO_R2R.dir/C_/Users/ben/Documents/GitHub/pico-sdk/src/rp2_common/pico_double/double_aeabi.S.obj
                0x10003fd4                __wrap_exp
 .text.__wrap_log
                0x10003fec       0x18 CMakeFiles/PicoVCO_R2R.dir/C_/Users/ben/Documents/GitHub/pico-sdk/src/rp2_common/pico_double/double_aeabi.S.obj
                0x10003fec                __wrap_log
 .text.__aeabi_double_init
                0x10004004       0x94 CMakeFiles/PicoVCO_R2R.dir/C_/Users/ben/Documents/GitHub/pico-sdk/src/rp2_common/pico_double/double_init_rom.c.obj
                0x10004004                __aeabi_double_init
 .text.dpow_1   0x10004098      0x274 CMakeFiles/PicoVCO_R2R.dir/C_/Users/ben/Documents/GitHub/pico-sdk/src/rp2_common/pico_double/double_math.c.obj
 .text.dpow_int2
                0x1000430c       0xf8 CMakeFiles/PicoVCO_R2R.dir/C_/Users/ben/Documents/GitHub/pico-sdk/src/rp2_common/pico_double/double_math.c.obj
 .text.dpow_0   0x10004404      0x1cc CMakeFiles/PicoVCO_R2R.dir/C_/Users/ben/Documents/GitHub/pico-sdk/src/rp2_common/pico_double/double_math.c.obj
 .text.__wrap_ldexp
                0x100045d0       0x4c CMakeFiles/PicoVCO_R2R.dir/C_/Users/ben/Documents/GitHub/pico-sdk/src/rp2_common/pico_double/double_math.c.obj
                0x100045d0                __wrap_ldexp
 .text.__wrap_round
                0x1000461c       0xa0 CMakeFiles/PicoVCO_R2R.dir/C_/Users/ben/Documents/GitHub/pico-sdk/src/rp2_common/pico_double/double_math.c.obj
                0x1000461c                __wrap_round
 .text.__wrap_exp2
                0x100046bc       0xbc CMakeFiles/PicoVCO_R2R.dir/C_/Users/ben/Documents/GitHub/pico-sdk/src/rp2_common/pico_double/double_math.c.obj
                0x100046bc                __wrap_exp2
 .text.__wrap_pow
                0x10004778      0x314 CMakeFiles/PicoVCO_R2R.dir/C_/Users/ben/Documents/GitHub/pico-sdk/src/rp2_common/pico_double/double_math.c.obj
                0x10004778                __wrap_pow
 .text.double_table_shim_on_use_helper
                0x10004a8c       0x2c CMakeFiles/PicoVCO_R2R.dir/C_/Users/ben/Documents/GitHub/pico-sdk/src/rp2_common/pico_double/double_v1_rom_shim.S.obj
                0x10004a8c                double_table_shim_on_use_helper
 .text.__wrap___aeabi_dsub
                0x10004ab8       0x10 CMakeFiles/PicoVCO_R2R.dir/C_/Users/ben/Documents/GitHub/pico-sdk/src/rp2_common/pico_double/double_v1_rom_shim.S.obj
                0x10004ab8                drsub_shim
                0x10004abe                dsub_shim
 .text.dadd_shim
                0x10004ac8      0x15c CMakeFiles/PicoVCO_R2R.dir/C_/Users/ben/Documents/GitHub/pico-sdk/src/rp2_common/pico_double/double_v1_rom_shim.S.obj
                0x10004ac8                dadd_shim
 .text.dmul_shim
                0x10004c24      0x15c CMakeFiles/PicoVCO_R2R.dir/C_/Users/ben/Documents/GitHub/pico-sdk/src/rp2_common/pico_double/double_v1_rom_shim.S.obj
                0x10004c24                dmul_shim
 .text.ddiv_shim
                0x10004d80      0x1b0 CMakeFiles/PicoVCO_R2R.dir/C_/Users/ben/Documents/GitHub/pico-sdk/src/rp2_common/pico_double/double_v1_rom_shim.S.obj
                0x10004d80                ddiv_shim
 .text.double2uint_shim
                0x10004f30        0xe CMakeFiles/PicoVCO_R2R.dir/C_/Users/ben/Documents/GitHub/pico-sdk/src/rp2_common/pico_double/double_v1_rom_shim.S.obj
                0x10004f30                double2uint_shim
                0x10004f32                double2ufix_shim
 *fill*         0x10004f3e        0x2 
 .text.double2uint64_shim
                0x10004f40       0x70 CMakeFiles/PicoVCO_R2R.dir/C_/Users/ben/Documents/GitHub/pico-sdk/src/rp2_common/pico_double/double_v1_rom_shim.S.obj
                0x10004f40                double2uint64_shim
                0x10004f42                double2ufix64_shim
                0x10004f62                d2fix_a
 .text.double2float_shim
                0x10004fb0       0x5c CMakeFiles/PicoVCO_R2R.dir/C_/Users/ben/Documents/GitHub/pico-sdk/src/rp2_common/pico_double/double_v1_rom_shim.S.obj
                0x10004fb0                double2float_shim
 .text.x2double_shims
                0x1000500c       0x90 CMakeFiles/PicoVCO_R2R.dir/C_/Users/ben/Documents/GitHub/pico-sdk/src/rp2_common/pico_double/double_v1_rom_shim.S.obj
                0x1000500c                uint2double_shim
                0x1000500e                ufix2double_shim
                0x10005014                int2double_shim
                0x10005016                fix2double_shim
                0x1000501c                uint642double_shim
                0x1000501e                ufix642double_shim
                0x10005024                int642double_shim
                0x10005026                fix642double_shim
 .text.dunpacks
                0x1000509c       0x3c CMakeFiles/PicoVCO_R2R.dir/C_/Users/ben/Documents/GitHub/pico-sdk/src/rp2_common/pico_double/double_v1_rom_shim.S.obj
                0x1000509c                dunpacks
 .text.dreduce  0x100050d8       0x82 CMakeFiles/PicoVCO_R2R.dir/C_/Users/ben/Documents/GitHub/pico-sdk/src/rp2_common/pico_double/double_v1_rom_shim.S.obj
                0x100050d8                dreduce
 *fill*         0x1000515a        0x2 
 .text.dexp_guts
                0x1000515c      0x268 CMakeFiles/PicoVCO_R2R.dir/C_/Users/ben/Documents/GitHub/pico-sdk/src/rp2_common/pico_double/double_v1_rom_shim.S.obj
                0x1000515c                dexp_shim
                0x100051f8                dln_shim
 .text.__aeabi_lmul
                0x100053c4       0x32 CMakeFiles/PicoVCO_R2R.dir/C_/Users/ben/Documents/GitHub/pico-sdk/src/rp2_common/pico_int64_ops/pico_int64_ops_aeabi.S.obj
                0x100053c4                __wrap___aeabi_lmul
 *fill*         0x100053f6        0x2 
 .text.__wrap___aeabi_farithmetic
                0x100053f8       0x48 CMakeFiles/PicoVCO_R2R.dir/C_/Users/ben/Documents/GitHub/pico-sdk/src/rp2_common/pico_float/float_aeabi.S.obj
                0x100053f8                __wrap___aeabi_frsub
                0x100053fe                __wrap___aeabi_fsub
                0x10005404                __wrap___aeabi_fadd
                0x1000540a                __wrap___aeabi_fdiv
                0x10005432                __wrap___aeabi_fmul
 .text.__wrap___aeabi_ui2f
                0x10005440        0xa CMakeFiles/PicoVCO_R2R.dir/C_/Users/ben/Documents/GitHub/pico-sdk/src/rp2_common/pico_float/float_aeabi.S.obj
                0x10005440                __wrap___aeabi_ui2f
 *fill*         0x1000544a        0x2 
 .text.__wrap___aeabi_i2f
                0x1000544c       0x44 CMakeFiles/PicoVCO_R2R.dir/C_/Users/ben/Documents/GitHub/pico-sdk/src/rp2_common/pico_float/float_aeabi.S.obj
                0x1000544c                __wrap___aeabi_i2f
 .text.__wrap___aeabi_f2iz
                0x10005490       0x4e CMakeFiles/PicoVCO_R2R.dir/C_/Users/ben/Documents/GitHub/pico-sdk/src/rp2_common/pico_float/float_aeabi.S.obj
                0x10005490                float2int_z
                0x10005490                __wrap___aeabi_f2iz
 *fill*         0x100054de        0x2 
 .text.float2int
                0x100054e0       0x14 CMakeFiles/PicoVCO_R2R.dir/C_/Users/ben/Documents/GitHub/pico-sdk/src/rp2_common/pico_float/float_aeabi.S.obj
                0x100054e0                float2int
 .text.__wrap___aeabi_f2uiz
                0x100054f4        0xc CMakeFiles/PicoVCO_R2R.dir/C_/Users/ben/Documents/GitHub/pico-sdk/src/rp2_common/pico_float/float_aeabi.S.obj
                0x100054f4                __wrap___aeabi_f2uiz
 .text.__wrap___aeabi_f2d
                0x10005500       0x14 CMakeFiles/PicoVCO_R2R.dir/C_/Users/ben/Documents/GitHub/pico-sdk/src/rp2_common/pico_float/float_aeabi.S.obj
                0x10005500                __wrap___aeabi_f2d
 .text.__aeabi_float_init
                0x10005514       0x64 CMakeFiles/PicoVCO_R2R.dir/C_/Users/ben/Documents/GitHub/pico-sdk/src/rp2_common/pico_float/float_init_rom.c.obj
                0x10005514                __aeabi_float_init
 .text.float_table_shim_on_use_helper
                0x10005578       0x2c CMakeFiles/PicoVCO_R2R.dir/C_/Users/ben/Documents/GitHub/pico-sdk/src/rp2_common/pico_float/float_v1_rom_shim.S.obj
                0x10005578                float_table_shim_on_use_helper
 .text.float232_shims
                0x100055a4       0x18 CMakeFiles/PicoVCO_R2R.dir/C_/Users/ben/Documents/GitHub/pico-sdk/src/rp2_common/pico_float/float_v1_rom_shim.S.obj
                0x100055a4                float2int_shim
                0x100055a6                float2fix_shim
 .text.float2double_shim
                0x100055bc       0x30 CMakeFiles/PicoVCO_R2R.dir/C_/Users/ben/Documents/GitHub/pico-sdk/src/rp2_common/pico_float/float_v1_rom_shim.S.obj
                0x100055bc                float2double_shim
 .text          0x100055ec       0x10 CMakeFiles/PicoVCO_R2R.dir/C_/Users/ben/Documents/GitHub/pico-sdk/src/rp2_common/pico_mem_ops/mem_ops_aeabi.S.obj
                0x100055ec                __aeabi_mem_init
 .text.memset   0x100055fc        0xc CMakeFiles/PicoVCO_R2R.dir/C_/Users/ben/Documents/GitHub/pico-sdk/src/rp2_common/pico_mem_ops/mem_ops_aeabi.S.obj
                0x100055fc                __wrap_memset
 .text.memcpy   0x10005608        0xc CMakeFiles/PicoVCO_R2R.dir/C_/Users/ben/Documents/GitHub/pico-sdk/src/rp2_common/pico_mem_ops/mem_ops_aeabi.S.obj
                0x10005608                __wrap_memcpy
                0x10005608                __wrap___aeabi_memcpy
 .text.stdio_out_chars_no_crlf
                0x10005614       0x10 CMakeFiles/PicoVCO_R2R.dir/C_/Users/ben/Documents/GitHub/pico-sdk/src/rp2_common/pico_stdio/stdio.c.obj
 .text.stdio_out_chars_crlf
                0x10005624       0xb4 CMakeFiles/PicoVCO_R2R.dir/C_/Users/ben/Documents/GitHub/pico-sdk/src/rp2_common/pico_stdio/stdio.c.obj
 .text.stdio_buffered_printer
                0x100056d8       0x64 CMakeFiles/PicoVCO_R2R.dir/C_/Users/ben/Documents/GitHub/pico-sdk/src/rp2_common/pico_stdio/stdio.c.obj
 .text.stdio_put_string.isra.0
                0x1000573c       0xfc CMakeFiles/PicoVCO_R2R.dir/C_/Users/ben/Documents/GitHub/pico-sdk/src/rp2_common/pico_stdio/stdio.c.obj
 .text.__wrap_putchar
                0x10005838       0x98 CMakeFiles/PicoVCO_R2R.dir/C_/Users/ben/Documents/GitHub/pico-sdk/src/rp2_common/pico_stdio/stdio.c.obj
                0x10005838                __wrap_putchar
 .text.__wrap_puts
                0x100058d0       0x3c CMakeFiles/PicoVCO_R2R.dir/C_/Users/ben/Documents/GitHub/pico-sdk/src/rp2_common/pico_stdio/stdio.c.obj
                0x100058d0                __wrap_puts
 .text.stdio_set_driver_enabled
                0x1000590c       0x30 CMakeFiles/PicoVCO_R2R.dir/C_/Users/ben/Documents/GitHub/pico-sdk/src/rp2_common/pico_stdio/stdio.c.obj
                0x1000590c                stdio_set_driver_enabled
 .text.__wrap_vprintf
                0x1000593c       0xd8 CMakeFiles/PicoVCO_R2R.dir/C_/Users/ben/Documents/GitHub/pico-sdk/src/rp2_common/pico_stdio/stdio.c.obj
                0x1000593c                __wrap_vprintf
 .text.__wrap_printf
                0x10005a14       0x18 CMakeFiles/PicoVCO_R2R.dir/C_/Users/ben/Documents/GitHub/pico-sdk/src/rp2_common/pico_stdio/stdio.c.obj
                0x10005a14                __wrap_printf
 .text.stdio_init_all
                0x10005a2c        0x8 CMakeFiles/PicoVCO_R2R.dir/C_/Users/ben/Documents/GitHub/pico-sdk/src/rp2_common/pico_stdio/stdio.c.obj
                0x10005a2c                stdio_init_all
 .text.resetd_init
                0x10005a34        0x4 CMakeFiles/PicoVCO_R2R.dir/C_/Users/ben/Documents/GitHub/pico-sdk/src/rp2_common/pico_stdio_usb/reset_interface.c.obj
 .text.resetd_reset
                0x10005a38        0xc CMakeFiles/PicoVCO_R2R.dir/C_/Users/ben/Documents/GitHub/pico-sdk/src/rp2_common/pico_stdio_usb/reset_interface.c.obj
 .text.resetd_open
                0x10005a44       0x28 CMakeFiles/PicoVCO_R2R.dir/C_/Users/ben/Documents/GitHub/pico-sdk/src/rp2_common/pico_stdio_usb/reset_interface.c.obj
 .text.resetd_xfer_cb
                0x10005a6c        0x4 CMakeFiles/PicoVCO_R2R.dir/C_/Users/ben/Documents/GitHub/pico-sdk/src/rp2_common/pico_stdio_usb/reset_interface.c.obj
 .text.resetd_control_xfer_cb
                0x10005a70       0x64 CMakeFiles/PicoVCO_R2R.dir/C_/Users/ben/Documents/GitHub/pico-sdk/src/rp2_common/pico_stdio_usb/reset_interface.c.obj
 .text.usbd_app_driver_get_cb
                0x10005ad4        0xc CMakeFiles/PicoVCO_R2R.dir/C_/Users/ben/Documents/GitHub/pico-sdk/src/rp2_common/pico_stdio_usb/reset_interface.c.obj
                0x10005ad4                usbd_app_driver_get_cb
 .text.tud_cdc_line_coding_cb
                0x10005ae0       0x34 CMakeFiles/PicoVCO_R2R.dir/C_/Users/ben/Documents/GitHub/pico-sdk/src/rp2_common/pico_stdio_usb/reset_interface.c.obj
                0x10005ae0                tud_cdc_line_coding_cb
 .text.stdio_usb_set_chars_available_callback
                0x10005b14       0x14 CMakeFiles/PicoVCO_R2R.dir/C_/Users/ben/Documents/GitHub/pico-sdk/src/rp2_common/pico_stdio_usb/stdio_usb.c.obj
                0x10005b14                stdio_usb_set_chars_available_callback
 .text.usb_irq  0x10005b28       0x10 CMakeFiles/PicoVCO_R2R.dir/C_/Users/ben/Documents/GitHub/pico-sdk/src/rp2_common/pico_stdio_usb/stdio_usb.c.obj
 .text.timer_task
                0x10005b38       0x54 CMakeFiles/PicoVCO_R2R.dir/C_/Users/ben/Documents/GitHub/pico-sdk/src/rp2_common/pico_stdio_usb/stdio_usb.c.obj
 .text.stdio_usb_in_chars
                0x10005b8c       0x90 CMakeFiles/PicoVCO_R2R.dir/C_/Users/ben/Documents/GitHub/pico-sdk/src/rp2_common/pico_stdio_usb/stdio_usb.c.obj
                0x10005b8c                stdio_usb_in_chars
 .text.stdio_usb_out_chars
                0x10005c1c      0x100 CMakeFiles/PicoVCO_R2R.dir/C_/Users/ben/Documents/GitHub/pico-sdk/src/rp2_common/pico_stdio_usb/stdio_usb.c.obj
 .text.low_priority_worker_irq
                0x10005d1c       0xa8 CMakeFiles/PicoVCO_R2R.dir/C_/Users/ben/Documents/GitHub/pico-sdk/src/rp2_common/pico_stdio_usb/stdio_usb.c.obj
 .text.tud_cdc_rx_cb
                0x10005dc4       0x20 CMakeFiles/PicoVCO_R2R.dir/C_/Users/ben/Documents/GitHub/pico-sdk/src/rp2_common/pico_stdio_usb/stdio_usb.c.obj
                0x10005dc4                tud_cdc_rx_cb
 .text.stdio_usb_init
                0x10005de4       0xdc CMakeFiles/PicoVCO_R2R.dir/C_/Users/ben/Documents/GitHub/pico-sdk/src/rp2_common/pico_stdio_usb/stdio_usb.c.obj
                0x10005de4                stdio_usb_init
 .text.tud_descriptor_device_cb
                0x10005ec0        0x8 CMakeFiles/PicoVCO_R2R.dir/C_/Users/ben/Documents/GitHub/pico-sdk/src/rp2_common/pico_stdio_usb/stdio_usb_descriptors.c.obj
                0x10005ec0                tud_descriptor_device_cb
 .text.tud_descriptor_configuration_cb
                0x10005ec8        0x8 CMakeFiles/PicoVCO_R2R.dir/C_/Users/ben/Documents/GitHub/pico-sdk/src/rp2_common/pico_stdio_usb/stdio_usb_descriptors.c.obj
                0x10005ec8                tud_descriptor_configuration_cb
 .text.tud_descriptor_string_cb
                0x10005ed0       0x74 CMakeFiles/PicoVCO_R2R.dir/C_/Users/ben/Documents/GitHub/pico-sdk/src/rp2_common/pico_stdio_usb/stdio_usb_descriptors.c.obj
                0x10005ed0                tud_descriptor_string_cb
 .text.startup._retrieve_unique_id_on_boot
                0x10005f44       0x10 CMakeFiles/PicoVCO_R2R.dir/C_/Users/ben/Documents/GitHub/pico-sdk/src/rp2_common/pico_unique_id/unique_id.c.obj
 .text.pico_get_unique_board_id_string
                0x10005f54      0x1a8 CMakeFiles/PicoVCO_R2R.dir/C_/Users/ben/Documents/GitHub/pico-sdk/src/rp2_common/pico_unique_id/unique_id.c.obj
                0x10005f54                pico_get_unique_board_id_string
 .text.flash_get_unique_id
                0x100060fc       0x40 CMakeFiles/PicoVCO_R2R.dir/C_/Users/ben/Documents/GitHub/pico-sdk/src/rp2_common/hardware_flash/flash.c.obj
                0x100060fc                flash_get_unique_id
 .text.dcd_int_enable
                0x1000613c        0xc CMakeFiles/PicoVCO_R2R.dir/C_/Users/ben/Documents/GitHub/pico-sdk/lib/tinyusb/src/portable/raspberrypi/rp2040/dcd_rp2040.c.obj
                0x1000613c                dcd_int_enable
 .text.dcd_set_address
                0x10006148       0x14 CMakeFiles/PicoVCO_R2R.dir/C_/Users/ben/Documents/GitHub/pico-sdk/lib/tinyusb/src/portable/raspberrypi/rp2040/dcd_rp2040.c.obj
                0x10006148                dcd_set_address
 .text.dcd_connect
                0x1000615c       0x10 CMakeFiles/PicoVCO_R2R.dir/C_/Users/ben/Documents/GitHub/pico-sdk/lib/tinyusb/src/portable/raspberrypi/rp2040/dcd_rp2040.c.obj
                0x1000615c                dcd_connect
 .text.dcd_init
                0x1000616c       0x98 CMakeFiles/PicoVCO_R2R.dir/C_/Users/ben/Documents/GitHub/pico-sdk/lib/tinyusb/src/portable/raspberrypi/rp2040/dcd_rp2040.c.obj
                0x1000616c                dcd_init
 .text.dcd_edpt0_status_complete
                0x10006204       0x1c CMakeFiles/PicoVCO_R2R.dir/C_/Users/ben/Documents/GitHub/pico-sdk/lib/tinyusb/src/portable/raspberrypi/rp2040/dcd_rp2040.c.obj
                0x10006204                dcd_edpt0_status_complete
 .text.dcd_edpt_open
                0x10006220      0x108 CMakeFiles/PicoVCO_R2R.dir/C_/Users/ben/Documents/GitHub/pico-sdk/lib/tinyusb/src/portable/raspberrypi/rp2040/dcd_rp2040.c.obj
                0x10006220                dcd_edpt_open
 .text.dcd_edpt_close_all
                0x10006328        0x8 CMakeFiles/PicoVCO_R2R.dir/C_/Users/ben/Documents/GitHub/pico-sdk/lib/tinyusb/src/portable/raspberrypi/rp2040/dcd_rp2040.c.obj
                0x10006328                dcd_edpt_close_all
 .text.dcd_edpt_xfer
                0x10006330       0x24 CMakeFiles/PicoVCO_R2R.dir/C_/Users/ben/Documents/GitHub/pico-sdk/lib/tinyusb/src/portable/raspberrypi/rp2040/dcd_rp2040.c.obj
                0x10006330                dcd_edpt_xfer
 .text.dcd_edpt_stall
                0x10006354       0x38 CMakeFiles/PicoVCO_R2R.dir/C_/Users/ben/Documents/GitHub/pico-sdk/lib/tinyusb/src/portable/raspberrypi/rp2040/dcd_rp2040.c.obj
                0x10006354                dcd_edpt_stall
 .text.dcd_edpt_clear_stall
                0x1000638c       0x30 CMakeFiles/PicoVCO_R2R.dir/C_/Users/ben/Documents/GitHub/pico-sdk/lib/tinyusb/src/portable/raspberrypi/rp2040/dcd_rp2040.c.obj
                0x1000638c                dcd_edpt_clear_stall
 .text.rp2040_usb_init
                0x100063bc       0x4c CMakeFiles/PicoVCO_R2R.dir/C_/Users/ben/Documents/GitHub/pico-sdk/lib/tinyusb/src/portable/raspberrypi/rp2040/rp2040_usb.c.obj
                0x100063bc                rp2040_usb_init
 .text.hw_endpoint_xfer_start
                0x10006408       0x50 CMakeFiles/PicoVCO_R2R.dir/C_/Users/ben/Documents/GitHub/pico-sdk/lib/tinyusb/src/portable/raspberrypi/rp2040/rp2040_usb.c.obj
                0x10006408                hw_endpoint_xfer_start
 .text.tud_mounted
                0x10006458       0x10 CMakeFiles/PicoVCO_R2R.dir/C_/Users/ben/Documents/GitHub/pico-sdk/lib/tinyusb/src/device/usbd.c.obj
                0x10006458                tud_mounted
 .text.tud_suspended
                0x10006468       0x10 CMakeFiles/PicoVCO_R2R.dir/C_/Users/ben/Documents/GitHub/pico-sdk/lib/tinyusb/src/device/usbd.c.obj
                0x10006468                tud_suspended
 .text.tud_inited
                0x10006478       0x14 CMakeFiles/PicoVCO_R2R.dir/C_/Users/ben/Documents/GitHub/pico-sdk/lib/tinyusb/src/device/usbd.c.obj
                0x10006478                tud_inited
 .text.tud_init
                0x1000648c       0xe4 CMakeFiles/PicoVCO_R2R.dir/C_/Users/ben/Documents/GitHub/pico-sdk/lib/tinyusb/src/device/usbd.c.obj
                0x1000648c                tud_init
 .text.tud_task_ext
                0x10006570      0x854 CMakeFiles/PicoVCO_R2R.dir/C_/Users/ben/Documents/GitHub/pico-sdk/lib/tinyusb/src/device/usbd.c.obj
                0x10006570                tud_task_ext
 .text.usbd_open_edpt_pair
                0x10006dc4       0x9c CMakeFiles/PicoVCO_R2R.dir/C_/Users/ben/Documents/GitHub/pico-sdk/lib/tinyusb/src/device/usbd.c.obj
                0x10006dc4                usbd_open_edpt_pair
 .text.usbd_defer_func
                0x10006e60       0x48 CMakeFiles/PicoVCO_R2R.dir/C_/Users/ben/Documents/GitHub/pico-sdk/lib/tinyusb/src/device/usbd.c.obj
                0x10006e60                usbd_defer_func
 .text.usbd_edpt_open
                0x10006ea8       0x34 CMakeFiles/PicoVCO_R2R.dir/C_/Users/ben/Documents/GitHub/pico-sdk/lib/tinyusb/src/device/usbd.c.obj
                0x10006ea8                usbd_edpt_open
 .text.usbd_edpt_claim
                0x10006edc       0x28 CMakeFiles/PicoVCO_R2R.dir/C_/Users/ben/Documents/GitHub/pico-sdk/lib/tinyusb/src/device/usbd.c.obj
                0x10006edc                usbd_edpt_claim
 .text.usbd_edpt_release
                0x10006f04       0x28 CMakeFiles/PicoVCO_R2R.dir/C_/Users/ben/Documents/GitHub/pico-sdk/lib/tinyusb/src/device/usbd.c.obj
                0x10006f04                usbd_edpt_release
 .text.usbd_edpt_xfer
                0x10006f2c       0x4c CMakeFiles/PicoVCO_R2R.dir/C_/Users/ben/Documents/GitHub/pico-sdk/lib/tinyusb/src/device/usbd.c.obj
                0x10006f2c                usbd_edpt_xfer
 .text.tud_control_status
                0x10006f78       0x30 CMakeFiles/PicoVCO_R2R.dir/C_/Users/ben/Documents/GitHub/pico-sdk/lib/tinyusb/src/device/usbd_control.c.obj
                0x10006f78                tud_control_status
 .text.tud_control_xfer
                0x10006fa8       0xbc CMakeFiles/PicoVCO_R2R.dir/C_/Users/ben/Documents/GitHub/pico-sdk/lib/tinyusb/src/device/usbd_control.c.obj
                0x10006fa8                tud_control_xfer
 .text.usbd_control_reset
                0x10007064       0x14 CMakeFiles/PicoVCO_R2R.dir/C_/Users/ben/Documents/GitHub/pico-sdk/lib/tinyusb/src/device/usbd_control.c.obj
                0x10007064                usbd_control_reset
 .text.usbd_control_set_complete_callback
                0x10007078        0xc CMakeFiles/PicoVCO_R2R.dir/C_/Users/ben/Documents/GitHub/pico-sdk/lib/tinyusb/src/device/usbd_control.c.obj
                0x10007078                usbd_control_set_complete_callback
 .text.usbd_control_set_request
                0x10007084       0x1c CMakeFiles/PicoVCO_R2R.dir/C_/Users/ben/Documents/GitHub/pico-sdk/lib/tinyusb/src/device/usbd_control.c.obj
                0x10007084                usbd_control_set_request
 .text.usbd_control_xfer_cb
                0x100070a0       0xfc CMakeFiles/PicoVCO_R2R.dir/C_/Users/ben/Documents/GitHub/pico-sdk/lib/tinyusb/src/device/usbd_control.c.obj
                0x100070a0                usbd_control_xfer_cb
 .text.tud_cdc_n_connected
                0x1000719c       0x30 CMakeFiles/PicoVCO_R2R.dir/C_/Users/ben/Documents/GitHub/pico-sdk/lib/tinyusb/src/class/cdc/cdc_device.c.obj
                0x1000719c                tud_cdc_n_connected
 .text.tud_cdc_n_available
                0x100071cc       0x18 CMakeFiles/PicoVCO_R2R.dir/C_/Users/ben/Documents/GitHub/pico-sdk/lib/tinyusb/src/class/cdc/cdc_device.c.obj
                0x100071cc                tud_cdc_n_available
 .text.tud_cdc_n_read
                0x100071e4       0x70 CMakeFiles/PicoVCO_R2R.dir/C_/Users/ben/Documents/GitHub/pico-sdk/lib/tinyusb/src/class/cdc/cdc_device.c.obj
                0x100071e4                tud_cdc_n_read
 .text.tud_cdc_n_write_flush
                0x10007254       0x78 CMakeFiles/PicoVCO_R2R.dir/C_/Users/ben/Documents/GitHub/pico-sdk/lib/tinyusb/src/class/cdc/cdc_device.c.obj
                0x10007254                tud_cdc_n_write_flush
 .text.tud_cdc_n_write
                0x100072cc       0x34 CMakeFiles/PicoVCO_R2R.dir/C_/Users/ben/Documents/GitHub/pico-sdk/lib/tinyusb/src/class/cdc/cdc_device.c.obj
                0x100072cc                tud_cdc_n_write
 .text.tud_cdc_n_write_available
                0x10007300       0x18 CMakeFiles/PicoVCO_R2R.dir/C_/Users/ben/Documents/GitHub/pico-sdk/lib/tinyusb/src/class/cdc/cdc_device.c.obj
                0x10007300                tud_cdc_n_write_available
 .text.cdcd_init
                0x10007318       0x7c CMakeFiles/PicoVCO_R2R.dir/C_/Users/ben/Documents/GitHub/pico-sdk/lib/tinyusb/src/class/cdc/cdc_device.c.obj
                0x10007318                cdcd_init
 .text.cdcd_reset
                0x10007394       0x2c CMakeFiles/PicoVCO_R2R.dir/C_/Users/ben/Documents/GitHub/pico-sdk/lib/tinyusb/src/class/cdc/cdc_device.c.obj
                0x10007394                cdcd_reset
 .text.cdcd_open
                0x100073c0       0xe8 CMakeFiles/PicoVCO_R2R.dir/C_/Users/ben/Documents/GitHub/pico-sdk/lib/tinyusb/src/class/cdc/cdc_device.c.obj
                0x100073c0                cdcd_open
 .text.cdcd_control_xfer_cb
                0x100074a8       0xe4 CMakeFiles/PicoVCO_R2R.dir/C_/Users/ben/Documents/GitHub/pico-sdk/lib/tinyusb/src/class/cdc/cdc_device.c.obj
                0x100074a8                cdcd_control_xfer_cb
 .text.cdcd_xfer_cb
                0x1000758c      0x148 CMakeFiles/PicoVCO_R2R.dir/C_/Users/ben/Documents/GitHub/pico-sdk/lib/tinyusb/src/class/cdc/cdc_device.c.obj
                0x1000758c                cdcd_xfer_cb
 .text.tusb_init
                0x100076d4        0xc CMakeFiles/PicoVCO_R2R.dir/C_/Users/ben/Documents/GitHub/pico-sdk/lib/tinyusb/src/tusb.c.obj
                0x100076d4                tusb_init
 .text.tusb_inited
                0x100076e0        0x8 CMakeFiles/PicoVCO_R2R.dir/C_/Users/ben/Documents/GitHub/pico-sdk/lib/tinyusb/src/tusb.c.obj
                0x100076e0                tusb_inited
 .text.tu_edpt_claim
                0x100076e8       0x50 CMakeFiles/PicoVCO_R2R.dir/C_/Users/ben/Documents/GitHub/pico-sdk/lib/tinyusb/src/tusb.c.obj
                0x100076e8                tu_edpt_claim
 .text.tu_edpt_release
                0x10007738       0x38 CMakeFiles/PicoVCO_R2R.dir/C_/Users/ben/Documents/GitHub/pico-sdk/lib/tinyusb/src/tusb.c.obj
                0x10007738                tu_edpt_release
 .text.tu_edpt_validate
                0x10007770       0x78 CMakeFiles/PicoVCO_R2R.dir/C_/Users/ben/Documents/GitHub/pico-sdk/lib/tinyusb/src/tusb.c.obj
                0x10007770                tu_edpt_validate
 .text.tu_edpt_bind_driver
                0x100077e8       0x34 CMakeFiles/PicoVCO_R2R.dir/C_/Users/ben/Documents/GitHub/pico-sdk/lib/tinyusb/src/tusb.c.obj
                0x100077e8                tu_edpt_bind_driver
 .text.tu_fifo_config
                0x1000781c       0x70 CMakeFiles/PicoVCO_R2R.dir/C_/Users/ben/Documents/GitHub/pico-sdk/lib/tinyusb/src/common/tusb_fifo.c.obj
                0x1000781c                tu_fifo_config
 .text.tu_fifo_count
                0x1000788c       0x2c CMakeFiles/PicoVCO_R2R.dir/C_/Users/ben/Documents/GitHub/pico-sdk/lib/tinyusb/src/common/tusb_fifo.c.obj
                0x1000788c                tu_fifo_count
 .text.tu_fifo_empty
                0x100078b8       0x10 CMakeFiles/PicoVCO_R2R.dir/C_/Users/ben/Documents/GitHub/pico-sdk/lib/tinyusb/src/common/tusb_fifo.c.obj
                0x100078b8                tu_fifo_empty
 .text.tu_fifo_remaining
                0x100078c8       0x2c CMakeFiles/PicoVCO_R2R.dir/C_/Users/ben/Documents/GitHub/pico-sdk/lib/tinyusb/src/common/tusb_fifo.c.obj
                0x100078c8                tu_fifo_remaining
 .text.tu_fifo_read
                0x100078f4       0xa0 CMakeFiles/PicoVCO_R2R.dir/C_/Users/ben/Documents/GitHub/pico-sdk/lib/tinyusb/src/common/tusb_fifo.c.obj
                0x100078f4                tu_fifo_read
 .text.tu_fifo_read_n
                0x10007994       0xec CMakeFiles/PicoVCO_R2R.dir/C_/Users/ben/Documents/GitHub/pico-sdk/lib/tinyusb/src/common/tusb_fifo.c.obj
                0x10007994                tu_fifo_read_n
 .text.tu_fifo_write
                0x10007a80       0x88 CMakeFiles/PicoVCO_R2R.dir/C_/Users/ben/Documents/GitHub/pico-sdk/lib/tinyusb/src/common/tusb_fifo.c.obj
                0x10007a80                tu_fifo_write
 .text.tu_fifo_write_n
                0x10007b08      0x168 CMakeFiles/PicoVCO_R2R.dir/C_/Users/ben/Documents/GitHub/pico-sdk/lib/tinyusb/src/common/tusb_fifo.c.obj
                0x10007b08                tu_fifo_write_n
 .text.tu_fifo_clear
                0x10007c70       0x40 CMakeFiles/PicoVCO_R2R.dir/C_/Users/ben/Documents/GitHub/pico-sdk/lib/tinyusb/src/common/tusb_fifo.c.obj
                0x10007c70                tu_fifo_clear
 .text.tu_fifo_set_overwritable
                0x10007cb0       0x48 CMakeFiles/PicoVCO_R2R.dir/C_/Users/ben/Documents/GitHub/pico-sdk/lib/tinyusb/src/common/tusb_fifo.c.obj
                0x10007cb0                tu_fifo_set_overwritable
 .text.pio_claim_unused_sm
                0x10007cf8       0x3c CMakeFiles/PicoVCO_R2R.dir/C_/Users/ben/Documents/GitHub/pico-sdk/src/rp2_common/hardware_pio/pio.c.obj
                0x10007cf8                pio_claim_unused_sm
 .text.pio_add_program
                0x10007d34       0xc8 CMakeFiles/PicoVCO_R2R.dir/C_/Users/ben/Documents/GitHub/pico-sdk/src/rp2_common/hardware_pio/pio.c.obj
                0x10007d34                pio_add_program
 .text.pio_sm_set_consecutive_pindirs
                0x10007dfc       0xb0 CMakeFiles/PicoVCO_R2R.dir/C_/Users/ben/Documents/GitHub/pico-sdk/src/rp2_common/hardware_pio/pio.c.obj
                0x10007dfc                pio_sm_set_consecutive_pindirs
 .text.pio_sm_init
                0x10007eac       0x8c CMakeFiles/PicoVCO_R2R.dir/C_/Users/ben/Documents/GitHub/pico-sdk/src/rp2_common/hardware_pio/pio.c.obj
                0x10007eac                pio_sm_init
 .text.core1_trampoline
                0x10007f38        0x4 CMakeFiles/PicoVCO_R2R.dir/C_/Users/ben/Documents/GitHub/pico-sdk/src/rp2_common/pico_multicore/multicore.c.obj
 .text.core1_wrapper
                0x10007f3c        0xc CMakeFiles/PicoVCO_R2R.dir/C_/Users/ben/Documents/GitHub/pico-sdk/src/rp2_common/pico_multicore/multicore.c.obj
                0x10007f3c                core1_wrapper
 .text.multicore_launch_core1_raw
                0x10007f48       0x84 CMakeFiles/PicoVCO_R2R.dir/C_/Users/ben/Documents/GitHub/pico-sdk/src/rp2_common/pico_multicore/multicore.c.obj
                0x10007f48                multicore_launch_core1_raw
 .text.multicore_launch_core1
                0x10007fcc       0x4c CMakeFiles/PicoVCO_R2R.dir/C_/Users/ben/Documents/GitHub/pico-sdk/src/rp2_common/pico_multicore/multicore.c.obj
                0x10007fcc                multicore_launch_core1
 .text.adc_init
                0x10008018       0x38 CMakeFiles/PicoVCO_R2R.dir/C_/Users/ben/Documents/GitHub/pico-sdk/src/rp2_common/hardware_adc/adc.c.obj
                0x10008018                adc_init
 .text.strlen   0x10008050       0x5c c:/progra~2/gnuarm~1/102020~1/bin/../lib/gcc/arm-none-eabi/10.2.1/../../../../arm-none-eabi/lib/thumb/v6-m/nofp\libc.a(lib_a-strlen-stub.o)
                0x10008050                strlen
 *(.fini)
 .fini          0x100080ac        0x4 c:/progra~2/gnuarm~1/102020~1/bin/../lib/gcc/arm-none-eabi/10.2.1/thumb/v6-m/nofp/crti.o
                0x100080ac                _fini
 .fini.__stub   0x100080b0       0xd0 linker stubs
 *crtbegin.o(.ctors)
 *crtbegin?.o(.ctors)
 *(EXCLUDE_FILE(*crtend.o *crtend?.o) .ctors)
 *(SORT_BY_NAME(.ctors.*))
 *(.ctors)
 *crtbegin.o(.dtors)
 *crtbegin?.o(.dtors)
 *(EXCLUDE_FILE(*crtend.o *crtend?.o) .dtors)
 *(SORT_BY_NAME(.dtors.*))
 *(.dtors)
 *(.eh_frame*)
 .eh_frame      0x10008180        0x0 c:/progra~2/gnuarm~1/102020~1/bin/../lib/gcc/arm-none-eabi/10.2.1/thumb/v6-m/nofp/crtbegin.o
                0x10008180                . = ALIGN (0x4)

.glue_7         0x10008180        0x0
 .glue_7        0x10008180        0x0 linker stubs

.glue_7t        0x10008180        0x0
 .glue_7t       0x10008180        0x0 linker stubs

.vfp11_veneer   0x10008180        0x0
 .vfp11_veneer  0x10008180        0x0 linker stubs

.v4_bx          0x10008180        0x0
 .v4_bx         0x10008180        0x0 linker stubs

.iplt           0x10008180        0x0
 .iplt          0x10008180        0x0 c:/progra~2/gnuarm~1/102020~1/bin/../lib/gcc/arm-none-eabi/10.2.1/thumb/v6-m/nofp/crtbegin.o

.rodata         0x10008180      0x5b0
 *(EXCLUDE_FILE(*libm.a: *libc.a:*lib_a-mem*.o *libgcc.a:) .rodata*)
 .rodata.scale_wave.str1.4
                0x10008180       0x18 CMakeFiles/PicoVCO_R2R.dir/PicoVCO_R2R.c.obj
 .rodata.main.str1.4
                0x10008198       0x34 CMakeFiles/PicoVCO_R2R.dir/PicoVCO_R2R.c.obj
 .rodata.eightbit_r2r_dac_simple_program
                0x100081cc        0x6 CMakeFiles/PicoVCO_R2R.dir/PicoVCO_R2R.c.obj
 *fill*         0x100081d2        0x2 
 .rodata.eightbit_r2r_dac_simple_program_instructions
                0x100081d4        0x6 CMakeFiles/PicoVCO_R2R.dir/PicoVCO_R2R.c.obj
 *fill*         0x100081da        0x2 
 .rodata.spin_lock_claim_unused.str1.4
                0x100081dc       0x1b CMakeFiles/PicoVCO_R2R.dir/C_/Users/ben/Documents/GitHub/pico-sdk/src/rp2_common/hardware_sync/sync.c.obj
 *fill*         0x100081f7        0x1 
 .rodata.user_irq_claim_unused.str1.4
                0x100081f8       0x1b CMakeFiles/PicoVCO_R2R.dir/C_/Users/ben/Documents/GitHub/pico-sdk/src/rp2_common/hardware_irq/irq.c.obj
 *fill*         0x10008213        0x1 
 .rodata.hardware_alarm_claim.str1.4
                0x10008214       0x22 CMakeFiles/PicoVCO_R2R.dir/C_/Users/ben/Documents/GitHub/pico-sdk/src/rp2_common/hardware_timer/timer.c.obj
 *fill*         0x10008236        0x2 
 .rodata.panic.str1.4
                0x10008238       0x12 CMakeFiles/PicoVCO_R2R.dir/C_/Users/ben/Documents/GitHub/pico-sdk/src/rp2_common/pico_runtime/runtime.c.obj
 *fill*         0x1000824a        0x2 
 .rodata.hard_assertion_failure.str1.4
                0x1000824c        0xc CMakeFiles/PicoVCO_R2R.dir/C_/Users/ben/Documents/GitHub/pico-sdk/src/rp2_common/pico_runtime/runtime.c.obj
 .rodata._ftoa.str1.4
                0x10008258       0x15 CMakeFiles/PicoVCO_R2R.dir/C_/Users/ben/Documents/GitHub/pico-sdk/src/rp2_common/pico_printf/printf.c.obj
 *fill*         0x1000826d        0x3 
 .rodata._vsnprintf
                0x10008270      0x1e0 CMakeFiles/PicoVCO_R2R.dir/C_/Users/ben/Documents/GitHub/pico-sdk/src/rp2_common/pico_printf/printf.c.obj
 .rodata.pow10.0
                0x10008450       0x50 CMakeFiles/PicoVCO_R2R.dir/C_/Users/ben/Documents/GitHub/pico-sdk/src/rp2_common/pico_printf/printf.c.obj
 .rodata.str1.4
                0x100084a0       0x40 CMakeFiles/PicoVCO_R2R.dir/C_/Users/ben/Documents/GitHub/pico-sdk/src/rp2_common/pico_standard_link/binary_info.c.obj
 .rodata.__bi_44
                0x100084e0        0xc CMakeFiles/PicoVCO_R2R.dir/C_/Users/ben/Documents/GitHub/pico-sdk/src/rp2_common/pico_standard_link/binary_info.c.obj
 .rodata.__bi_75
                0x100084ec        0xc CMakeFiles/PicoVCO_R2R.dir/C_/Users/ben/Documents/GitHub/pico-sdk/src/rp2_common/pico_standard_link/binary_info.c.obj
 .rodata.__bi_81
                0x100084f8        0xc CMakeFiles/PicoVCO_R2R.dir/C_/Users/ben/Documents/GitHub/pico-sdk/src/rp2_common/pico_standard_link/binary_info.c.obj
 .rodata.crlf_str.0
                0x10008504        0x2 CMakeFiles/PicoVCO_R2R.dir/C_/Users/ben/Documents/GitHub/pico-sdk/src/rp2_common/pico_stdio/stdio.c.obj
 *fill*         0x10008506        0x2 
 .rodata._resetd_driver
                0x10008508       0x18 CMakeFiles/PicoVCO_R2R.dir/C_/Users/ben/Documents/GitHub/pico-sdk/src/rp2_common/pico_stdio_usb/reset_interface.c.obj
 .rodata.str1.4
                0x10008520       0x13 CMakeFiles/PicoVCO_R2R.dir/C_/Users/ben/Documents/GitHub/pico-sdk/src/rp2_common/pico_stdio_usb/stdio_usb.c.obj
 *fill*         0x10008533        0x1 
 .rodata.__bi_188.0
                0x10008534        0xc CMakeFiles/PicoVCO_R2R.dir/C_/Users/ben/Documents/GitHub/pico-sdk/src/rp2_common/pico_stdio_usb/stdio_usb.c.obj
 .rodata.str1.4
                0x10008540       0x2a CMakeFiles/PicoVCO_R2R.dir/C_/Users/ben/Documents/GitHub/pico-sdk/src/rp2_common/pico_stdio_usb/stdio_usb_descriptors.c.obj
 *fill*         0x1000856a        0x2 
 .rodata.usbd_desc_cfg
                0x1000856c       0x54 CMakeFiles/PicoVCO_R2R.dir/C_/Users/ben/Documents/GitHub/pico-sdk/src/rp2_common/pico_stdio_usb/stdio_usb_descriptors.c.obj
 .rodata.usbd_desc_device
                0x100085c0       0x12 CMakeFiles/PicoVCO_R2R.dir/C_/Users/ben/Documents/GitHub/pico-sdk/src/rp2_common/pico_stdio_usb/stdio_usb_descriptors.c.obj
 *fill*         0x100085d2        0x2 
 .rodata.usbd_desc_str
                0x100085d4       0x18 CMakeFiles/PicoVCO_R2R.dir/C_/Users/ben/Documents/GitHub/pico-sdk/src/rp2_common/pico_stdio_usb/stdio_usb_descriptors.c.obj
 .rodata.str1.4
                0x100085ec       0x14 CMakeFiles/PicoVCO_R2R.dir/C_/Users/ben/Documents/GitHub/pico-sdk/lib/tinyusb/src/portable/raspberrypi/rp2040/dcd_rp2040.c.obj
 .rodata.str1.4
                0x10008600       0x53 CMakeFiles/PicoVCO_R2R.dir/C_/Users/ben/Documents/GitHub/pico-sdk/lib/tinyusb/src/portable/raspberrypi/rp2040/rp2040_usb.c.obj
 *fill*         0x10008653        0x1 
 .rodata.tud_task_ext
                0x10008654       0x8c CMakeFiles/PicoVCO_R2R.dir/C_/Users/ben/Documents/GitHub/pico-sdk/lib/tinyusb/src/device/usbd.c.obj
 .rodata._usbd_driver
                0x100086e0       0x18 CMakeFiles/PicoVCO_R2R.dir/C_/Users/ben/Documents/GitHub/pico-sdk/lib/tinyusb/src/device/usbd.c.obj
 .rodata.pio_claim_unused_sm.str1.4
                0x100086f8       0x24 CMakeFiles/PicoVCO_R2R.dir/C_/Users/ben/Documents/GitHub/pico-sdk/src/rp2_common/hardware_pio/pio.c.obj
 .rodata.pio_add_program.str1.4
                0x1000871c       0x11 CMakeFiles/PicoVCO_R2R.dir/C_/Users/ben/Documents/GitHub/pico-sdk/src/rp2_common/hardware_pio/pio.c.obj
                0x10008730                . = ALIGN (0x4)
 *fill*         0x1000872d        0x3 
 *(SORT_BY_ALIGNMENT(SORT_BY_NAME(.flashdata*)))
                0x10008730                . = ALIGN (0x4)

.rel.dyn        0x10008730        0x0
 .rel.iplt      0x10008730        0x0 c:/progra~2/gnuarm~1/102020~1/bin/../lib/gcc/arm-none-eabi/10.2.1/thumb/v6-m/nofp/crtbegin.o

.ARM.extab
 *(.ARM.extab* .gnu.linkonce.armextab.*)
                0x10008730                __exidx_start = .

.ARM.exidx
 *(.ARM.exidx* .gnu.linkonce.armexidx.*)
                0x10008730                __exidx_end = .
                0x10008730                . = ALIGN (0x4)
                0x10008730                __binary_info_start = .

.binary_info    0x10008730       0x20
 *(.binary_info.keep.*)
 .binary_info.keep.__bi_ptr22
                0x10008730        0x4 CMakeFiles/PicoVCO_R2R.dir/C_/Users/ben/Documents/GitHub/pico-sdk/src/rp2_common/pico_standard_link/binary_info.c.obj
 .binary_info.keep.__bi_ptr30
                0x10008734        0x4 CMakeFiles/PicoVCO_R2R.dir/C_/Users/ben/Documents/GitHub/pico-sdk/src/rp2_common/pico_standard_link/binary_info.c.obj
 .binary_info.keep.__bi_ptr38
                0x10008738        0x4 CMakeFiles/PicoVCO_R2R.dir/C_/Users/ben/Documents/GitHub/pico-sdk/src/rp2_common/pico_standard_link/binary_info.c.obj
 .binary_info.keep.__bi_ptr44
                0x1000873c        0x4 CMakeFiles/PicoVCO_R2R.dir/C_/Users/ben/Documents/GitHub/pico-sdk/src/rp2_common/pico_standard_link/binary_info.c.obj
 .binary_info.keep.__bi_ptr50
                0x10008740        0x4 CMakeFiles/PicoVCO_R2R.dir/C_/Users/ben/Documents/GitHub/pico-sdk/src/rp2_common/pico_standard_link/binary_info.c.obj
 .binary_info.keep.__bi_ptr75
                0x10008744        0x4 CMakeFiles/PicoVCO_R2R.dir/C_/Users/ben/Documents/GitHub/pico-sdk/src/rp2_common/pico_standard_link/binary_info.c.obj
 .binary_info.keep.__bi_ptr81
                0x10008748        0x4 CMakeFiles/PicoVCO_R2R.dir/C_/Users/ben/Documents/GitHub/pico-sdk/src/rp2_common/pico_standard_link/binary_info.c.obj
 *(.binary_info.*)
 .binary_info.__bi_ptr188
                0x1000874c        0x4 CMakeFiles/PicoVCO_R2R.dir/C_/Users/ben/Documents/GitHub/pico-sdk/src/rp2_common/pico_stdio_usb/stdio_usb.c.obj
                0x10008750                __binary_info_end = .
                0x10008750                . = ALIGN (0x4)
                0x10008750                __etext = .

.ram_vector_table
                0x20000000       0xc0
 *(.ram_vector_table)
 .ram_vector_table
                0x20000000       0xc0 CMakeFiles/PicoVCO_R2R.dir/C_/Users/ben/Documents/GitHub/pico-sdk/src/rp2_common/pico_runtime/runtime.c.obj
                0x20000000                ram_vector_table

.data           0x200000c0      0xe58 load address 0x10008750
                0x200000c0                __data_start__ = .
 *(vtable)
 *(.time_critical*)
 .time_critical.mutex_try_enter
                0x200000c0       0x44 CMakeFiles/PicoVCO_R2R.dir/C_/Users/ben/Documents/GitHub/pico-sdk/src/common/pico_sync/mutex.c.obj
                0x200000c0                mutex_try_enter
 .time_critical.mutex_try_enter_block_until
                0x20000104       0x9c CMakeFiles/PicoVCO_R2R.dir/C_/Users/ben/Documents/GitHub/pico-sdk/src/common/pico_sync/mutex.c.obj
                0x20000104                mutex_try_enter_block_until
 .time_critical.mutex_enter_timeout_ms
                0x200001a0       0x90 CMakeFiles/PicoVCO_R2R.dir/C_/Users/ben/Documents/GitHub/pico-sdk/src/common/pico_sync/mutex.c.obj
                0x200001a0                mutex_enter_timeout_ms
 .time_critical.mutex_exit
                0x20000230       0x28 CMakeFiles/PicoVCO_R2R.dir/C_/Users/ben/Documents/GitHub/pico-sdk/src/common/pico_sync/mutex.c.obj
                0x20000230                mutex_exit
 .time_critical.flash_init_boot2_copyout
                0x20000258       0x30 CMakeFiles/PicoVCO_R2R.dir/C_/Users/ben/Documents/GitHub/pico-sdk/src/rp2_common/hardware_flash/flash.c.obj
 .time_critical.flash_enable_xip_via_boot2
                0x20000288       0x10 CMakeFiles/PicoVCO_R2R.dir/C_/Users/ben/Documents/GitHub/pico-sdk/src/rp2_common/hardware_flash/flash.c.obj
 .time_critical.flash_cs_force
                0x20000298       0x38 CMakeFiles/PicoVCO_R2R.dir/C_/Users/ben/Documents/GitHub/pico-sdk/src/rp2_common/hardware_flash/flash.c.obj
 .time_critical.flash_do_cmd
                0x200002d0       0xc4 CMakeFiles/PicoVCO_R2R.dir/C_/Users/ben/Documents/GitHub/pico-sdk/src/rp2_common/hardware_flash/flash.c.obj
                0x200002d0                flash_do_cmd
 .time_critical.reset_non_control_endpoints
                0x20000394       0xbc CMakeFiles/PicoVCO_R2R.dir/C_/Users/ben/Documents/GitHub/pico-sdk/lib/tinyusb/src/portable/raspberrypi/rp2040/dcd_rp2040.c.obj
 .time_critical.hw_handle_buff_status
                0x20000450       0xa8 CMakeFiles/PicoVCO_R2R.dir/C_/Users/ben/Documents/GitHub/pico-sdk/lib/tinyusb/src/portable/raspberrypi/rp2040/dcd_rp2040.c.obj
 .time_critical.dcd_rp2040_irq
                0x200004f8      0x4d8 CMakeFiles/PicoVCO_R2R.dir/C_/Users/ben/Documents/GitHub/pico-sdk/lib/tinyusb/src/portable/raspberrypi/rp2040/dcd_rp2040.c.obj
 .time_critical.e15_is_bulkin_ep
                0x200009d0       0x28 CMakeFiles/PicoVCO_R2R.dir/C_/Users/ben/Documents/GitHub/pico-sdk/lib/tinyusb/src/portable/raspberrypi/rp2040/rp2040_usb.c.obj
 .time_critical.e15_is_critical_frame_period
                0x200009f8       0x34 CMakeFiles/PicoVCO_R2R.dir/C_/Users/ben/Documents/GitHub/pico-sdk/lib/tinyusb/src/portable/raspberrypi/rp2040/rp2040_usb.c.obj
 .time_critical.prepare_ep_buffer
                0x20000a2c       0x70 CMakeFiles/PicoVCO_R2R.dir/C_/Users/ben/Documents/GitHub/pico-sdk/lib/tinyusb/src/portable/raspberrypi/rp2040/rp2040_usb.c.obj
 .time_critical.sync_ep_buffer
                0x20000a9c       0x4c CMakeFiles/PicoVCO_R2R.dir/C_/Users/ben/Documents/GitHub/pico-sdk/lib/tinyusb/src/portable/raspberrypi/rp2040/rp2040_usb.c.obj
 .time_critical._hw_endpoint_xfer_sync
                0x20000ae8       0x28 CMakeFiles/PicoVCO_R2R.dir/C_/Users/ben/Documents/GitHub/pico-sdk/lib/tinyusb/src/portable/raspberrypi/rp2040/rp2040_usb.c.obj
 .time_critical.hw_endpoint_reset_transfer
                0x20000b10        0xc CMakeFiles/PicoVCO_R2R.dir/C_/Users/ben/Documents/GitHub/pico-sdk/lib/tinyusb/src/portable/raspberrypi/rp2040/rp2040_usb.c.obj
                0x20000b10                hw_endpoint_reset_transfer
 .time_critical._hw_endpoint_buffer_control_update32
                0x20000b1c       0x58 CMakeFiles/PicoVCO_R2R.dir/C_/Users/ben/Documents/GitHub/pico-sdk/lib/tinyusb/src/portable/raspberrypi/rp2040/rp2040_usb.c.obj
                0x20000b1c                _hw_endpoint_buffer_control_update32
 .time_critical.hw_endpoint_start_next_buffer
                0x20000b74       0x6c CMakeFiles/PicoVCO_R2R.dir/C_/Users/ben/Documents/GitHub/pico-sdk/lib/tinyusb/src/portable/raspberrypi/rp2040/rp2040_usb.c.obj
                0x20000b74                hw_endpoint_start_next_buffer
 .time_critical.hw_endpoint_xfer_continue
                0x20000be0       0x50 CMakeFiles/PicoVCO_R2R.dir/C_/Users/ben/Documents/GitHub/pico-sdk/lib/tinyusb/src/portable/raspberrypi/rp2040/rp2040_usb.c.obj
                0x20000be0                hw_endpoint_xfer_continue
 .time_critical.tinyusb
                0x20000c30      0x170 CMakeFiles/PicoVCO_R2R.dir/C_/Users/ben/Documents/GitHub/pico-sdk/lib/tinyusb/src/device/usbd.c.obj
                0x20000c30                dcd_event_handler
 *(.text*)
 .text          0x20000da0        0x4 c:/progra~2/gnuarm~1/102020~1/bin/../lib/gcc/arm-none-eabi/10.2.1/thumb/v6-m/nofp\libgcc.a(_dvmd_tls.o)
                0x20000da0                __aeabi_idiv0
                0x20000da0                __aeabi_ldiv0
 *fill*         0x20000da4        0x4 
 .text.__stub   0x20000da8       0x70 linker stubs
                0x20000e18                . = ALIGN (0x4)
 *(.rodata*)
                0x20000e18                . = ALIGN (0x4)
 *(.data*)
 .data.striped_spin_lock_num
                0x20000e18        0x1 CMakeFiles/PicoVCO_R2R.dir/C_/Users/ben/Documents/GitHub/pico-sdk/src/rp2_common/hardware_sync/sync.c.obj
 *fill*         0x20000e19        0x3 
 .data          0x20000e1c       0x48 CMakeFiles/PicoVCO_R2R.dir/C_/Users/ben/Documents/GitHub/pico-sdk/src/rp2_common/hardware_irq/irq_handler_chain.S.obj
                0x20000e1c                irq_handler_chain_slots
                0x20000e4c                irq_handler_chain_first_slot
                0x20000e56                irq_handler_chain_remove_tail
 .data.default_alarm_pool
                0x20000e64       0x18 CMakeFiles/PicoVCO_R2R.dir/C_/Users/ben/Documents/GitHub/pico-sdk/src/common/pico_time/time.c.obj
 .data.default_alarm_pool_heap
                0x20000e7c       0x10 CMakeFiles/PicoVCO_R2R.dir/C_/Users/ben/Documents/GitHub/pico-sdk/src/common/pico_time/time.c.obj
 *fill*         0x20000e8c        0x4 
 .data.aeabi_bits_funcs
                0x20000e90       0x10 CMakeFiles/PicoVCO_R2R.dir/C_/Users/ben/Documents/GitHub/pico-sdk/src/rp2_common/pico_bit_ops/bit_ops_aeabi.S.obj
                0x20000e90                aeabi_bits_funcs
                0x20000ea0                aeabi_bits_funcs_end
 .data.aeabi_mem_funcs
                0x20000ea0       0x10 CMakeFiles/PicoVCO_R2R.dir/C_/Users/ben/Documents/GitHub/pico-sdk/src/rp2_common/pico_mem_ops/mem_ops_aeabi.S.obj
                0x20000ea0                aeabi_mem_funcs
                0x20000eb0                aeabi_mem_funcs_end
 .data.stdio_usb
                0x20000eb0       0x18 CMakeFiles/PicoVCO_R2R.dir/C_/Users/ben/Documents/GitHub/pico-sdk/src/rp2_common/pico_stdio_usb/stdio_usb.c.obj
                0x20000eb0                stdio_usb
 .data.ep_dir_string
                0x20000ec8        0x8 CMakeFiles/PicoVCO_R2R.dir/C_/Users/ben/Documents/GitHub/pico-sdk/lib/tinyusb/src/portable/raspberrypi/rp2040/rp2040_usb.c.obj
                0x20000ec8                ep_dir_string
 .data._usbd_qdef
                0x20000ed0       0x1c CMakeFiles/PicoVCO_R2R.dir/C_/Users/ben/Documents/GitHub/pico-sdk/lib/tinyusb/src/device/usbd.c.obj
                0x20000ed0                _usbd_qdef
 .data._usbd_rhport
                0x20000eec        0x1 CMakeFiles/PicoVCO_R2R.dir/C_/Users/ben/Documents/GitHub/pico-sdk/lib/tinyusb/src/device/usbd.c.obj
                0x20000ef0                . = ALIGN (0x4)
 *fill*         0x20000eed        0x3 
 *(.after_data.*)
                0x20000ef0                . = ALIGN (0x4)
                0x20000ef0                PROVIDE (__mutex_array_start = .)
 *(SORT_BY_NAME(.mutex_array.*))
 *(.mutex_array)
 .mutex_array   0x20000ef0        0x8 CMakeFiles/PicoVCO_R2R.dir/C_/Users/ben/Documents/GitHub/pico-sdk/src/rp2_common/pico_malloc/pico_malloc.c.obj
 .mutex_array   0x20000ef8        0x8 CMakeFiles/PicoVCO_R2R.dir/C_/Users/ben/Documents/GitHub/pico-sdk/src/rp2_common/pico_stdio/stdio.c.obj
                0x20000f00                PROVIDE (__mutex_array_end = .)
                0x20000f00                . = ALIGN (0x4)
                0x20000f00                PROVIDE (__preinit_array_start = .)
 *(SORT_BY_NAME(.preinit_array.*))
 .preinit_array.00001
                0x20000f00        0x4 CMakeFiles/PicoVCO_R2R.dir/C_/Users/ben/Documents/GitHub/pico-sdk/src/rp2_common/pico_mem_ops/mem_ops_aeabi.S.obj
 .preinit_array.00010
                0x20000f04        0x4 CMakeFiles/PicoVCO_R2R.dir/C_/Users/ben/Documents/GitHub/pico-sdk/src/rp2_common/pico_bit_ops/bit_ops_aeabi.S.obj
 .preinit_array.00020
                0x20000f08        0x4 CMakeFiles/PicoVCO_R2R.dir/C_/Users/ben/Documents/GitHub/pico-sdk/src/rp2_common/pico_double/double_aeabi.S.obj
 .preinit_array.00020
                0x20000f0c        0x4 CMakeFiles/PicoVCO_R2R.dir/C_/Users/ben/Documents/GitHub/pico-sdk/src/rp2_common/pico_float/float_aeabi.S.obj
 *(.preinit_array)
                0x20000f10                PROVIDE (__preinit_array_end = .)
                0x20000f10                . = ALIGN (0x4)
                0x20000f10                PROVIDE (__init_array_start = .)
 *(SORT_BY_NAME(.init_array.*))
 *(.init_array)
 .init_array    0x20000f10        0x4 c:/progra~2/gnuarm~1/102020~1/bin/../lib/gcc/arm-none-eabi/10.2.1/thumb/v6-m/nofp/crtbegin.o
 .init_array    0x20000f14        0x4 CMakeFiles/PicoVCO_R2R.dir/C_/Users/ben/Documents/GitHub/pico-sdk/src/rp2_common/pico_unique_id/unique_id.c.obj
                0x20000f18                PROVIDE (__init_array_end = .)
                0x20000f18                . = ALIGN (0x4)
                [!provide]                PROVIDE (__fini_array_start = .)
 *(SORT_BY_NAME(.fini_array.*))
 *(.fini_array)
                [!provide]                PROVIDE (__fini_array_end = .)
 *(.jcr)
                0x20000f18                . = ALIGN (0x4)
                0x20000f18                __data_end__ = .

.igot.plt       0x20000f18        0x0 load address 0x100095a8
 .igot.plt      0x20000f18        0x0 c:/progra~2/gnuarm~1/102020~1/bin/../lib/gcc/arm-none-eabi/10.2.1/thumb/v6-m/nofp/crtbegin.o

.uninitialized_data
                0x20000f18        0x0 load address 0x100095a8
                0x20000f18                . = ALIGN (0x4)
 *(.uninitialized_data*)

.scratch_x      0x20040000        0x0 load address 0x100095a8
                0x20040000                __scratch_x_start__ = .
 *(.scratch_x.*)
                0x20040000                . = ALIGN (0x4)
                0x20040000                __scratch_x_end__ = .
                0x100095a8                __scratch_x_source__ = LOADADDR (.scratch_x)

.scratch_y      0x20041000        0x0 load address 0x100095a8
                0x20041000                __scratch_y_start__ = .
 *(.scratch_y.*)
                0x20041000                . = ALIGN (0x4)
                0x20041000                __scratch_y_end__ = .
                0x100095a8                __scratch_y_source__ = LOADADDR (.scratch_y)

.bss            0x20000f18     0x6b64
                0x20000f18                . = ALIGN (0x4)
                0x20000f18                __bss_start__ = .
 *(SORT_BY_ALIGNMENT(SORT_BY_NAME(.bss*)))
 .bss.default_alarm_pool_entries
                0x20000f18      0x100 CMakeFiles/PicoVCO_R2R.dir/C_/Users/ben/Documents/GitHub/pico-sdk/src/common/pico_time/time.c.obj
 .bss.last_avail_time.1
                0x20001018        0x8 CMakeFiles/PicoVCO_R2R.dir/C_/Users/ben/Documents/GitHub/pico-sdk/src/rp2_common/pico_stdio_usb/stdio_usb.c.obj
 .bss.sd_table  0x20001020      0x100 CMakeFiles/PicoVCO_R2R.dir/C_/Users/ben/Documents/GitHub/pico-sdk/src/rp2_common/pico_double/double_init_rom.c.obj
                0x20001020                sd_table
 .bss.sf_table  0x20001120      0x100 CMakeFiles/PicoVCO_R2R.dir/C_/Users/ben/Documents/GitHub/pico-sdk/src/rp2_common/pico_float/float_init_rom.c.obj
                0x20001120                sf_table
 .bss           0x20001220       0x1c c:/progra~2/gnuarm~1/102020~1/bin/../lib/gcc/arm-none-eabi/10.2.1/thumb/v6-m/nofp/crtbegin.o
 .bss._app_driver
                0x2000123c        0x4 CMakeFiles/PicoVCO_R2R.dir/C_/Users/ben/Documents/GitHub/pico-sdk/lib/tinyusb/src/device/usbd.c.obj
 .bss._cdcd_itf
                0x20001240      0x2c8 CMakeFiles/PicoVCO_R2R.dir/C_/Users/ben/Documents/GitHub/pico-sdk/lib/tinyusb/src/class/cdc/cdc_device.c.obj
 .bss._ctrl_xfer
                0x20001508       0x14 CMakeFiles/PicoVCO_R2R.dir/C_/Users/ben/Documents/GitHub/pico-sdk/lib/tinyusb/src/device/usbd_control.c.obj
 .bss._ubsd_mutexdef
                0x2000151c        0x8 CMakeFiles/PicoVCO_R2R.dir/C_/Users/ben/Documents/GitHub/pico-sdk/lib/tinyusb/src/device/usbd.c.obj
 .bss._usbd_ctrl_buf
                0x20001524       0x40 CMakeFiles/PicoVCO_R2R.dir/C_/Users/ben/Documents/GitHub/pico-sdk/lib/tinyusb/src/device/usbd_control.c.obj
 .bss._usbd_dev
                0x20001564       0x53 CMakeFiles/PicoVCO_R2R.dir/C_/Users/ben/Documents/GitHub/pico-sdk/lib/tinyusb/src/device/usbd.c.obj
 *fill*         0x200015b7        0x1 
 .bss._usbd_mutex
                0x200015b8        0x4 CMakeFiles/PicoVCO_R2R.dir/C_/Users/ben/Documents/GitHub/pico-sdk/lib/tinyusb/src/device/usbd.c.obj
 .bss._usbd_q   0x200015bc        0x4 CMakeFiles/PicoVCO_R2R.dir/C_/Users/ben/Documents/GitHub/pico-sdk/lib/tinyusb/src/device/usbd.c.obj
 .bss._usbd_qdef_buf
                0x200015c0       0xc0 CMakeFiles/PicoVCO_R2R.dir/C_/Users/ben/Documents/GitHub/pico-sdk/lib/tinyusb/src/device/usbd.c.obj
                0x200015c0                _usbd_qdef_buf
 .bss._used_instruction_space
                0x20001680        0x8 CMakeFiles/PicoVCO_R2R.dir/C_/Users/ben/Documents/GitHub/pico-sdk/src/rp2_common/hardware_pio/pio.c.obj
 .bss.alarm_callbacks
                0x20001688       0x10 CMakeFiles/PicoVCO_R2R.dir/C_/Users/ben/Documents/GitHub/pico-sdk/src/rp2_common/hardware_timer/timer.c.obj
 .bss.boot2_copyout
                0x20001698      0x100 CMakeFiles/PicoVCO_R2R.dir/C_/Users/ben/Documents/GitHub/pico-sdk/src/rp2_common/hardware_flash/flash.c.obj
 .bss.buffers   0x20001798     0x3e80 CMakeFiles/PicoVCO_R2R.dir/PicoVCO_R2R.c.obj
                0x20001798                buffers
 .bss.chars_available_callback
                0x20005618        0x4 CMakeFiles/PicoVCO_R2R.dir/C_/Users/ben/Documents/GitHub/pico-sdk/src/rp2_common/pico_stdio_usb/stdio_usb.c.obj
 .bss.chars_available_param
                0x2000561c        0x4 CMakeFiles/PicoVCO_R2R.dir/C_/Users/ben/Documents/GitHub/pico-sdk/src/rp2_common/pico_stdio_usb/stdio_usb.c.obj
 .bss.claimed   0x20005620        0x4 CMakeFiles/PicoVCO_R2R.dir/C_/Users/ben/Documents/GitHub/pico-sdk/src/rp2_common/hardware_sync/sync.c.obj
 .bss.configured_freq
                0x20005624       0x28 CMakeFiles/PicoVCO_R2R.dir/C_/Users/ben/Documents/GitHub/pico-sdk/src/rp2_common/hardware_clocks/clocks.c.obj
 .bss.default_alarm_pool_entry_ids_high
                0x2000564c       0x10 CMakeFiles/PicoVCO_R2R.dir/C_/Users/ben/Documents/GitHub/pico-sdk/src/common/pico_time/time.c.obj
 .bss.default_alarm_pool_heap_nodes
                0x2000565c       0x30 CMakeFiles/PicoVCO_R2R.dir/C_/Users/ben/Documents/GitHub/pico-sdk/src/common/pico_time/time.c.obj
 .bss.desc_str.0
                0x2000568c       0x28 CMakeFiles/PicoVCO_R2R.dir/C_/Users/ben/Documents/GitHub/pico-sdk/src/rp2_common/pico_stdio_usb/stdio_usb_descriptors.c.obj
 .bss.drivers   0x200056b4        0x4 CMakeFiles/PicoVCO_R2R.dir/C_/Users/ben/Documents/GitHub/pico-sdk/src/rp2_common/pico_stdio/stdio.c.obj
 .bss.e15_last_sof
                0x200056b8        0x4 CMakeFiles/PicoVCO_R2R.dir/C_/Users/ben/Documents/GitHub/pico-sdk/lib/tinyusb/src/portable/raspberrypi/rp2040/rp2040_usb.c.obj
                0x200056b8                e15_last_sof
 .bss.filter    0x200056bc        0x4 CMakeFiles/PicoVCO_R2R.dir/C_/Users/ben/Documents/GitHub/pico-sdk/src/rp2_common/pico_stdio/stdio.c.obj
 .bss.hw_endpoints
                0x200056c0      0x400 CMakeFiles/PicoVCO_R2R.dir/C_/Users/ben/Documents/GitHub/pico-sdk/lib/tinyusb/src/portable/raspberrypi/rp2040/dcd_rp2040.c.obj
 .bss.last_gate_val
                0x20005ac0        0x4 CMakeFiles/PicoVCO_R2R.dir/PicoVCO_R2R.c.obj
                0x20005ac0                last_gate_val
 .bss.lazy_vsnprintf
                0x20005ac4        0x4 CMakeFiles/PicoVCO_R2R.dir/C_/Users/ben/Documents/GitHub/pico-sdk/src/rp2_common/pico_printf/printf.c.obj
 .bss.load_value
                0x20005ac8        0x4 CMakeFiles/PicoVCO_R2R.dir/C_/Users/ben/Documents/GitHub/pico-sdk/src/rp2_common/hardware_watchdog/watchdog.c.obj
 .bss.next_buffer_ptr
                0x20005acc        0x4 CMakeFiles/PicoVCO_R2R.dir/C_/Users/ben/Documents/GitHub/pico-sdk/lib/tinyusb/src/portable/raspberrypi/rp2040/dcd_rp2040.c.obj
 .bss.one_shot_timer_crit_sec
                0x20005ad0        0x8 CMakeFiles/PicoVCO_R2R.dir/C_/Users/ben/Documents/GitHub/pico-sdk/src/rp2_common/pico_stdio_usb/stdio_usb.c.obj
 .bss.original_wave
                0x20005ad8     0x1f40 CMakeFiles/PicoVCO_R2R.dir/PicoVCO_R2R.c.obj
                0x20005ad8                original_wave
 .bss.pio       0x20007a18        0x4 CMakeFiles/PicoVCO_R2R.dir/PicoVCO_R2R.c.obj
                0x20007a18                pio
 .bss.playing_buffer
                0x20007a1c        0x4 CMakeFiles/PicoVCO_R2R.dir/PicoVCO_R2R.c.obj
                0x20007a1c                playing_buffer
 .bss.pools     0x20007a20       0x10 CMakeFiles/PicoVCO_R2R.dir/C_/Users/ben/Documents/GitHub/pico-sdk/src/common/pico_time/time.c.obj
 .bss.retrieved_id
                0x20007a30        0x8 CMakeFiles/PicoVCO_R2R.dir/C_/Users/ben/Documents/GitHub/pico-sdk/src/rp2_common/pico_unique_id/unique_id.c.obj
 .bss.sf_clz_func
                0x20007a38        0x4 CMakeFiles/PicoVCO_R2R.dir/C_/Users/ben/Documents/GitHub/pico-sdk/src/rp2_common/pico_double/double_init_rom.c.obj
                0x20007a38                sf_clz_func
 .bss.sleep_notifier
                0x20007a3c        0x4 CMakeFiles/PicoVCO_R2R.dir/C_/Users/ben/Documents/GitHub/pico-sdk/src/common/pico_time/time.c.obj
 .bss.sm        0x20007a40        0x4 CMakeFiles/PicoVCO_R2R.dir/PicoVCO_R2R.c.obj
                0x20007a40                sm
 .bss.stdio_usb_mutex
                0x20007a44        0x8 CMakeFiles/PicoVCO_R2R.dir/C_/Users/ben/Documents/GitHub/pico-sdk/src/rp2_common/pico_stdio_usb/stdio_usb.c.obj
 .bss.target_hi
                0x20007a4c       0x10 CMakeFiles/PicoVCO_R2R.dir/C_/Users/ben/Documents/GitHub/pico-sdk/src/rp2_common/hardware_timer/timer.c.obj
 .bss.usbd_serial_str
                0x20007a5c       0x11 CMakeFiles/PicoVCO_R2R.dir/C_/Users/ben/Documents/GitHub/pico-sdk/src/rp2_common/pico_stdio_usb/stdio_usb_descriptors.c.obj
 .bss._app_driver_count
                0x20007a6d        0x1 CMakeFiles/PicoVCO_R2R.dir/C_/Users/ben/Documents/GitHub/pico-sdk/lib/tinyusb/src/device/usbd.c.obj
 .bss._sof_enable
                0x20007a6e        0x1 CMakeFiles/PicoVCO_R2R.dir/C_/Users/ben/Documents/GitHub/pico-sdk/lib/tinyusb/src/portable/raspberrypi/rp2040/dcd_rp2040.c.obj
 .bss.boot2_copyout_valid
                0x20007a6f        0x1 CMakeFiles/PicoVCO_R2R.dir/C_/Users/ben/Documents/GitHub/pico-sdk/src/rp2_common/hardware_flash/flash.c.obj
 .bss.claimed   0x20007a70        0x1 CMakeFiles/PicoVCO_R2R.dir/C_/Users/ben/Documents/GitHub/pico-sdk/src/rp2_common/hardware_timer/timer.c.obj
 .bss.claimed   0x20007a71        0x1 CMakeFiles/PicoVCO_R2R.dir/C_/Users/ben/Documents/GitHub/pico-sdk/src/rp2_common/hardware_pio/pio.c.obj
 .bss.flip      0x20007a72        0x1 CMakeFiles/PicoVCO_R2R.dir/PicoVCO_R2R.c.obj
                0x20007a72                flip
 .bss.irq_hander_chain_free_slot_head
                0x20007a73        0x1 CMakeFiles/PicoVCO_R2R.dir/C_/Users/ben/Documents/GitHub/pico-sdk/src/rp2_common/hardware_irq/irq.c.obj
 .bss.itf_num   0x20007a74        0x1 CMakeFiles/PicoVCO_R2R.dir/C_/Users/ben/Documents/GitHub/pico-sdk/src/rp2_common/pico_stdio_usb/reset_interface.c.obj
 .bss.low_priority_irq_num
                0x20007a75        0x1 CMakeFiles/PicoVCO_R2R.dir/C_/Users/ben/Documents/GitHub/pico-sdk/src/rp2_common/pico_stdio_usb/stdio_usb.c.obj
 .bss.one_shot_timer_pending
                0x20007a76        0x1 CMakeFiles/PicoVCO_R2R.dir/C_/Users/ben/Documents/GitHub/pico-sdk/src/rp2_common/pico_stdio_usb/stdio_usb.c.obj
 .bss.timer_callbacks_pending
                0x20007a77        0x1 CMakeFiles/PicoVCO_R2R.dir/C_/Users/ben/Documents/GitHub/pico-sdk/src/rp2_common/hardware_timer/timer.c.obj
 .bss.user_irq_claimed
                0x20007a78        0x1 CMakeFiles/PicoVCO_R2R.dir/C_/Users/ben/Documents/GitHub/pico-sdk/src/rp2_common/hardware_irq/irq.c.obj
 *(COMMON)
                0x20007a7c                . = ALIGN (0x4)
 *fill*         0x20007a79        0x3 
                0x20007a7c                __bss_end__ = .

.heap           0x20007a7c      0x800
                0x20007a7c                __end__ = .
                0x20007a7c                end = __end__
 *(.heap*)
 .heap          0x20007a7c      0x800 CMakeFiles/PicoVCO_R2R.dir/C_/Users/ben/Documents/GitHub/pico-sdk/src/rp2_common/pico_standard_link/crt0.S.obj
                0x2000827c                __HeapLimit = .

.stack1_dummy   0x20040000      0x800
 *(.stack1*)
 .stack1        0x20040000      0x800 CMakeFiles/PicoVCO_R2R.dir/C_/Users/ben/Documents/GitHub/pico-sdk/src/rp2_common/pico_multicore/multicore.c.obj

.stack_dummy    0x20041000      0x800
 *(.stack*)
 .stack         0x20041000      0x800 CMakeFiles/PicoVCO_R2R.dir/C_/Users/ben/Documents/GitHub/pico-sdk/src/rp2_common/pico_standard_link/crt0.S.obj

.flash_end      0x100095a8        0x0
                0x100095a8                __flash_binary_end = .
                0x20040000                __StackLimit = (ORIGIN (RAM) + LENGTH (RAM))
                0x20041000                __StackOneTop = (ORIGIN (SCRATCH_X) + LENGTH (SCRATCH_X))
                0x20042000                __StackTop = (ORIGIN (SCRATCH_Y) + LENGTH (SCRATCH_Y))
                0x20040800                __StackOneBottom = (__StackOneTop - SIZEOF (.stack1_dummy))
                0x20041800                __StackBottom = (__StackTop - SIZEOF (.stack_dummy))
                0x20042000                PROVIDE (__stack = __StackTop)
                0x00000001                ASSERT ((__StackLimit >= __HeapLimit), region RAM overflowed)
                0x00000001                ASSERT (((__binary_info_header_end - __logical_binary_start) <= 0x100), Binary info must be in first 256 bytes of the binary)
LOAD CMakeFiles/PicoVCO_R2R.dir/PicoVCO_R2R.c.obj
LOAD CMakeFiles/PicoVCO_R2R.dir/waves.c.obj
LOAD CMakeFiles/PicoVCO_R2R.dir/C_/Users/ben/Documents/GitHub/pico-sdk/src/rp2_common/pico_stdlib/stdlib.c.obj
LOAD CMakeFiles/PicoVCO_R2R.dir/C_/Users/ben/Documents/GitHub/pico-sdk/src/rp2_common/hardware_gpio/gpio.c.obj
LOAD CMakeFiles/PicoVCO_R2R.dir/C_/Users/ben/Documents/GitHub/pico-sdk/src/rp2_common/pico_platform/platform.c.obj
LOAD CMakeFiles/PicoVCO_R2R.dir/C_/Users/ben/Documents/GitHub/pico-sdk/src/rp2_common/hardware_claim/claim.c.obj
LOAD CMakeFiles/PicoVCO_R2R.dir/C_/Users/ben/Documents/GitHub/pico-sdk/src/rp2_common/hardware_sync/sync.c.obj
LOAD CMakeFiles/PicoVCO_R2R.dir/C_/Users/ben/Documents/GitHub/pico-sdk/src/rp2_common/hardware_irq/irq.c.obj
LOAD CMakeFiles/PicoVCO_R2R.dir/C_/Users/ben/Documents/GitHub/pico-sdk/src/rp2_common/hardware_irq/irq_handler_chain.S.obj
LOAD CMakeFiles/PicoVCO_R2R.dir/C_/Users/ben/Documents/GitHub/pico-sdk/src/common/pico_sync/sem.c.obj
LOAD CMakeFiles/PicoVCO_R2R.dir/C_/Users/ben/Documents/GitHub/pico-sdk/src/common/pico_sync/lock_core.c.obj
LOAD CMakeFiles/PicoVCO_R2R.dir/C_/Users/ben/Documents/GitHub/pico-sdk/src/common/pico_sync/mutex.c.obj
LOAD CMakeFiles/PicoVCO_R2R.dir/C_/Users/ben/Documents/GitHub/pico-sdk/src/common/pico_sync/critical_section.c.obj
LOAD CMakeFiles/PicoVCO_R2R.dir/C_/Users/ben/Documents/GitHub/pico-sdk/src/common/pico_time/time.c.obj
LOAD CMakeFiles/PicoVCO_R2R.dir/C_/Users/ben/Documents/GitHub/pico-sdk/src/common/pico_time/timeout_helper.c.obj
LOAD CMakeFiles/PicoVCO_R2R.dir/C_/Users/ben/Documents/GitHub/pico-sdk/src/rp2_common/hardware_timer/timer.c.obj
LOAD CMakeFiles/PicoVCO_R2R.dir/C_/Users/ben/Documents/GitHub/pico-sdk/src/common/pico_util/datetime.c.obj
LOAD CMakeFiles/PicoVCO_R2R.dir/C_/Users/ben/Documents/GitHub/pico-sdk/src/common/pico_util/pheap.c.obj
LOAD CMakeFiles/PicoVCO_R2R.dir/C_/Users/ben/Documents/GitHub/pico-sdk/src/common/pico_util/queue.c.obj
LOAD CMakeFiles/PicoVCO_R2R.dir/C_/Users/ben/Documents/GitHub/pico-sdk/src/rp2_common/hardware_uart/uart.c.obj
LOAD CMakeFiles/PicoVCO_R2R.dir/C_/Users/ben/Documents/GitHub/pico-sdk/src/rp2_common/hardware_clocks/clocks.c.obj
LOAD CMakeFiles/PicoVCO_R2R.dir/C_/Users/ben/Documents/GitHub/pico-sdk/src/rp2_common/hardware_pll/pll.c.obj
LOAD CMakeFiles/PicoVCO_R2R.dir/C_/Users/ben/Documents/GitHub/pico-sdk/src/rp2_common/hardware_vreg/vreg.c.obj
LOAD CMakeFiles/PicoVCO_R2R.dir/C_/Users/ben/Documents/GitHub/pico-sdk/src/rp2_common/hardware_watchdog/watchdog.c.obj
LOAD CMakeFiles/PicoVCO_R2R.dir/C_/Users/ben/Documents/GitHub/pico-sdk/src/rp2_common/hardware_xosc/xosc.c.obj
LOAD CMakeFiles/PicoVCO_R2R.dir/C_/Users/ben/Documents/GitHub/pico-sdk/src/rp2_common/hardware_divider/divider.S.obj
LOAD CMakeFiles/PicoVCO_R2R.dir/C_/Users/ben/Documents/GitHub/pico-sdk/src/rp2_common/pico_runtime/runtime.c.obj
LOAD CMakeFiles/PicoVCO_R2R.dir/C_/Users/ben/Documents/GitHub/pico-sdk/src/rp2_common/pico_printf/printf.c.obj
LOAD CMakeFiles/PicoVCO_R2R.dir/C_/Users/ben/Documents/GitHub/pico-sdk/src/rp2_common/pico_bit_ops/bit_ops_aeabi.S.obj
LOAD CMakeFiles/PicoVCO_R2R.dir/C_/Users/ben/Documents/GitHub/pico-sdk/src/rp2_common/pico_bootrom/bootrom.c.obj
LOAD CMakeFiles/PicoVCO_R2R.dir/C_/Users/ben/Documents/GitHub/pico-sdk/src/rp2_common/pico_divider/divider.S.obj
LOAD CMakeFiles/PicoVCO_R2R.dir/C_/Users/ben/Documents/GitHub/pico-sdk/src/rp2_common/pico_double/double_aeabi.S.obj
LOAD CMakeFiles/PicoVCO_R2R.dir/C_/Users/ben/Documents/GitHub/pico-sdk/src/rp2_common/pico_double/double_init_rom.c.obj
LOAD CMakeFiles/PicoVCO_R2R.dir/C_/Users/ben/Documents/GitHub/pico-sdk/src/rp2_common/pico_double/double_math.c.obj
LOAD CMakeFiles/PicoVCO_R2R.dir/C_/Users/ben/Documents/GitHub/pico-sdk/src/rp2_common/pico_double/double_v1_rom_shim.S.obj
LOAD CMakeFiles/PicoVCO_R2R.dir/C_/Users/ben/Documents/GitHub/pico-sdk/src/rp2_common/pico_int64_ops/pico_int64_ops_aeabi.S.obj
LOAD CMakeFiles/PicoVCO_R2R.dir/C_/Users/ben/Documents/GitHub/pico-sdk/src/rp2_common/pico_float/float_aeabi.S.obj