Archive member included to satisfy reference by file (symbol)

..\pio-i2c-hs\libpio-i2c-hs.a(pio_i2c.c.obj)
                              CMakeFiles/PicoEnvelope.dir/PicoEnvelope.c.obj (pio_i2c_start)
c:/progra~2/gnuarm~1/102020~1/bin/../lib/gcc/arm-none-eabi/10.2.1/thumb/v6-m/nofp\libgcc.a(_dvmd_tls.o)
                              CMakeFiles/PicoEnvelope.dir/C_/Users/ben/Documents/GitHub/pico-sdk/src/rp2_common/pico_divider/divider.S.obj (__aeabi_idiv0)
c:/progra~2/gnuarm~1/102020~1/bin/../lib/gcc/arm-none-eabi/10.2.1/../../../../arm-none-eabi/lib/thumb/v6-m/nofp\libc.a(lib_a-calloc.o)
                              CMakeFiles/PicoEnvelope.dir/C_/Users/ben/Documents/GitHub/pico-sdk/src/rp2_common/pico_malloc/pico_malloc.c.obj (calloc)
c:/progra~2/gnuarm~1/102020~1/bin/../lib/gcc/arm-none-eabi/10.2.1/../../../../arm-none-eabi/lib/thumb/v6-m/nofp\libc.a(lib_a-callocr.o)
                              c:/progra~2/gnuarm~1/102020~1/bin/../lib/gcc/arm-none-eabi/10.2.1/../../../../arm-none-eabi/lib/thumb/v6-m/nofp\libc.a(lib_a-calloc.o) (_calloc_r)
c:/progra~2/gnuarm~1/102020~1/bin/../lib/gcc/arm-none-eabi/10.2.1/../../../../arm-none-eabi/lib/thumb/v6-m/nofp\libc.a(lib_a-impure.o)
                              c:/progra~2/gnuarm~1/102020~1/bin/../lib/gcc/arm-none-eabi/10.2.1/../../../../arm-none-eabi/lib/thumb/v6-m/nofp\libc.a(lib_a-calloc.o) (_impure_ptr)
c:/progra~2/gnuarm~1/102020~1/bin/../lib/gcc/arm-none-eabi/10.2.1/../../../../arm-none-eabi/lib/thumb/v6-m/nofp\libc.a(lib_a-init.o)
                              c:/progra~2/gnuarm~1/102020~1/bin/../lib/gcc/arm-none-eabi/10.2.1/../../../../arm-none-eabi/lib/thumb/v6-m/nofp/crt0.o (__libc_init_array)
c:/progra~2/gnuarm~1/102020~1/bin/../lib/gcc/arm-none-eabi/10.2.1/../../../../arm-none-eabi/lib/thumb/v6-m/nofp\libc.a(lib_a-malloc.o)
                              CMakeFiles/PicoEnvelope.dir/C_/Users/ben/Documents/GitHub/pico-sdk/src/rp2_common/pico_malloc/pico_malloc.c.obj (malloc)
c:/progra~2/gnuarm~1/102020~1/bin/../lib/gcc/arm-none-eabi/10.2.1/../../../../arm-none-eabi/lib/thumb/v6-m/nofp\libc.a(lib_a-mallocr.o)
                              c:/progra~2/gnuarm~1/102020~1/bin/../lib/gcc/arm-none-eabi/10.2.1/../../../../arm-none-eabi/lib/thumb/v6-m/nofp\libc.a(lib_a-callocr.o) (_malloc_r)
c:/progra~2/gnuarm~1/102020~1/bin/../lib/gcc/arm-none-eabi/10.2.1/../../../../arm-none-eabi/lib/thumb/v6-m/nofp\libc.a(lib_a-mlock.o)
                              c:/progra~2/gnuarm~1/102020~1/bin/../lib/gcc/arm-none-eabi/10.2.1/../../../../arm-none-eabi/lib/thumb/v6-m/nofp\libc.a(lib_a-mallocr.o) (__malloc_lock)
c:/progra~2/gnuarm~1/102020~1/bin/../lib/gcc/arm-none-eabi/10.2.1/../../../../arm-none-eabi/lib/thumb/v6-m/nofp\libc.a(lib_a-realloc.o)
                              CMakeFiles/PicoEnvelope.dir/C_/Users/ben/Documents/GitHub/pico-sdk/src/rp2_common/pico_malloc/pico_malloc.c.obj (realloc)
c:/progra~2/gnuarm~1/102020~1/bin/../lib/gcc/arm-none-eabi/10.2.1/../../../../arm-none-eabi/lib/thumb/v6-m/nofp\libc.a(lib_a-reallocr.o)
                              c:/progra~2/gnuarm~1/102020~1/bin/../lib/gcc/arm-none-eabi/10.2.1/../../../../arm-none-eabi/lib/thumb/v6-m/nofp\libc.a(lib_a-realloc.o) (_realloc_r)
c:/progra~2/gnuarm~1/102020~1/bin/../lib/gcc/arm-none-eabi/10.2.1/../../../../arm-none-eabi/lib/thumb/v6-m/nofp\libc.a(lib_a-sbrkr.o)
                              c:/progra~2/gnuarm~1/102020~1/bin/../lib/gcc/arm-none-eabi/10.2.1/../../../../arm-none-eabi/lib/thumb/v6-m/nofp\libc.a(lib_a-mallocr.o) (_sbrk_r)
c:/progra~2/gnuarm~1/102020~1/bin/../lib/gcc/arm-none-eabi/10.2.1/../../../../arm-none-eabi/lib/thumb/v6-m/nofp\libc.a(lib_a-strlen-stub.o)
                              CMakeFiles/PicoEnvelope.dir/C_/Users/ben/Documents/GitHub/pico-sdk/src/rp2_common/pico_stdio/stdio.c.obj (strlen)
c:/progra~2/gnuarm~1/102020~1/bin/../lib/gcc/arm-none-eabi/10.2.1/../../../../arm-none-eabi/lib/thumb/v6-m/nofp\libc.a(lib_a-freer.o)
                              c:/progra~2/gnuarm~1/102020~1/bin/../lib/gcc/arm-none-eabi/10.2.1/../../../../arm-none-eabi/lib/thumb/v6-m/nofp\libc.a(lib_a-malloc.o) (_free_r)
c:/progra~2/gnuarm~1/102020~1/bin/../lib/gcc/arm-none-eabi/10.2.1/../../../../arm-none-eabi/lib/thumb/v6-m/nofp\libc.a(lib_a-lock.o)
                              c:/progra~2/gnuarm~1/102020~1/bin/../lib/gcc/arm-none-eabi/10.2.1/../../../../arm-none-eabi/lib/thumb/v6-m/nofp\libc.a(lib_a-mlock.o) (__retarget_lock_acquire_recursive)
c:/progra~2/gnuarm~1/102020~1/bin/../lib/gcc/arm-none-eabi/10.2.1/../../../../arm-none-eabi/lib/thumb/v6-m/nofp\libc.a(lib_a-memmove.o)
                              c:/progra~2/gnuarm~1/102020~1/bin/../lib/gcc/arm-none-eabi/10.2.1/../../../../arm-none-eabi/lib/thumb/v6-m/nofp\libc.a(lib_a-reallocr.o) (memmove)
c:/progra~2/gnuarm~1/102020~1/bin/../lib/gcc/arm-none-eabi/10.2.1/../../../../arm-none-eabi/lib/thumb/v6-m/nofp\libc.a(lib_a-reent.o)
[...]
Memory Configuration

Name             Origin             Length             Attributes
FLASH            0x10000000         0x00200000         xr
RAM              0x20000000         0x00040000         xrw
SCRATCH_X        0x20040000         0x00001000         xrw
SCRATCH_Y        0x20041000         0x00001000         xrw
*default*        0x00000000         0xffffffff

Linker script and memory map

LOAD c:/progra~2/gnuarm~1/102020~1/bin/../lib/gcc/arm-none-eabi/10.2.1/thumb/v6-m/nofp/crti.o
LOAD c:/progra~2/gnuarm~1/102020~1/bin/../lib/gcc/arm-none-eabi/10.2.1/thumb/v6-m/nofp/crtbegin.o
LOAD c:/progra~2/gnuarm~1/102020~1/bin/../lib/gcc/arm-none-eabi/10.2.1/../../../../arm-none-eabi/lib/thumb/v6-m/nofp/crt0.o

.flash_begin    0x10000000        0x0
                0x10000000                __flash_binary_start = .

.boot2          0x10000000      0x100
                0x10000000                __boot2_start__ = .
 *(.boot2)
 .boot2         0x10000000      0x100 C:\Users\ben\AppData\Local\Temp\ccYRJAjU.o
                0x10000100                __boot2_end__ = .
                0x00000001                ASSERT (((__boot2_end__ - __boot2_start__) == 0x100), ERROR: Pico second stage bootloader must be 256 bytes in size)

.text           0x10000100     0x7ee8
                0x10000100                __logical_binary_start = .
 *(.vectors)
 .vectors       0x10000100       0xd4 CMakeFiles/PicoEnvelope.dir/C_/Users/ben/Documents/GitHub/pico-sdk/src/rp2_common/pico_standard_link/crt0.S.obj
                0x10000100                __VECTOR_TABLE
                0x10000100                __vectors
                0x100001c0                isr_invalid
                0x100001c0                __default_isrs_start
                0x100001c2                isr_nmi
                0x100001c4                isr_hardfault
                0x100001c6                isr_svcall
                0x100001c8                isr_pendsv
                0x100001ca                isr_systick
                0x100001cc                isr_irq23
                0x100001cc                isr_irq18
                0x100001cc                isr_irq11
                0x100001cc                isr_irq28
                0x100001cc                isr_irq19
                0x100001cc                isr_irq0
                0x100001cc                isr_irq6
                0x100001cc                isr_irq5
                0x100001cc                isr_irq12
                0x100001cc                isr_irq22
                0x100001cc                isr_irq31
                0x100001cc                isr_irq17
                0x100001cc                isr_irq27
                0x100001cc                isr_irq30
                0x100001cc                isr_irq2
                0x100001cc                isr_irq10
                0x100001cc                isr_irq8
                0x100001cc                isr_irq24
                0x100001cc                isr_irq1
                0x100001cc                isr_irq7
                0x100001cc                isr_irq21
                0x100001cc                isr_irq20
                0x100001cc                isr_irq15
                0x100001cc                isr_irq25
                0x100001cc                isr_irq13
                0x100001cc                __unhandled_user_irq
                0x100001cc                isr_irq4
                0x100001cc                isr_irq16
                0x100001cc                isr_irq29
                0x100001cc                isr_irq26
                0x100001cc                __default_isrs_end
                0x100001cc                isr_irq3
                0x100001cc                isr_irq14
                0x100001cc                isr_irq9
                0x100001d2                unhandled_user_irq_num_in_r0
 *(.binary_info_header)
 .binary_info_header
                0x100001d4       0x14 CMakeFiles/PicoEnvelope.dir/C_/Users/ben/Documents/GitHub/pico-sdk/src/rp2_common/pico_standard_link/crt0.S.obj
                0x100001e8                __binary_info_header_end = .
 *(.reset)
 .reset         0x100001e8       0xa0 CMakeFiles/PicoEnvelope.dir/C_/Users/ben/Documents/GitHub/pico-sdk/src/rp2_common/pico_standard_link/crt0.S.obj
                0x100001e8                _entry_point
 .reset         0x10000288       0x30 CMakeFiles/PicoEnvelope.dir/C_/Users/ben/Documents/GitHub/pico-sdk/src/rp2_common/pico_standard_link/binary_info.c.obj
 *(.init)
 .init          0x100002b8        0x4 c:/progra~2/gnuarm~1/102020~1/bin/../lib/gcc/arm-none-eabi/10.2.1/thumb/v6-m/nofp/crti.o
                0x100002b8                _init
 *(EXCLUDE_FILE(*libm.a: *libc.a:*lib_a-mem*.o *libgcc.a:) .text*)
 .text          0x100002bc       0x48 c:/progra~2/gnuarm~1/102020~1/bin/../lib/gcc/arm-none-eabi/10.2.1/thumb/v6-m/nofp/crtbegin.o
 .text.core_one_loop
                0x10000304      0x2e8 CMakeFiles/PicoEnvelope.dir/PicoEnvelope.c.obj
                0x10000304                core_one_loop
 .text.startup.main
                0x100005ec      0x258 CMakeFiles/PicoEnvelope.dir/PicoEnvelope.c.obj
                0x100005ec                main
 .text.set_sys_clock_pll
                0x10000844       0x78 CMakeFiles/PicoEnvelope.dir/C_/Users/ben/Documents/GitHub/pico-sdk/src/rp2_common/pico_stdlib/stdlib.c.obj
                0x10000844                set_sys_clock_pll
 .text.check_sys_clock_khz
                0x100008bc      0x178 CMakeFiles/PicoEnvelope.dir/C_/Users/ben/Documents/GitHub/pico-sdk/src/rp2_common/pico_stdlib/stdlib.c.obj
                0x100008bc                check_sys_clock_khz
 .text.gpio_set_function
                0x10000a34       0x30 CMakeFiles/PicoEnvelope.dir/C_/Users/ben/Documents/GitHub/pico-sdk/src/rp2_common/hardware_gpio/gpio.c.obj
                0x10000a34                gpio_set_function
 .text.gpio_set_pulls
                0x10000a64       0x30 CMakeFiles/PicoEnvelope.dir/C_/Users/ben/Documents/GitHub/pico-sdk/src/rp2_common/hardware_gpio/gpio.c.obj
                0x10000a64                gpio_set_pulls
 .text.gpio_set_oeover
                0x10000a94       0x24 CMakeFiles/PicoEnvelope.dir/C_/Users/ben/Documents/GitHub/pico-sdk/src/rp2_common/hardware_gpio/gpio.c.obj
                0x10000a94                gpio_set_oeover
 .text.gpio_set_input_enabled
                0x10000ab8       0x28 CMakeFiles/PicoEnvelope.dir/C_/Users/ben/Documents/GitHub/pico-sdk/src/rp2_common/hardware_gpio/gpio.c.obj
                0x10000ab8                gpio_set_input_enabled
 .text.gpio_init
                0x10000ae0       0x3c CMakeFiles/PicoEnvelope.dir/C_/Users/ben/Documents/GitHub/pico-sdk/src/rp2_common/hardware_gpio/gpio.c.obj
                0x10000ae0                gpio_init
 .text.running_on_fpga
                0x10000b1c       0x10 CMakeFiles/PicoEnvelope.dir/C_/Users/ben/Documents/GitHub/pico-sdk/src/rp2_common/pico_platform/platform.c.obj
                0x10000b1c                running_on_fpga
 .text.hw_claim_lock
                0x10000b2c       0x18 CMakeFiles/PicoEnvelope.dir/C_/Users/ben/Documents/GitHub/pico-sdk/src/rp2_common/hardware_claim/claim.c.obj
                0x10000b2c                hw_claim_lock
 .text.hw_claim_unlock
                0x10000b44       0x14 CMakeFiles/PicoEnvelope.dir/C_/Users/ben/Documents/GitHub/pico-sdk/src/rp2_common/hardware_claim/claim.c.obj
                0x10000b44                hw_claim_unlock
 .text.hw_claim_or_assert
                0x10000b58       0x44 CMakeFiles/PicoEnvelope.dir/C_/Users/ben/Documents/GitHub/pico-sdk/src/rp2_common/hardware_claim/claim.c.obj
                0x10000b58                hw_claim_or_assert
 .text.hw_claim_unused_from_range
                0x10000b9c       0x9c CMakeFiles/PicoEnvelope.dir/C_/Users/ben/Documents/GitHub/pico-sdk/src/rp2_common/hardware_claim/claim.c.obj
                0x10000b9c                hw_claim_unused_from_range
 .text.spin_locks_reset
                0x10000c38       0x1c CMakeFiles/PicoEnvelope.dir/C_/Users/ben/Documents/GitHub/pico-sdk/src/rp2_common/hardware_sync/sync.c.obj
                0x10000c38                spin_locks_reset
 .text.next_striped_spin_lock_num
                0x10000c54       0x18 CMakeFiles/PicoEnvelope.dir/C_/Users/ben/Documents/GitHub/pico-sdk/src/rp2_common/hardware_sync/sync.c.obj
                0x10000c54                next_striped_spin_lock_num
 .text.spin_lock_claim_unused
                0x10000c6c       0x20 CMakeFiles/PicoEnvelope.dir/C_/Users/ben/Documents/GitHub/pico-sdk/src/rp2_common/hardware_sync/sync.c.obj
                0x10000c6c                spin_lock_claim_unused
 .text.irq_set_enabled
                0x10000c8c       0x24 CMakeFiles/PicoEnvelope.dir/C_/Users/ben/Documents/GitHub/pico-sdk/src/rp2_common/hardware_irq/irq.c.obj
                0x10000c8c                irq_set_enabled
 .text.irq_is_enabled
                0x10000cb0       0x18 CMakeFiles/PicoEnvelope.dir/C_/Users/ben/Documents/GitHub/pico-sdk/src/rp2_common/hardware_irq/irq.c.obj
                0x10000cb0                irq_is_enabled
 .text.irq_set_pending
                0x10000cc8       0x10 CMakeFiles/PicoEnvelope.dir/C_/Users/ben/Documents/GitHub/pico-sdk/src/rp2_common/hardware_irq/irq.c.obj
                0x10000cc8                irq_set_pending
 .text.irq_has_shared_handler
                0x10000cd8       0x2c CMakeFiles/PicoEnvelope.dir/C_/Users/ben/Documents/GitHub/pico-sdk/src/rp2_common/hardware_irq/irq.c.obj
                0x10000cd8                irq_has_shared_handler
 .text.irq_get_vtable_handler
                0x10000d04       0x10 CMakeFiles/PicoEnvelope.dir/C_/Users/ben/Documents/GitHub/pico-sdk/src/rp2_common/hardware_irq/irq.c.obj
                0x10000d04                irq_get_vtable_handler
 .text.irq_set_exclusive_handler
                0x10000d14       0x54 CMakeFiles/PicoEnvelope.dir/C_/Users/ben/Documents/GitHub/pico-sdk/src/rp2_common/hardware_irq/irq.c.obj
                0x10000d14                irq_set_exclusive_handler
 .text.irq_add_shared_handler
                0x10000d68      0x1e8 CMakeFiles/PicoEnvelope.dir/C_/Users/ben/Documents/GitHub/pico-sdk/src/rp2_common/hardware_irq/irq.c.obj
                0x10000d68                irq_add_shared_handler
 .text.irq_remove_handler
                0x10000f50      0x1b0 CMakeFiles/PicoEnvelope.dir/C_/Users/ben/Documents/GitHub/pico-sdk/src/rp2_common/hardware_irq/irq.c.obj
                0x10000f50                irq_remove_handler
 .text.irq_add_tail_to_free_list
                0x10001100       0xb4 CMakeFiles/PicoEnvelope.dir/C_/Users/ben/Documents/GitHub/pico-sdk/src/rp2_common/hardware_irq/irq.c.obj
                0x10001100                irq_add_tail_to_free_list
 .text.irq_init_priorities
                0x100011b4       0x24 CMakeFiles/PicoEnvelope.dir/C_/Users/ben/Documents/GitHub/pico-sdk/src/rp2_common/hardware_irq/irq.c.obj
                0x100011b4                irq_init_priorities
 .text.user_irq_claim_unused
                0x100011d8       0x28 CMakeFiles/PicoEnvelope.dir/C_/Users/ben/Documents/GitHub/pico-sdk/src/rp2_common/hardware_irq/irq.c.obj
                0x100011d8                user_irq_claim_unused
 .text.lock_init
                0x10001200       0x10 CMakeFiles/PicoEnvelope.dir/C_/Users/ben/Documents/GitHub/pico-sdk/src/common/pico_sync/lock_core.c.obj
                0x10001200                lock_init
 .text.mutex_init
                0x10001210       0x1c CMakeFiles/PicoEnvelope.dir/C_/Users/ben/Documents/GitHub/pico-sdk/src/common/pico_sync/mutex.c.obj
                0x10001210                mutex_init
 .text.recursive_mutex_init
                0x1000122c       0x1c CMakeFiles/PicoEnvelope.dir/C_/Users/ben/Documents/GitHub/pico-sdk/src/common/pico_sync/mutex.c.obj
                0x1000122c                recursive_mutex_init
 .text.critical_section_init
                0x10001248       0x20 CMakeFiles/PicoEnvelope.dir/C_/Users/ben/Documents/GitHub/pico-sdk/src/common/pico_sync/critical_section.c.obj
                0x10001248                critical_section_init
 .text.critical_section_init_with_lock_num
                0x10001268       0x14 CMakeFiles/PicoEnvelope.dir/C_/Users/ben/Documents/GitHub/pico-sdk/src/common/pico_sync/critical_section.c.obj
                0x10001268                critical_section_init_with_lock_num
 .text.timer_pool_entry_comparator
                0x1000127c       0x34 CMakeFiles/PicoEnvelope.dir/C_/Users/ben/Documents/GitHub/pico-sdk/src/common/pico_time/time.c.obj
                0x1000127c                timer_pool_entry_comparator
 .text.sleep_until_callback
                0x100012b0       0x30 CMakeFiles/PicoEnvelope.dir/C_/Users/ben/Documents/GitHub/pico-sdk/src/common/pico_time/time.c.obj
 .text.add_alarm_under_lock.isra.0
                0x100012e0      0x100 CMakeFiles/PicoEnvelope.dir/C_/Users/ben/Documents/GitHub/pico-sdk/src/common/pico_time/time.c.obj
 .text.alarm_pool_alarm_callback
                0x100013e0      0x1b8 CMakeFiles/PicoEnvelope.dir/C_/Users/ben/Documents/GitHub/pico-sdk/src/common/pico_time/time.c.obj
 .text.alarm_pool_init_default
                0x10001598       0x6c CMakeFiles/PicoEnvelope.dir/C_/Users/ben/Documents/GitHub/pico-sdk/src/common/pico_time/time.c.obj
                0x10001598                alarm_pool_init_default
 .text.alarm_pool_get_default
                0x10001604        0x8 CMakeFiles/PicoEnvelope.dir/C_/Users/ben/Documents/GitHub/pico-sdk/src/common/pico_time/time.c.obj
                0x10001604                alarm_pool_get_default
 .text.alarm_pool_add_alarm_at
                0x1000160c      0x17c CMakeFiles/PicoEnvelope.dir/C_/Users/ben/Documents/GitHub/pico-sdk/src/common/pico_time/time.c.obj
                0x1000160c                alarm_pool_add_alarm_at
 .text.alarm_pool_cancel_alarm
                0x10001788       0x74 CMakeFiles/PicoEnvelope.dir/C_/Users/ben/Documents/GitHub/pico-sdk/src/common/pico_time/time.c.obj
                0x10001788                alarm_pool_cancel_alarm
 .text.alarm_pool_core_num
                0x100017fc        0x4 CMakeFiles/PicoEnvelope.dir/C_/Users/ben/Documents/GitHub/pico-sdk/src/common/pico_time/time.c.obj
                0x100017fc                alarm_pool_core_num
 .text.sleep_until
                0x10001800       0xc4 CMakeFiles/PicoEnvelope.dir/C_/Users/ben/Documents/GitHub/pico-sdk/src/common/pico_time/time.c.obj
                0x10001800                sleep_until
 .text.sleep_ms
                0x100018c4       0x34 CMakeFiles/PicoEnvelope.dir/C_/Users/ben/Documents/GitHub/pico-sdk/src/common/pico_time/time.c.obj
                0x100018c4                sleep_ms
 .text.best_effort_wfe_or_timeout
                0x100018f8       0x78 CMakeFiles/PicoEnvelope.dir/C_/Users/ben/Documents/GitHub/pico-sdk/src/common/pico_time/time.c.obj
                0x100018f8                best_effort_wfe_or_timeout
 .text.hardware_alarm_irq_handler
                0x10001970       0xbc CMakeFiles/PicoEnvelope.dir/C_/Users/ben/Documents/GitHub/pico-sdk/src/rp2_common/hardware_timer/timer.c.obj
 .text.hardware_alarm_claim
                0x10001a2c       0x18 CMakeFiles/PicoEnvelope.dir/C_/Users/ben/Documents/GitHub/pico-sdk/src/rp2_common/hardware_timer/timer.c.obj
                0x10001a2c                hardware_alarm_claim
 .text.time_us_64
                0x10001a44       0x14 CMakeFiles/PicoEnvelope.dir/C_/Users/ben/Documents/GitHub/pico-sdk/src/rp2_common/hardware_timer/timer.c.obj
                0x10001a44                time_us_64
 .text.busy_wait_until
                0x10001a58       0x20 CMakeFiles/PicoEnvelope.dir/C_/Users/ben/Documents/GitHub/pico-sdk/src/rp2_common/hardware_timer/timer.c.obj
                0x10001a58                busy_wait_until
 .text.hardware_alarm_set_callback
                0x10001a78       0x8c CMakeFiles/PicoEnvelope.dir/C_/Users/ben/Documents/GitHub/pico-sdk/src/rp2_common/hardware_timer/timer.c.obj
                0x10001a78                hardware_alarm_set_callback
 .text.hardware_alarm_set_target
                0x10001b04       0xe0 CMakeFiles/PicoEnvelope.dir/C_/Users/ben/Documents/GitHub/pico-sdk/src/rp2_common/hardware_timer/timer.c.obj
                0x10001b04                hardware_alarm_set_target
 .text.hardware_alarm_cancel
                0x10001be4       0x3c CMakeFiles/PicoEnvelope.dir/C_/Users/ben/Documents/GitHub/pico-sdk/src/rp2_common/hardware_timer/timer.c.obj
                0x10001be4                hardware_alarm_cancel
 .text.ph_merge_nodes
                0x10001c20       0x68 CMakeFiles/PicoEnvelope.dir/C_/Users/ben/Documents/GitHub/pico-sdk/src/common/pico_util/pheap.c.obj
 .text.ph_post_alloc_init
                0x10001c88       0x3c CMakeFiles/PicoEnvelope.dir/C_/Users/ben/Documents/GitHub/pico-sdk/src/common/pico_util/pheap.c.obj
                0x10001c88                ph_post_alloc_init
 .text.ph_merge_two_pass
                0x10001cc4       0x90 CMakeFiles/PicoEnvelope.dir/C_/Users/ben/Documents/GitHub/pico-sdk/src/common/pico_util/pheap.c.obj
                0x10001cc4                ph_merge_two_pass
 .text.ph_remove_any_head
                0x10001d54      0x100 CMakeFiles/PicoEnvelope.dir/C_/Users/ben/Documents/GitHub/pico-sdk/src/common/pico_util/pheap.c.obj
 .text.ph_remove_head
                0x10001e54      0x104 CMakeFiles/PicoEnvelope.dir/C_/Users/ben/Documents/GitHub/pico-sdk/src/common/pico_util/pheap.c.obj
                0x10001e54                ph_remove_head
 .text.ph_remove_and_free_node
                0x10001f58       0x7c CMakeFiles/PicoEnvelope.dir/C_/Users/ben/Documents/GitHub/pico-sdk/src/common/pico_util/pheap.c.obj
                0x10001f58                ph_remove_and_free_node
 .text.clock_configure
                0x10001fd4      0x114 CMakeFiles/PicoEnvelope.dir/C_/Users/ben/Documents/GitHub/pico-sdk/src/rp2_common/hardware_clocks/clocks.c.obj
                0x10001fd4                clock_configure
 .text.clocks_init
                0x100020e8      0x2bc CMakeFiles/PicoEnvelope.dir/C_/Users/ben/Documents/GitHub/pico-sdk/src/rp2_common/hardware_clocks/clocks.c.obj
                0x100020e8                clocks_init
 .text.clock_get_hz
                0x100023a4        0xc CMakeFiles/PicoEnvelope.dir/C_/Users/ben/Documents/GitHub/pico-sdk/src/rp2_common/hardware_clocks/clocks.c.obj
                0x100023a4                clock_get_hz
 .text.pll_init
                0x100023b0       0xb0 CMakeFiles/PicoEnvelope.dir/C_/Users/ben/Documents/GitHub/pico-sdk/src/rp2_common/hardware_pll/pll.c.obj
                0x100023b0                pll_init
 .text.watchdog_start_tick
                0x10002460       0x10 CMakeFiles/PicoEnvelope.dir/C_/Users/ben/Documents/GitHub/pico-sdk/src/rp2_common/hardware_watchdog/watchdog.c.obj
                0x10002460                watchdog_start_tick
 .text.watchdog_reboot
                0x10002470       0x98 CMakeFiles/PicoEnvelope.dir/C_/Users/ben/Documents/GitHub/pico-sdk/src/rp2_common/hardware_watchdog/watchdog.c.obj
                0x10002470                watchdog_reboot
 .text.xosc_init
                0x10002508       0x28 CMakeFiles/PicoEnvelope.dir/C_/Users/ben/Documents/GitHub/pico-sdk/src/rp2_common/hardware_xosc/xosc.c.obj
                0x10002508                xosc_init
 .text.runtime_init
                0x10002530       0xf0 CMakeFiles/PicoEnvelope.dir/C_/Users/ben/Documents/GitHub/pico-sdk/src/rp2_common/pico_runtime/runtime.c.obj
                0x10002530                runtime_init
 .text._exit    0x10002620        0x4 CMakeFiles/PicoEnvelope.dir/C_/Users/ben/Documents/GitHub/pico-sdk/src/rp2_common/pico_runtime/runtime.c.obj
                0x10002620                _exit
 .text.exit     0x10002624        0x8 CMakeFiles/PicoEnvelope.dir/C_/Users/ben/Documents/GitHub/pico-sdk/src/rp2_common/pico_runtime/runtime.c.obj
                0x10002624                exit
 .text.panic    0x1000262c       0x30 CMakeFiles/PicoEnvelope.dir/C_/Users/ben/Documents/GitHub/pico-sdk/src/rp2_common/pico_runtime/runtime.c.obj
                0x1000262c                panic
 .text.hard_assertion_failure
                0x1000265c        0xc CMakeFiles/PicoEnvelope.dir/C_/Users/ben/Documents/GitHub/pico-sdk/src/rp2_common/pico_runtime/runtime.c.obj
                0x1000265c                hard_assertion_failure
 .text._out_null
                0x10002668        0x4 CMakeFiles/PicoEnvelope.dir/C_/Users/ben/Documents/GitHub/pico-sdk/src/rp2_common/pico_printf/printf.c.obj
 .text._out_rev
                0x1000266c       0x9c CMakeFiles/PicoEnvelope.dir/C_/Users/ben/Documents/GitHub/pico-sdk/src/rp2_common/pico_printf/printf.c.obj
 .text._ntoa_format
                0x10002708      0x1cc CMakeFiles/PicoEnvelope.dir/C_/Users/ben/Documents/GitHub/pico-sdk/src/rp2_common/pico_printf/printf.c.obj
 .text._out_char
                0x100028d4       0x10 CMakeFiles/PicoEnvelope.dir/C_/Users/ben/Documents/GitHub/pico-sdk/src/rp2_common/pico_printf/printf.c.obj
 .text._out_fct
                0x100028e4       0x10 CMakeFiles/PicoEnvelope.dir/C_/Users/ben/Documents/GitHub/pico-sdk/src/rp2_common/pico_printf/printf.c.obj
 .text._etoa    0x100028f4      0x44c CMakeFiles/PicoEnvelope.dir/C_/Users/ben/Documents/GitHub/pico-sdk/src/rp2_common/pico_printf/printf.c.obj
 .text._ftoa    0x10002d40      0x398 CMakeFiles/PicoEnvelope.dir/C_/Users/ben/Documents/GitHub/pico-sdk/src/rp2_common/pico_printf/printf.c.obj
 .text._vsnprintf
                0x100030d8      0xb04 CMakeFiles/PicoEnvelope.dir/C_/Users/ben/Documents/GitHub/pico-sdk/src/rp2_common/pico_printf/printf.c.obj
 .text.vfctprintf
                0x10003bdc       0x20 CMakeFiles/PicoEnvelope.dir/C_/Users/ben/Documents/GitHub/pico-sdk/src/rp2_common/pico_printf/printf.c.obj
                0x10003bdc                vfctprintf
 .text.weak_raw_vprintf
                0x10003bfc       0x30 CMakeFiles/PicoEnvelope.dir/C_/Users/ben/Documents/GitHub/pico-sdk/src/rp2_common/pico_printf/printf.c.obj
                0x10003bfc                weak_raw_vprintf
 .text          0x10003c2c       0x10 CMakeFiles/PicoEnvelope.dir/C_/Users/ben/Documents/GitHub/pico-sdk/src/rp2_common/pico_bit_ops/bit_ops_aeabi.S.obj
 .text.ctzsi    0x10003c3c        0xc CMakeFiles/PicoEnvelope.dir/C_/Users/ben/Documents/GitHub/pico-sdk/src/rp2_common/pico_bit_ops/bit_ops_aeabi.S.obj
                0x10003c3c                __wrap___ctzsi2
 .text.rom_func_lookup
                0x10003c48       0x10 CMakeFiles/PicoEnvelope.dir/C_/Users/ben/Documents/GitHub/pico-sdk/src/rp2_common/pico_bootrom/bootrom.c.obj
                0x10003c48                rom_func_lookup
 .text.rom_data_lookup
                0x10003c58       0x10 CMakeFiles/PicoEnvelope.dir/C_/Users/ben/Documents/GitHub/pico-sdk/src/rp2_common/pico_bootrom/bootrom.c.obj
                0x10003c58                rom_data_lookup
 .text.rom_funcs_lookup
                0x10003c68       0x44 CMakeFiles/PicoEnvelope.dir/C_/Users/ben/Documents/GitHub/pico-sdk/src/rp2_common/pico_bootrom/bootrom.c.obj
                0x10003c68                rom_funcs_lookup
 .text.__wrap___aeabi_idiv
                0x10003cac       0x50 CMakeFiles/PicoEnvelope.dir/C_/Users/ben/Documents/GitHub/pico-sdk/src/rp2_common/pico_divider/divider.S.obj
                0x10003cac                __wrap___aeabi_idivmod
                0x10003cac                divmod_s32s32
                0x10003cac                div_s32s32
                0x10003cac                __wrap___aeabi_idiv
                0x10003cb4                divmod_s32s32_unsafe
                0x10003ce0                divmod_s32s32_savestate
 .text.__wrap___aeabi_uidiv
                0x10003cfc       0x4c CMakeFiles/PicoEnvelope.dir/C_/Users/ben/Documents/GitHub/pico-sdk/src/rp2_common/pico_divider/divider.S.obj
                0x10003cfc                __wrap___aeabi_uidiv
                0x10003cfc                __wrap___aeabi_uidivmod
                0x10003cfc                div_u32u32
                0x10003cfc                divmod_u32u32
                0x10003d04                divmod_u32u32_unsafe
                0x10003d2c                divmod_u32u32_savestate
 .text.__wrap___aeabi_ldiv
                0x10003d48      0x424 CMakeFiles/PicoEnvelope.dir/C_/Users/ben/Documents/GitHub/pico-sdk/src/rp2_common/pico_divider/divider.S.obj
                0x10003d48                div_s64s64
                0x10003d48                divmod_s64s64
                0x10003d48                __wrap___aeabi_ldivmod
                0x10003d78                divmod_u64u64
                0x10003d78                div_u64u64
                0x10003d78                __wrap___aeabi_uldivmod
                0x10003d88                divmod_u64u64_savestate
                0x10003da8                divmod_s64s64_unsafe
                0x10003e30                divmod_u64u64_unsafe
 .text.__wrap___aeabi_darithmetic
                0x1000416c       0x80 CMakeFiles/PicoEnvelope.dir/C_/Users/ben/Documents/GitHub/pico-sdk/src/rp2_common/pico_double/double_aeabi.S.obj
                0x1000416c                __wrap___aeabi_drsub
                0x10004172                __wrap___aeabi_dsub
                0x10004184                __wrap___aeabi_dadd
                0x10004196                __wrap___aeabi_ddiv
                0x100041d2                __wrap___aeabi_dmul
 .text.__wrap___aeabi_cdcmple
                0x100041ec       0x6c CMakeFiles/PicoEnvelope.dir/C_/Users/ben/Documents/GitHub/pico-sdk/src/rp2_common/pico_double/double_aeabi.S.obj
                0x100041ec                __wrap___aeabi_cdrcmple
                0x100041fc                __wrap___aeabi_cdcmpeq
                0x100041fc                __wrap___aeabi_cdcmple
 .text.__wrap___aeabi_dcmplt
                0x10004258        0xc CMakeFiles/PicoEnvelope.dir/C_/Users/ben/Documents/GitHub/pico-sdk/src/rp2_common/pico_double/double_aeabi.S.obj
                0x10004258                __wrap___aeabi_dcmplt
 .text.__wrap___aeabi_dcmple
                0x10004264       0x10 CMakeFiles/PicoEnvelope.dir/C_/Users/ben/Documents/GitHub/pico-sdk/src/rp2_common/pico_double/double_aeabi.S.obj
                0x10004264                __wrap___aeabi_dcmple
 .text.__wrap___aeabi_dcmpge
                0x10004274       0x10 CMakeFiles/PicoEnvelope.dir/C_/Users/ben/Documents/GitHub/pico-sdk/src/rp2_common/pico_double/double_aeabi.S.obj
                0x10004274                __wrap___aeabi_dcmpge
 .text.__wrap___aeabi_dcmpgt
                0x10004284        0xa CMakeFiles/PicoEnvelope.dir/C_/Users/ben/Documents/GitHub/pico-sdk/src/rp2_common/pico_double/double_aeabi.S.obj
                0x10004284                __wrap___aeabi_dcmpgt
 .text.__wrap___aeabi_dcmpun
                0x1000428e       0x1c CMakeFiles/PicoEnvelope.dir/C_/Users/ben/Documents/GitHub/pico-sdk/src/rp2_common/pico_double/double_aeabi.S.obj
                0x1000428e                __wrap___aeabi_dcmpun
 *fill*         0x100042aa        0x2 
 .text.__wrap___aeabi_i2d
                0x100042ac       0x38 CMakeFiles/PicoEnvelope.dir/C_/Users/ben/Documents/GitHub/pico-sdk/src/rp2_common/pico_double/double_aeabi.S.obj
                0x100042ac                __wrap___aeabi_ui2d
                0x100042b4                __wrap___aeabi_i2d
 .text.__wrap___aeabi_d2iz
                0x100042e4       0x48 CMakeFiles/PicoEnvelope.dir/C_/Users/ben/Documents/GitHub/pico-sdk/src/rp2_common/pico_double/double_aeabi.S.obj
                0x100042e4                double2int_z
                0x100042e4                __wrap___aeabi_d2iz
 .text.__wrap___aeabi_d2uiz
                0x1000432c       0x18 CMakeFiles/PicoEnvelope.dir/C_/Users/ben/Documents/GitHub/pico-sdk/src/rp2_common/pico_double/double_aeabi.S.obj
                0x1000432c                __wrap___aeabi_d2uiz
                0x1000432c                double2uint
 .text.__wrap___aeabi_d2f
                0x10004344       0x18 CMakeFiles/PicoEnvelope.dir/C_/Users/ben/Documents/GitHub/pico-sdk/src/rp2_common/pico_double/double_aeabi.S.obj
                0x10004344                __wrap___aeabi_d2f
 .text.__aeabi_double_init
                0x1000435c       0x94 CMakeFiles/PicoEnvelope.dir/C_/Users/ben/Documents/GitHub/pico-sdk/src/rp2_common/pico_double/double_init_rom.c.obj
                0x1000435c                __aeabi_double_init
 .text.double_table_shim_on_use_helper
                0x100043f0       0x2c CMakeFiles/PicoEnvelope.dir/C_/Users/ben/Documents/GitHub/pico-sdk/src/rp2_common/pico_double/double_v1_rom_shim.S.obj
                0x100043f0                double_table_shim_on_use_helper
 .text.__wrap___aeabi_dsub
                0x1000441c       0x10 CMakeFiles/PicoEnvelope.dir/C_/Users/ben/Documents/GitHub/pico-sdk/src/rp2_common/pico_double/double_v1_rom_shim.S.obj
                0x1000441c                drsub_shim
                0x10004422                dsub_shim
 .text.dadd_shim
                0x1000442c      0x15c CMakeFiles/PicoEnvelope.dir/C_/Users/ben/Documents/GitHub/pico-sdk/src/rp2_common/pico_double/double_v1_rom_shim.S.obj
                0x1000442c                dadd_shim
 .text.dmul_shim
                0x10004588      0x15c CMakeFiles/PicoEnvelope.dir/C_/Users/ben/Documents/GitHub/pico-sdk/src/rp2_common/pico_double/double_v1_rom_shim.S.obj
                0x10004588                dmul_shim
 .text.ddiv_shim
                0x100046e4      0x1b0 CMakeFiles/PicoEnvelope.dir/C_/Users/ben/Documents/GitHub/pico-sdk/src/rp2_common/pico_double/double_v1_rom_shim.S.obj
                0x100046e4                ddiv_shim
 .text.double2uint_shim
                0x10004894        0xe CMakeFiles/PicoEnvelope.dir/C_/Users/ben/Documents/GitHub/pico-sdk/src/rp2_common/pico_double/double_v1_rom_shim.S.obj
                0x10004894                double2uint_shim
                0x10004896                double2ufix_shim
 *fill*         0x100048a2        0x2 
 .text.double2uint64_shim
                0x100048a4       0x70 CMakeFiles/PicoEnvelope.dir/C_/Users/ben/Documents/GitHub/pico-sdk/src/rp2_common/pico_double/double_v1_rom_shim.S.obj
                0x100048a4                double2uint64_shim
                0x100048a6                double2ufix64_shim
                0x100048c6                d2fix_a
 .text.double2float_shim
                0x10004914       0x5c CMakeFiles/PicoEnvelope.dir/C_/Users/ben/Documents/GitHub/pico-sdk/src/rp2_common/pico_double/double_v1_rom_shim.S.obj
                0x10004914                double2float_shim
 .text.dunpacks
                0x10004970       0x3c CMakeFiles/PicoEnvelope.dir/C_/Users/ben/Documents/GitHub/pico-sdk/src/rp2_common/pico_double/double_v1_rom_shim.S.obj
                0x10004970                dunpacks
 .text.__aeabi_lmul
                0x100049ac       0x32 CMakeFiles/PicoEnvelope.dir/C_/Users/ben/Documents/GitHub/pico-sdk/src/rp2_common/pico_int64_ops/pico_int64_ops_aeabi.S.obj
                0x100049ac                __wrap___aeabi_lmul
 *fill*         0x100049de        0x2 
 .text.__wrap___aeabi_farithmetic
                0x100049e0       0x48 CMakeFiles/PicoEnvelope.dir/C_/Users/ben/Documents/GitHub/pico-sdk/src/rp2_common/pico_float/float_aeabi.S.obj
                0x100049e0                __wrap___aeabi_frsub
                0x100049e6                __wrap___aeabi_fsub
                0x100049ec                __wrap___aeabi_fadd
                0x100049f2                __wrap___aeabi_fdiv
                0x10004a1a                __wrap___aeabi_fmul
 .text.__wrap___aeabi_ui2f
                0x10004a28        0xa CMakeFiles/PicoEnvelope.dir/C_/Users/ben/Documents/GitHub/pico-sdk/src/rp2_common/pico_float/float_aeabi.S.obj
                0x10004a28                __wrap___aeabi_ui2f
 *fill*         0x10004a32        0x2 
 .text.__wrap___aeabi_i2f
                0x10004a34       0x44 CMakeFiles/PicoEnvelope.dir/C_/Users/ben/Documents/GitHub/pico-sdk/src/rp2_common/pico_float/float_aeabi.S.obj
                0x10004a34                __wrap___aeabi_i2f
 .text.__wrap___aeabi_f2uiz
                0x10004a78        0xc CMakeFiles/PicoEnvelope.dir/C_/Users/ben/Documents/GitHub/pico-sdk/src/rp2_common/pico_float/float_aeabi.S.obj
                0x10004a78                __wrap___aeabi_f2uiz
 .text.__wrap___aeabi_f2d
                0x10004a84       0x14 CMakeFiles/PicoEnvelope.dir/C_/Users/ben/Documents/GitHub/pico-sdk/src/rp2_common/pico_float/float_aeabi.S.obj
                0x10004a84                __wrap___aeabi_f2d
 .text.__aeabi_float_init
                0x10004a98       0x64 CMakeFiles/PicoEnvelope.dir/C_/Users/ben/Documents/GitHub/pico-sdk/src/rp2_common/pico_float/float_init_rom.c.obj
                0x10004a98                __aeabi_float_init
 .text.float_table_shim_on_use_helper
                0x10004afc       0x2c CMakeFiles/PicoEnvelope.dir/C_/Users/ben/Documents/GitHub/pico-sdk/src/rp2_common/pico_float/float_v1_rom_shim.S.obj
                0x10004afc                float_table_shim_on_use_helper
 .text.float2double_shim
                0x10004b28       0x30 CMakeFiles/PicoEnvelope.dir/C_/Users/ben/Documents/GitHub/pico-sdk/src/rp2_common/pico_float/float_v1_rom_shim.S.obj
                0x10004b28                float2double_shim
 .text          0x10004b58       0x10 CMakeFiles/PicoEnvelope.dir/C_/Users/ben/Documents/GitHub/pico-sdk/src/rp2_common/pico_mem_ops/mem_ops_aeabi.S.obj
                0x10004b58                __aeabi_mem_init
 .text.memset   0x10004b68        0xc CMakeFiles/PicoEnvelope.dir/C_/Users/ben/Documents/GitHub/pico-sdk/src/rp2_common/pico_mem_ops/mem_ops_aeabi.S.obj
                0x10004b68                __wrap_memset
 .text.memcpy   0x10004b74        0xc CMakeFiles/PicoEnvelope.dir/C_/Users/ben/Documents/GitHub/pico-sdk/src/rp2_common/pico_mem_ops/mem_ops_aeabi.S.obj
                0x10004b74                __wrap_memcpy
                0x10004b74                __wrap___aeabi_memcpy
 .text.stdio_out_chars_no_crlf
                0x10004b80       0x10 CMakeFiles/PicoEnvelope.dir/C_/Users/ben/Documents/GitHub/pico-sdk/src/rp2_common/pico_stdio/stdio.c.obj
 .text.stdio_out_chars_crlf
                0x10004b90       0xb4 CMakeFiles/PicoEnvelope.dir/C_/Users/ben/Documents/GitHub/pico-sdk/src/rp2_common/pico_stdio/stdio.c.obj
 .text.stdio_buffered_printer
                0x10004c44       0x64 CMakeFiles/PicoEnvelope.dir/C_/Users/ben/Documents/GitHub/pico-sdk/src/rp2_common/pico_stdio/stdio.c.obj
 .text.stdio_put_string.isra.0
                0x10004ca8       0xfc CMakeFiles/PicoEnvelope.dir/C_/Users/ben/Documents/GitHub/pico-sdk/src/rp2_common/pico_stdio/stdio.c.obj
 .text.__wrap_putchar
                0x10004da4       0x98 CMakeFiles/PicoEnvelope.dir/C_/Users/ben/Documents/GitHub/pico-sdk/src/rp2_common/pico_stdio/stdio.c.obj
                0x10004da4                __wrap_putchar
 .text.__wrap_puts
                0x10004e3c       0x3c CMakeFiles/PicoEnvelope.dir/C_/Users/ben/Documents/GitHub/pico-sdk/src/rp2_common/pico_stdio/stdio.c.obj
                0x10004e3c                __wrap_puts
 .text.stdio_set_driver_enabled
                0x10004e78       0x30 CMakeFiles/PicoEnvelope.dir/C_/Users/ben/Documents/GitHub/pico-sdk/src/rp2_common/pico_stdio/stdio.c.obj
                0x10004e78                stdio_set_driver_enabled
 .text.__wrap_vprintf
                0x10004ea8       0xd8 CMakeFiles/PicoEnvelope.dir/C_/Users/ben/Documents/GitHub/pico-sdk/src/rp2_common/pico_stdio/stdio.c.obj
                0x10004ea8                __wrap_vprintf
 .text.__wrap_printf
                0x10004f80       0x18 CMakeFiles/PicoEnvelope.dir/C_/Users/ben/Documents/GitHub/pico-sdk/src/rp2_common/pico_stdio/stdio.c.obj
                0x10004f80                __wrap_printf
 .text.stdio_init_all
                0x10004f98        0x8 CMakeFiles/PicoEnvelope.dir/C_/Users/ben/Documents/GitHub/pico-sdk/src/rp2_common/pico_stdio/stdio.c.obj
                0x10004f98                stdio_init_all
 .text.resetd_init
                0x10004fa0        0x4 CMakeFiles/PicoEnvelope.dir/C_/Users/ben/Documents/GitHub/pico-sdk/src/rp2_common/pico_stdio_usb/reset_interface.c.obj
 .text.resetd_reset
                0x10004fa4        0xc CMakeFiles/PicoEnvelope.dir/C_/Users/ben/Documents/GitHub/pico-sdk/src/rp2_common/pico_stdio_usb/reset_interface.c.obj
 .text.resetd_open
                0x10004fb0       0x28 CMakeFiles/PicoEnvelope.dir/C_/Users/ben/Documents/GitHub/pico-sdk/src/rp2_common/pico_stdio_usb/reset_interface.c.obj
 .text.resetd_xfer_cb
                0x10004fd8        0x4 CMakeFiles/PicoEnvelope.dir/C_/Users/ben/Documents/GitHub/pico-sdk/src/rp2_common/pico_stdio_usb/reset_interface.c.obj
 .text.resetd_control_xfer_cb
                0x10004fdc       0x64 CMakeFiles/PicoEnvelope.dir/C_/Users/ben/Documents/GitHub/pico-sdk/src/rp2_common/pico_stdio_usb/reset_interface.c.obj
 .text.usbd_app_driver_get_cb
                0x10005040        0xc CMakeFiles/PicoEnvelope.dir/C_/Users/ben/Documents/GitHub/pico-sdk/src/rp2_common/pico_stdio_usb/reset_interface.c.obj
                0x10005040                usbd_app_driver_get_cb
 .text.tud_cdc_line_coding_cb
                0x1000504c       0x34 CMakeFiles/PicoEnvelope.dir/C_/Users/ben/Documents/GitHub/pico-sdk/src/rp2_common/pico_stdio_usb/reset_interface.c.obj
                0x1000504c                tud_cdc_line_coding_cb
 .text.stdio_usb_set_chars_available_callback
                0x10005080       0x14 CMakeFiles/PicoEnvelope.dir/C_/Users/ben/Documents/GitHub/pico-sdk/src/rp2_common/pico_stdio_usb/stdio_usb.c.obj
                0x10005080                stdio_usb_set_chars_available_callback
 .text.usb_irq  0x10005094       0x10 CMakeFiles/PicoEnvelope.dir/C_/Users/ben/Documents/GitHub/pico-sdk/src/rp2_common/pico_stdio_usb/stdio_usb.c.obj
 .text.timer_task
                0x100050a4       0x54 CMakeFiles/PicoEnvelope.dir/C_/Users/ben/Documents/GitHub/pico-sdk/src/rp2_common/pico_stdio_usb/stdio_usb.c.obj
 .text.stdio_usb_in_chars
                0x100050f8       0x90 CMakeFiles/PicoEnvelope.dir/C_/Users/ben/Documents/GitHub/pico-sdk/src/rp2_common/pico_stdio_usb/stdio_usb.c.obj
                0x100050f8                stdio_usb_in_chars
 .text.stdio_usb_out_chars
                0x10005188      0x100 CMakeFiles/PicoEnvelope.dir/C_/Users/ben/Documents/GitHub/pico-sdk/src/rp2_common/pico_stdio_usb/stdio_usb.c.obj
 .text.low_priority_worker_irq
                0x10005288       0xa8 CMakeFiles/PicoEnvelope.dir/C_/Users/ben/Documents/GitHub/pico-sdk/src/rp2_common/pico_stdio_usb/stdio_usb.c.obj
 .text.tud_cdc_rx_cb
                0x10005330       0x20 CMakeFiles/PicoEnvelope.dir/C_/Users/ben/Documents/GitHub/pico-sdk/src/rp2_common/pico_stdio_usb/stdio_usb.c.obj
                0x10005330                tud_cdc_rx_cb
 .text.stdio_usb_init
                0x10005350       0xdc CMakeFiles/PicoEnvelope.dir/C_/Users/ben/Documents/GitHub/pico-sdk/src/rp2_common/pico_stdio_usb/stdio_usb.c.obj
                0x10005350                stdio_usb_init
 .text.tud_descriptor_device_cb
                0x1000542c        0x8 CMakeFiles/PicoEnvelope.dir/C_/Users/ben/Documents/GitHub/pico-sdk/src/rp2_common/pico_stdio_usb/stdio_usb_descriptors.c.obj
                0x1000542c                tud_descriptor_device_cb
 .text.tud_descriptor_configuration_cb
                0x10005434        0x8 CMakeFiles/PicoEnvelope.dir/C_/Users/ben/Documents/GitHub/pico-sdk/src/rp2_common/pico_stdio_usb/stdio_usb_descriptors.c.obj
                0x10005434                tud_descriptor_configuration_cb
 .text.tud_descriptor_string_cb
                0x1000543c       0x74 CMakeFiles/PicoEnvelope.dir/C_/Users/ben/Documents/GitHub/pico-sdk/src/rp2_common/pico_stdio_usb/stdio_usb_descriptors.c.obj
                0x1000543c                tud_descriptor_string_cb
 .text.startup._retrieve_unique_id_on_boot
                0x100054b0       0x10 CMakeFiles/PicoEnvelope.dir/C_/Users/ben/Documents/GitHub/pico-sdk/src/rp2_common/pico_unique_id/unique_id.c.obj
 .text.pico_get_unique_board_id_string
                0x100054c0      0x1a8 CMakeFiles/PicoEnvelope.dir/C_/Users/ben/Documents/GitHub/pico-sdk/src/rp2_common/pico_unique_id/unique_id.c.obj
                0x100054c0                pico_get_unique_board_id_string
 .text.flash_get_unique_id
                0x10005668       0x40 CMakeFiles/PicoEnvelope.dir/C_/Users/ben/Documents/GitHub/pico-sdk/src/rp2_common/hardware_flash/flash.c.obj
                0x10005668                flash_get_unique_id
 .text.dcd_int_enable
                0x100056a8        0xc CMakeFiles/PicoEnvelope.dir/C_/Users/ben/Documents/GitHub/pico-sdk/lib/tinyusb/src/portable/raspberrypi/rp2040/dcd_rp2040.c.obj
                0x100056a8                dcd_int_enable
 .text.dcd_set_address
                0x100056b4       0x14 CMakeFiles/PicoEnvelope.dir/C_/Users/ben/Documents/GitHub/pico-sdk/lib/tinyusb/src/portable/raspberrypi/rp2040/dcd_rp2040.c.obj
                0x100056b4                dcd_set_address
 .text.dcd_connect
                0x100056c8       0x10 CMakeFiles/PicoEnvelope.dir/C_/Users/ben/Documents/GitHub/pico-sdk/lib/tinyusb/src/portable/raspberrypi/rp2040/dcd_rp2040.c.obj
                0x100056c8                dcd_connect
 .text.dcd_init
                0x100056d8       0x98 CMakeFiles/PicoEnvelope.dir/C_/Users/ben/Documents/GitHub/pico-sdk/lib/tinyusb/src/portable/raspberrypi/rp2040/dcd_rp2040.c.obj
                0x100056d8                dcd_init
 .text.dcd_edpt0_status_complete
                0x10005770       0x1c CMakeFiles/PicoEnvelope.dir/C_/Users/ben/Documents/GitHub/pico-sdk/lib/tinyusb/src/portable/raspberrypi/rp2040/dcd_rp2040.c.obj
                0x10005770                dcd_edpt0_status_complete
 .text.dcd_edpt_open
                0x1000578c      0x108 CMakeFiles/PicoEnvelope.dir/C_/Users/ben/Documents/GitHub/pico-sdk/lib/tinyusb/src/portable/raspberrypi/rp2040/dcd_rp2040.c.obj
                0x1000578c                dcd_edpt_open
 .text.dcd_edpt_close_all
                0x10005894        0x8 CMakeFiles/PicoEnvelope.dir/C_/Users/ben/Documents/GitHub/pico-sdk/lib/tinyusb/src/portable/raspberrypi/rp2040/dcd_rp2040.c.obj
                0x10005894                dcd_edpt_close_all
 .text.dcd_edpt_xfer
                0x1000589c       0x24 CMakeFiles/PicoEnvelope.dir/C_/Users/ben/Documents/GitHub/pico-sdk/lib/tinyusb/src/portable/raspberrypi/rp2040/dcd_rp2040.c.obj
                0x1000589c                dcd_edpt_xfer
 .text.dcd_edpt_stall
                0x100058c0       0x38 CMakeFiles/PicoEnvelope.dir/C_/Users/ben/Documents/GitHub/pico-sdk/lib/tinyusb/src/portable/raspberrypi/rp2040/dcd_rp2040.c.obj
                0x100058c0                dcd_edpt_stall
 .text.dcd_edpt_clear_stall
                0x100058f8       0x30 CMakeFiles/PicoEnvelope.dir/C_/Users/ben/Documents/GitHub/pico-sdk/lib/tinyusb/src/portable/raspberrypi/rp2040/dcd_rp2040.c.obj
                0x100058f8                dcd_edpt_clear_stall
 .text.rp2040_usb_init
                0x10005928       0x4c CMakeFiles/PicoEnvelope.dir/C_/Users/ben/Documents/GitHub/pico-sdk/lib/tinyusb/src/portable/raspberrypi/rp2040/rp2040_usb.c.obj
                0x10005928                rp2040_usb_init
 .text.hw_endpoint_xfer_start
                0x10005974       0x50 CMakeFiles/PicoEnvelope.dir/C_/Users/ben/Documents/GitHub/pico-sdk/lib/tinyusb/src/portable/raspberrypi/rp2040/rp2040_usb.c.obj
                0x10005974                hw_endpoint_xfer_start
 .text.tud_mounted
                0x100059c4       0x10 CMakeFiles/PicoEnvelope.dir/C_/Users/ben/Documents/GitHub/pico-sdk/lib/tinyusb/src/device/usbd.c.obj
                0x100059c4                tud_mounted
 .text.tud_suspended
                0x100059d4       0x10 CMakeFiles/PicoEnvelope.dir/C_/Users/ben/Documents/GitHub/pico-sdk/lib/tinyusb/src/device/usbd.c.obj
                0x100059d4                tud_suspended
 .text.tud_inited
                0x100059e4       0x14 CMakeFiles/PicoEnvelope.dir/C_/Users/ben/Documents/GitHub/pico-sdk/lib/tinyusb/src/device/usbd.c.obj
                0x100059e4                tud_inited
 .text.tud_init
                0x100059f8       0xe4 CMakeFiles/PicoEnvelope.dir/C_/Users/ben/Documents/GitHub/pico-sdk/lib/tinyusb/src/device/usbd.c.obj
                0x100059f8                tud_init
 .text.tud_task_ext
                0x10005adc      0x854 CMakeFiles/PicoEnvelope.dir/C_/Users/ben/Documents/GitHub/pico-sdk/lib/tinyusb/src/device/usbd.c.obj
                0x10005adc                tud_task_ext
 .text.usbd_open_edpt_pair
                0x10006330       0x9c CMakeFiles/PicoEnvelope.dir/C_/Users/ben/Documents/GitHub/pico-sdk/lib/tinyusb/src/device/usbd.c.obj
                0x10006330                usbd_open_edpt_pair
 .text.usbd_defer_func
                0x100063cc       0x48 CMakeFiles/PicoEnvelope.dir/C_/Users/ben/Documents/GitHub/pico-sdk/lib/tinyusb/src/device/usbd.c.obj
                0x100063cc                usbd_defer_func
 .text.usbd_edpt_open
                0x10006414       0x34 CMakeFiles/PicoEnvelope.dir/C_/Users/ben/Documents/GitHub/pico-sdk/lib/tinyusb/src/device/usbd.c.obj
                0x10006414                usbd_edpt_open
 .text.usbd_edpt_claim
                0x10006448       0x28 CMakeFiles/PicoEnvelope.dir/C_/Users/ben/Documents/GitHub/pico-sdk/lib/tinyusb/src/device/usbd.c.obj
                0x10006448                usbd_edpt_claim
 .text.usbd_edpt_release
                0x10006470       0x28 CMakeFiles/PicoEnvelope.dir/C_/Users/ben/Documents/GitHub/pico-sdk/lib/tinyusb/src/device/usbd.c.obj
                0x10006470                usbd_edpt_release
 .text.usbd_edpt_xfer
                0x10006498       0x4c CMakeFiles/PicoEnvelope.dir/C_/Users/ben/Documents/GitHub/pico-sdk/lib/tinyusb/src/device/usbd.c.obj
                0x10006498                usbd_edpt_xfer
 .text.tud_control_status
                0x100064e4       0x30 CMakeFiles/PicoEnvelope.dir/C_/Users/ben/Documents/GitHub/pico-sdk/lib/tinyusb/src/device/usbd_control.c.obj
                0x100064e4                tud_control_status
 .text.tud_control_xfer
                0x10006514       0xbc CMakeFiles/PicoEnvelope.dir/C_/Users/ben/Documents/GitHub/pico-sdk/lib/tinyusb/src/device/usbd_control.c.obj
                0x10006514                tud_control_xfer
 .text.usbd_control_reset
                0x100065d0       0x14 CMakeFiles/PicoEnvelope.dir/C_/Users/ben/Documents/GitHub/pico-sdk/lib/tinyusb/src/device/usbd_control.c.obj
                0x100065d0                usbd_control_reset
 .text.usbd_control_set_complete_callback
                0x100065e4        0xc CMakeFiles/PicoEnvelope.dir/C_/Users/ben/Documents/GitHub/pico-sdk/lib/tinyusb/src/device/usbd_control.c.obj
                0x100065e4                usbd_control_set_complete_callback
 .text.usbd_control_set_request
                0x100065f0       0x1c CMakeFiles/PicoEnvelope.dir/C_/Users/ben/Documents/GitHub/pico-sdk/lib/tinyusb/src/device/usbd_control.c.obj
                0x100065f0                usbd_control_set_request
 .text.usbd_control_xfer_cb
                0x1000660c       0xfc CMakeFiles/PicoEnvelope.dir/C_/Users/ben/Documents/GitHub/pico-sdk/lib/tinyusb/src/device/usbd_control.c.obj
                0x1000660c                usbd_control_xfer_cb
 .text.tud_cdc_n_connected
                0x10006708       0x30 CMakeFiles/PicoEnvelope.dir/C_/Users/ben/Documents/GitHub/pico-sdk/lib/tinyusb/src/class/cdc/cdc_device.c.obj
                0x10006708                tud_cdc_n_connected
 .text.tud_cdc_n_available
                0x10006738       0x18 CMakeFiles/PicoEnvelope.dir/C_/Users/ben/Documents/GitHub/pico-sdk/lib/tinyusb/src/class/cdc/cdc_device.c.obj
                0x10006738                tud_cdc_n_available
 .text.tud_cdc_n_read
                0x10006750       0x70 CMakeFiles/PicoEnvelope.dir/C_/Users/ben/Documents/GitHub/pico-sdk/lib/tinyusb/src/class/cdc/cdc_device.c.obj
                0x10006750                tud_cdc_n_read
 .text.tud_cdc_n_write_flush
                0x100067c0       0x78 CMakeFiles/PicoEnvelope.dir/C_/Users/ben/Documents/GitHub/pico-sdk/lib/tinyusb/src/class/cdc/cdc_device.c.obj
                0x100067c0                tud_cdc_n_write_flush
 .text.tud_cdc_n_write
                0x10006838       0x34 CMakeFiles/PicoEnvelope.dir/C_/Users/ben/Documents/GitHub/pico-sdk/lib/tinyusb/src/class/cdc/cdc_device.c.obj
                0x10006838                tud_cdc_n_write
 .text.tud_cdc_n_write_available
                0x1000686c       0x18 CMakeFiles/PicoEnvelope.dir/C_/Users/ben/Documents/GitHub/pico-sdk/lib/tinyusb/src/class/cdc/cdc_device.c.obj
                0x1000686c                tud_cdc_n_write_available
 .text.cdcd_init
                0x10006884       0x7c CMakeFiles/PicoEnvelope.dir/C_/Users/ben/Documents/GitHub/pico-sdk/lib/tinyusb/src/class/cdc/cdc_device.c.obj
                0x10006884                cdcd_init
 .text.cdcd_reset
                0x10006900       0x2c CMakeFiles/PicoEnvelope.dir/C_/Users/ben/Documents/GitHub/pico-sdk/lib/tinyusb/src/class/cdc/cdc_device.c.obj
                0x10006900                cdcd_reset
 .text.cdcd_open
                0x1000692c       0xe8 CMakeFiles/PicoEnvelope.dir/C_/Users/ben/Documents/GitHub/pico-sdk/lib/tinyusb/src/class/cdc/cdc_device.c.obj
                0x1000692c                cdcd_open
 .text.cdcd_control_xfer_cb
                0x10006a14       0xe4 CMakeFiles/PicoEnvelope.dir/C_/Users/ben/Documents/GitHub/pico-sdk/lib/tinyusb/src/class/cdc/cdc_device.c.obj
                0x10006a14                cdcd_control_xfer_cb
 .text.cdcd_xfer_cb
                0x10006af8      0x148 CMakeFiles/PicoEnvelope.dir/C_/Users/ben/Documents/GitHub/pico-sdk/lib/tinyusb/src/class/cdc/cdc_device.c.obj
                0x10006af8                cdcd_xfer_cb
 .text.tusb_init
                0x10006c40        0xc CMakeFiles/PicoEnvelope.dir/C_/Users/ben/Documents/GitHub/pico-sdk/lib/tinyusb/src/tusb.c.obj
                0x10006c40                tusb_init
 .text.tusb_inited
                0x10006c4c        0x8 CMakeFiles/PicoEnvelope.dir/C_/Users/ben/Documents/GitHub/pico-sdk/lib/tinyusb/src/tusb.c.obj
                0x10006c4c                tusb_inited
 .text.tu_edpt_claim
                0x10006c54       0x50 CMakeFiles/PicoEnvelope.dir/C_/Users/ben/Documents/GitHub/pico-sdk/lib/tinyusb/src/tusb.c.obj
                0x10006c54                tu_edpt_claim
 .text.tu_edpt_release
                0x10006ca4       0x38 CMakeFiles/PicoEnvelope.dir/C_/Users/ben/Documents/GitHub/pico-sdk/lib/tinyusb/src/tusb.c.obj
                0x10006ca4                tu_edpt_release
 .text.tu_edpt_validate
                0x10006cdc       0x78 CMakeFiles/PicoEnvelope.dir/C_/Users/ben/Documents/GitHub/pico-sdk/lib/tinyusb/src/tusb.c.obj
                0x10006cdc                tu_edpt_validate
 .text.tu_edpt_bind_driver
                0x10006d54       0x34 CMakeFiles/PicoEnvelope.dir/C_/Users/ben/Documents/GitHub/pico-sdk/lib/tinyusb/src/tusb.c.obj
                0x10006d54                tu_edpt_bind_driver
 .text.tu_fifo_config
                0x10006d88       0x70 CMakeFiles/PicoEnvelope.dir/C_/Users/ben/Documents/GitHub/pico-sdk/lib/tinyusb/src/common/tusb_fifo.c.obj
                0x10006d88                tu_fifo_config
 .text.tu_fifo_count
                0x10006df8       0x2c CMakeFiles/PicoEnvelope.dir/C_/Users/ben/Documents/GitHub/pico-sdk/lib/tinyusb/src/common/tusb_fifo.c.obj
                0x10006df8                tu_fifo_count
 .text.tu_fifo_empty
                0x10006e24       0x10 CMakeFiles/PicoEnvelope.dir/C_/Users/ben/Documents/GitHub/pico-sdk/lib/tinyusb/src/common/tusb_fifo.c.obj
                0x10006e24                tu_fifo_empty
 .text.tu_fifo_remaining
                0x10006e34       0x2c CMakeFiles/PicoEnvelope.dir/C_/Users/ben/Documents/GitHub/pico-sdk/lib/tinyusb/src/common/tusb_fifo.c.obj
                0x10006e34                tu_fifo_remaining
 .text.tu_fifo_read
                0x10006e60       0xa0 CMakeFiles/PicoEnvelope.dir/C_/Users/ben/Documents/GitHub/pico-sdk/lib/tinyusb/src/common/tusb_fifo.c.obj
                0x10006e60                tu_fifo_read
 .text.tu_fifo_read_n
                0x10006f00       0xec CMakeFiles/PicoEnvelope.dir/C_/Users/ben/Documents/GitHub/pico-sdk/lib/tinyusb/src/common/tusb_fifo.c.obj
                0x10006f00                tu_fifo_read_n
 .text.tu_fifo_write
                0x10006fec       0x88 CMakeFiles/PicoEnvelope.dir/C_/Users/ben/Documents/GitHub/pico-sdk/lib/tinyusb/src/common/tusb_fifo.c.obj
                0x10006fec                tu_fifo_write
 .text.tu_fifo_write_n
                0x10007074      0x168 CMakeFiles/PicoEnvelope.dir/C_/Users/ben/Documents/GitHub/pico-sdk/lib/tinyusb/src/common/tusb_fifo.c.obj
                0x10007074                tu_fifo_write_n
 .text.tu_fifo_clear
                0x100071dc       0x40 CMakeFiles/PicoEnvelope.dir/C_/Users/ben/Documents/GitHub/pico-sdk/lib/tinyusb/src/common/tusb_fifo.c.obj
                0x100071dc                tu_fifo_clear
 .text.tu_fifo_set_overwritable
                0x1000721c       0x48 CMakeFiles/PicoEnvelope.dir/C_/Users/ben/Documents/GitHub/pico-sdk/lib/tinyusb/src/common/tusb_fifo.c.obj
                0x1000721c                tu_fifo_set_overwritable
 .text.core1_trampoline
                0x10007264        0x4 CMakeFiles/PicoEnvelope.dir/C_/Users/ben/Documents/GitHub/pico-sdk/src/rp2_common/pico_multicore/multicore.c.obj
 .text.core1_wrapper
                0x10007268        0xc CMakeFiles/PicoEnvelope.dir/C_/Users/ben/Documents/GitHub/pico-sdk/src/rp2_common/pico_multicore/multicore.c.obj
                0x10007268                core1_wrapper
 .text.multicore_launch_core1_raw
                0x10007274       0x84 CMakeFiles/PicoEnvelope.dir/C_/Users/ben/Documents/GitHub/pico-sdk/src/rp2_common/pico_multicore/multicore.c.obj
                0x10007274                multicore_launch_core1_raw
 .text.multicore_launch_core1
                0x100072f8       0x4c CMakeFiles/PicoEnvelope.dir/C_/Users/ben/Documents/GitHub/pico-sdk/src/rp2_common/pico_multicore/multicore.c.obj
                0x100072f8                multicore_launch_core1
 .text.adc_init
                0x10007344       0x38 CMakeFiles/PicoEnvelope.dir/C_/Users/ben/Documents/GitHub/pico-sdk/src/rp2_common/hardware_adc/adc.c.obj
                0x10007344                adc_init
 .text.spi_init
                0x1000737c       0xf8 CMakeFiles/PicoEnvelope.dir/C_/Users/ben/Documents/GitHub/pico-sdk/src/rp2_common/hardware_spi/spi.c.obj
                0x1000737c                spi_init
 .text.pio_add_program
                0x10007474       0xc8 CMakeFiles/PicoEnvelope.dir/C_/Users/ben/Documents/GitHub/pico-sdk/src/rp2_common/hardware_pio/pio.c.obj
                0x10007474                pio_add_program
 .text.pio_sm_set_pins_with_mask
                0x1000753c       0xa4 CMakeFiles/PicoEnvelope.dir/C_/Users/ben/Documents/GitHub/pico-sdk/src/rp2_common/hardware_pio/pio.c.obj
                0x1000753c                pio_sm_set_pins_with_mask
 .text.pio_sm_set_pindirs_with_mask
                0x100075e0       0xa4 CMakeFiles/PicoEnvelope.dir/C_/Users/ben/Documents/GitHub/pico-sdk/src/rp2_common/hardware_pio/pio.c.obj
                0x100075e0                pio_sm_set_pindirs_with_mask
 .text.pio_sm_init
                0x10007684       0x8c CMakeFiles/PicoEnvelope.dir/C_/Users/ben/Documents/GitHub/pico-sdk/src/rp2_common/hardware_pio/pio.c.obj
                0x10007684                pio_sm_init
 .text.pio_sm_drain_tx_fifo
                0x10007710       0x40 CMakeFiles/PicoEnvelope.dir/C_/Users/ben/Documents/GitHub/pico-sdk/src/rp2_common/hardware_pio/pio.c.obj
                0x10007710                pio_sm_drain_tx_fifo
 .text.pio_i2c_start
                0x10007750      0x4e4 ..\pio-i2c-hs\libpio-i2c-hs.a(pio_i2c.c.obj)
                0x10007750                pio_i2c_start
 .text.pio_i2c_stop
                0x10007c34       0xb4 ..\pio-i2c-hs\libpio-i2c-hs.a(pio_i2c.c.obj)
                0x10007c34                pio_i2c_stop
 .text.pio_i2c_write_blocking
                0x10007ce8      0x1bc ..\pio-i2c-hs\libpio-i2c-hs.a(pio_i2c.c.obj)
                0x10007ce8                pio_i2c_write_blocking
 .text.strlen   0x10007ea4       0x5c c:/progra~2/gnuarm~1/102020~1/bin/../lib/gcc/arm-none-eabi/10.2.1/../../../../arm-none-eabi/lib/thumb/v6-m/nofp\libc.a(lib_a-strlen-stub.o)
                0x10007ea4                strlen
 *(.fini)
 .fini          0x10007f00        0x4 c:/progra~2/gnuarm~1/102020~1/bin/../lib/gcc/arm-none-eabi/10.2.1/thumb/v6-m/nofp/crti.o
                0x10007f00                _fini
 *fill*         0x10007f04        0x4 
 .fini.__stub   0x10007f08       0xe0 linker stubs
 *crtbegin.o(.ctors)
 *crtbegin?.o(.ctors)
 *(EXCLUDE_FILE(*crtend.o *crtend?.o) .ctors)
 *(SORT_BY_NAME(.ctors.*))
 *(.ctors)
 *crtbegin.o(.dtors)
 *crtbegin?.o(.dtors)
 *(EXCLUDE_FILE(*crtend.o *crtend?.o) .dtors)
 *(SORT_BY_NAME(.dtors.*))
 *(.dtors)
 *(.eh_frame*)
 .eh_frame      0x10007fe8        0x0 c:/progra~2/gnuarm~1/102020~1/bin/../lib/gcc/arm-none-eabi/10.2.1/thumb/v6-m/nofp/crtbegin.o
                0x10007fe8                . = ALIGN (0x4)

.glue_7         0x10007fe8        0x0
 .glue_7        0x10007fe8        0x0 linker stubs

.glue_7t        0x10007fe8        0x0
 .glue_7t       0x10007fe8        0x0 linker stubs

.vfp11_veneer   0x10007fe8        0x0
 .vfp11_veneer  0x10007fe8        0x0 linker stubs

.v4_bx          0x10007fe8        0x0
 .v4_bx         0x10007fe8        0x0 linker stubs

.iplt           0x10007fe8        0x0
 .iplt          0x10007fe8        0x0 c:/progra~2/gnuarm~1/102020~1/bin/../lib/gcc/arm-none-eabi/10.2.1/thumb/v6-m/nofp/crtbegin.o

.rodata         0x10007fe8      0x658
 *(EXCLUDE_FILE(*libm.a: *libc.a:*lib_a-mem*.o *libgcc.a:) .rodata*)
 .rodata.core_one_loop.str1.4
                0x10007fe8       0xcc CMakeFiles/PicoEnvelope.dir/PicoEnvelope.c.obj
 .rodata.main.str1.4
                0x100080b4       0x32 CMakeFiles/PicoEnvelope.dir/PicoEnvelope.c.obj
 *fill*         0x100080e6        0x2 
 .rodata.i2c_program
                0x100080e8        0x6 CMakeFiles/PicoEnvelope.dir/PicoEnvelope.c.obj
 *fill*         0x100080ee        0x2 
 .rodata.i2c_program_instructions
                0x100080f0       0x20 CMakeFiles/PicoEnvelope.dir/PicoEnvelope.c.obj
 .rodata.spin_lock_claim_unused.str1.4
                0x10008110       0x1b CMakeFiles/PicoEnvelope.dir/C_/Users/ben/Documents/GitHub/pico-sdk/src/rp2_common/hardware_sync/sync.c.obj
 *fill*         0x1000812b        0x1 
 .rodata.user_irq_claim_unused.str1.4
                0x1000812c       0x1b CMakeFiles/PicoEnvelope.dir/C_/Users/ben/Documents/GitHub/pico-sdk/src/rp2_common/hardware_irq/irq.c.obj
 *fill*         0x10008147        0x1 
 .rodata.hardware_alarm_claim.str1.4
                0x10008148       0x22 CMakeFiles/PicoEnvelope.dir/C_/Users/ben/Documents/GitHub/pico-sdk/src/rp2_common/hardware_timer/timer.c.obj
 *fill*         0x1000816a        0x2 
 .rodata.panic.str1.4
                0x1000816c       0x10 CMakeFiles/PicoEnvelope.dir/C_/Users/ben/Documents/GitHub/pico-sdk/src/rp2_common/pico_runtime/runtime.c.obj
                                 0x12 (size before relaxing)
 .rodata.hard_assertion_failure.str1.4
                0x1000817c        0xc CMakeFiles/PicoEnvelope.dir/C_/Users/ben/Documents/GitHub/pico-sdk/src/rp2_common/pico_runtime/runtime.c.obj
 .rodata._ftoa.str1.4
                0x10008188       0x15 CMakeFiles/PicoEnvelope.dir/C_/Users/ben/Documents/GitHub/pico-sdk/src/rp2_common/pico_printf/printf.c.obj
 *fill*         0x1000819d        0x3 
 .rodata._vsnprintf
                0x100081a0      0x1e0 CMakeFiles/PicoEnvelope.dir/C_/Users/ben/Documents/GitHub/pico-sdk/src/rp2_common/pico_printf/printf.c.obj
 .rodata.pow10.0
                0x10008380       0x50 CMakeFiles/PicoEnvelope.dir/C_/Users/ben/Documents/GitHub/pico-sdk/src/rp2_common/pico_printf/printf.c.obj
 .rodata.str1.4
                0x100083d0       0x44 CMakeFiles/PicoEnvelope.dir/C_/Users/ben/Documents/GitHub/pico-sdk/src/rp2_common/pico_standard_link/binary_info.c.obj
 .rodata.__bi_44
                0x10008414        0xc CMakeFiles/PicoEnvelope.dir/C_/Users/ben/Documents/GitHub/pico-sdk/src/rp2_common/pico_standard_link/binary_info.c.obj
 .rodata.__bi_75
                0x10008420        0xc CMakeFiles/PicoEnvelope.dir/C_/Users/ben/Documents/GitHub/pico-sdk/src/rp2_common/pico_standard_link/binary_info.c.obj
 .rodata.__bi_81
                0x1000842c        0xc CMakeFiles/PicoEnvelope.dir/C_/Users/ben/Documents/GitHub/pico-sdk/src/rp2_common/pico_standard_link/binary_info.c.obj
 .rodata.crlf_str.0
                0x10008438        0x2 CMakeFiles/PicoEnvelope.dir/C_/Users/ben/Documents/GitHub/pico-sdk/src/rp2_common/pico_stdio/stdio.c.obj
 *fill*         0x1000843a        0x2 
 .rodata._resetd_driver
                0x1000843c       0x18 CMakeFiles/PicoEnvelope.dir/C_/Users/ben/Documents/GitHub/pico-sdk/src/rp2_common/pico_stdio_usb/reset_interface.c.obj
 .rodata.str1.4
                0x10008454       0x13 CMakeFiles/PicoEnvelope.dir/C_/Users/ben/Documents/GitHub/pico-sdk/src/rp2_common/pico_stdio_usb/stdio_usb.c.obj
 *fill*         0x10008467        0x1 
 .rodata.__bi_188.0
                0x10008468        0xc CMakeFiles/PicoEnvelope.dir/C_/Users/ben/Documents/GitHub/pico-sdk/src/rp2_common/pico_stdio_usb/stdio_usb.c.obj
 .rodata.str1.4
                0x10008474       0x2a CMakeFiles/PicoEnvelope.dir/C_/Users/ben/Documents/GitHub/pico-sdk/src/rp2_common/pico_stdio_usb/stdio_usb_descriptors.c.obj
 *fill*         0x1000849e        0x2 
 .rodata.usbd_desc_cfg
                0x100084a0       0x54 CMakeFiles/PicoEnvelope.dir/C_/Users/ben/Documents/GitHub/pico-sdk/src/rp2_common/pico_stdio_usb/stdio_usb_descriptors.c.obj
 .rodata.usbd_desc_device
                0x100084f4       0x12 CMakeFiles/PicoEnvelope.dir/C_/Users/ben/Documents/GitHub/pico-sdk/src/rp2_common/pico_stdio_usb/stdio_usb_descriptors.c.obj
 *fill*         0x10008506        0x2 
 .rodata.usbd_desc_str
                0x10008508       0x18 CMakeFiles/PicoEnvelope.dir/C_/Users/ben/Documents/GitHub/pico-sdk/src/rp2_common/pico_stdio_usb/stdio_usb_descriptors.c.obj
 .rodata.str1.4
                0x10008520       0x14 CMakeFiles/PicoEnvelope.dir/C_/Users/ben/Documents/GitHub/pico-sdk/lib/tinyusb/src/portable/raspberrypi/rp2040/dcd_rp2040.c.obj
 .rodata.str1.4
                0x10008534       0x53 CMakeFiles/PicoEnvelope.dir/C_/Users/ben/Documents/GitHub/pico-sdk/lib/tinyusb/src/portable/raspberrypi/rp2040/rp2040_usb.c.obj
 *fill*         0x10008587        0x1 
 .rodata.tud_task_ext
                0x10008588       0x8c CMakeFiles/PicoEnvelope.dir/C_/Users/ben/Documents/GitHub/pico-sdk/lib/tinyusb/src/device/usbd.c.obj
 .rodata._usbd_driver
                0x10008614       0x18 CMakeFiles/PicoEnvelope.dir/C_/Users/ben/Documents/GitHub/pico-sdk/lib/tinyusb/src/device/usbd.c.obj
 .rodata.pio_add_program.str1.4
                0x1000862c       0x11 CMakeFiles/PicoEnvelope.dir/C_/Users/ben/Documents/GitHub/pico-sdk/src/rp2_common/hardware_pio/pio.c.obj
                0x10008640                . = ALIGN (0x4)
 *fill*         0x1000863d        0x3 
 *(SORT_BY_ALIGNMENT(SORT_BY_NAME(.flashdata*)))
                0x10008640                . = ALIGN (0x4)

.rel.dyn        0x10008640        0x0
 .rel.iplt      0x10008640        0x0 c:/progra~2/gnuarm~1/102020~1/bin/../lib/gcc/arm-none-eabi/10.2.1/thumb/v6-m/nofp/crtbegin.o

.ARM.extab
 *(.ARM.extab* .gnu.linkonce.armextab.*)
                0x10008640                __exidx_start = .

.ARM.exidx
 *(.ARM.exidx* .gnu.linkonce.armexidx.*)
                0x10008640                __exidx_end = .
                0x10008640                . = ALIGN (0x4)
                0x10008640                __binary_info_start = .

.binary_info    0x10008640       0x20
 *(.binary_info.keep.*)
 .binary_info.keep.__bi_ptr22
                0x10008640        0x4 CMakeFiles/PicoEnvelope.dir/C_/Users/ben/Documents/GitHub/pico-sdk/src/rp2_common/pico_standard_link/binary_info.c.obj
 .binary_info.keep.__bi_ptr30
                0x10008644        0x4 CMakeFiles/PicoEnvelope.dir/C_/Users/ben/Documents/GitHub/pico-sdk/src/rp2_common/pico_standard_link/binary_info.c.obj
 .binary_info.keep.__bi_ptr38
                0x10008648        0x4 CMakeFiles/PicoEnvelope.dir/C_/Users/ben/Documents/GitHub/pico-sdk/src/rp2_common/pico_standard_link/binary_info.c.obj
 .binary_info.keep.__bi_ptr44
                0x1000864c        0x4 CMakeFiles/PicoEnvelope.dir/C_/Users/ben/Documents/GitHub/pico-sdk/src/rp2_common/pico_standard_link/binary_info.c.obj
 .binary_info.keep.__bi_ptr50
                0x10008650        0x4 CMakeFiles/PicoEnvelope.dir/C_/Users/ben/Documents/GitHub/pico-sdk/src/rp2_common/pico_standard_link/binary_info.c.obj
 .binary_info.keep.__bi_ptr75
                0x10008654        0x4 CMakeFiles/PicoEnvelope.dir/C_/Users/ben/Documents/GitHub/pico-sdk/src/rp2_common/pico_standard_link/binary_info.c.obj
 .binary_info.keep.__bi_ptr81
                0x10008658        0x4 CMakeFiles/PicoEnvelope.dir/C_/Users/ben/Documents/GitHub/pico-sdk/src/rp2_common/pico_standard_link/binary_info.c.obj
 *(.binary_info.*)
 .binary_info.__bi_ptr188
                0x1000865c        0x4 CMakeFiles/PicoEnvelope.dir/C_/Users/ben/Documents/GitHub/pico-sdk/src/rp2_common/pico_stdio_usb/stdio_usb.c.obj
                0x10008660                __binary_info_end = .
                0x10008660                . = ALIGN (0x4)
                0x10008660                __etext = .

.ram_vector_table
                0x20000000       0xc0
 *(.ram_vector_table)
 .ram_vector_table
                0x20000000       0xc0 CMakeFiles/PicoEnvelope.dir/C_/Users/ben/Documents/GitHub/pico-sdk/src/rp2_common/pico_runtime/runtime.c.obj
                0x20000000                ram_vector_table

.data           0x200000c0      0xec8 load address 0x10008660
                0x200000c0                __data_start__ = .
 *(vtable)
 *(.time_critical*)
 .time_critical.mutex_try_enter
                0x200000c0       0x44 CMakeFiles/PicoEnvelope.dir/C_/Users/ben/Documents/GitHub/pico-sdk/src/common/pico_sync/mutex.c.obj
                0x200000c0                mutex_try_enter
 .time_critical.mutex_try_enter_block_until
                0x20000104       0x9c CMakeFiles/PicoEnvelope.dir/C_/Users/ben/Documents/GitHub/pico-sdk/src/common/pico_sync/mutex.c.obj
                0x20000104                mutex_try_enter_block_until
 .time_critical.mutex_enter_timeout_ms
                0x200001a0       0x90 CMakeFiles/PicoEnvelope.dir/C_/Users/ben/Documents/GitHub/pico-sdk/src/common/pico_sync/mutex.c.obj
                0x200001a0                mutex_enter_timeout_ms
 .time_critical.mutex_exit
                0x20000230       0x28 CMakeFiles/PicoEnvelope.dir/C_/Users/ben/Documents/GitHub/pico-sdk/src/common/pico_sync/mutex.c.obj
                0x20000230                mutex_exit
 .time_critical.flash_init_boot2_copyout
                0x20000258       0x30 CMakeFiles/PicoEnvelope.dir/C_/Users/ben/Documents/GitHub/pico-sdk/src/rp2_common/hardware_flash/flash.c.obj
 .time_critical.flash_enable_xip_via_boot2
                0x20000288       0x10 CMakeFiles/PicoEnvelope.dir/C_/Users/ben/Documents/GitHub/pico-sdk/src/rp2_common/hardware_flash/flash.c.obj
 .time_critical.flash_cs_force
                0x20000298       0x38 CMakeFiles/PicoEnvelope.dir/C_/Users/ben/Documents/GitHub/pico-sdk/src/rp2_common/hardware_flash/flash.c.obj
 .time_critical.flash_do_cmd
                0x200002d0       0xc4 CMakeFiles/PicoEnvelope.dir/C_/Users/ben/Documents/GitHub/pico-sdk/src/rp2_common/hardware_flash/flash.c.obj
                0x200002d0                flash_do_cmd
 .time_critical.reset_non_control_endpoints
                0x20000394       0xbc CMakeFiles/PicoEnvelope.dir/C_/Users/ben/Documents/GitHub/pico-sdk/lib/tinyusb/src/portable/raspberrypi/rp2040/dcd_rp2040.c.obj
 .time_critical.hw_handle_buff_status
                0x20000450       0xa8 CMakeFiles/PicoEnvelope.dir/C_/Users/ben/Documents/GitHub/pico-sdk/lib/tinyusb/src/portable/raspberrypi/rp2040/dcd_rp2040.c.obj
 .time_critical.dcd_rp2040_irq
                0x200004f8      0x4d8 CMakeFiles/PicoEnvelope.dir/C_/Users/ben/Documents/GitHub/pico-sdk/lib/tinyusb/src/portable/raspberrypi/rp2040/dcd_rp2040.c.obj
 .time_critical.e15_is_bulkin_ep
                0x200009d0       0x28 CMakeFiles/PicoEnvelope.dir/C_/Users/ben/Documents/GitHub/pico-sdk/lib/tinyusb/src/portable/raspberrypi/rp2040/rp2040_usb.c.obj
 .time_critical.e15_is_critical_frame_period
                0x200009f8       0x34 CMakeFiles/PicoEnvelope.dir/C_/Users/ben/Documents/GitHub/pico-sdk/lib/tinyusb/src/portable/raspberrypi/rp2040/rp2040_usb.c.obj
 .time_critical.prepare_ep_buffer
                0x20000a2c       0x70 CMakeFiles/PicoEnvelope.dir/C_/Users/ben/Documents/GitHub/pico-sdk/lib/tinyusb/src/portable/raspberrypi/rp2040/rp2040_usb.c.obj
 .time_critical.sync_ep_buffer
                0x20000a9c       0x4c CMakeFiles/PicoEnvelope.dir/C_/Users/ben/Documents/GitHub/pico-sdk/lib/tinyusb/src/portable/raspberrypi/rp2040/rp2040_usb.c.obj
 .time_critical._hw_endpoint_xfer_sync
                0x20000ae8       0x28 CMakeFiles/PicoEnvelope.dir/C_/Users/ben/Documents/GitHub/pico-sdk/lib/tinyusb/src/portable/raspberrypi/rp2040/rp2040_usb.c.obj
 .time_critical.hw_endpoint_reset_transfer
                0x20000b10        0xc CMakeFiles/PicoEnvelope.dir/C_/Users/ben/Documents/GitHub/pico-sdk/lib/tinyusb/src/portable/raspberrypi/rp2040/rp2040_usb.c.obj
                0x20000b10                hw_endpoint_reset_transfer
 .time_critical._hw_endpoint_buffer_control_update32
                0x20000b1c       0x58 CMakeFiles/PicoEnvelope.dir/C_/Users/ben/Documents/GitHub/pico-sdk/lib/tinyusb/src/portable/raspberrypi/rp2040/rp2040_usb.c.obj
                0x20000b1c                _hw_endpoint_buffer_control_update32
 .time_critical.hw_endpoint_start_next_buffer
                0x20000b74       0x6c CMakeFiles/PicoEnvelope.dir/C_/Users/ben/Documents/GitHub/pico-sdk/lib/tinyusb/src/portable/raspberrypi/rp2040/rp2040_usb.c.obj
                0x20000b74                hw_endpoint_start_next_buffer
 .time_critical.hw_endpoint_xfer_continue
                0x20000be0       0x50 CMakeFiles/PicoEnvelope.dir/C_/Users/ben/Documents/GitHub/pico-sdk/lib/tinyusb/src/portable/raspberrypi/rp2040/rp2040_usb.c.obj
                0x20000be0                hw_endpoint_xfer_continue
 .time_critical.tinyusb
                0x20000c30      0x170 CMakeFiles/PicoEnvelope.dir/C_/Users/ben/Documents/GitHub/pico-sdk/lib/tinyusb/src/device/usbd.c.obj
                0x20000c30                dcd_event_handler
 .time_critical.spi_write_read_blocking
                0x20000da0       0x74 CMakeFiles/PicoEnvelope.dir/C_/Users/ben/Documents/GitHub/pico-sdk/src/rp2_common/hardware_spi/spi.c.obj
                0x20000da0                spi_write_read_blocking
 *(.text*)
 .text          0x20000e14        0x4 c:/progra~2/gnuarm~1/102020~1/bin/../lib/gcc/arm-none-eabi/10.2.1/thumb/v6-m/nofp\libgcc.a(_dvmd_tls.o)
                0x20000e14                __aeabi_idiv0
                0x20000e14                __aeabi_ldiv0
 .text.__stub   0x20000e18       0x70 linker stubs
                0x20000e88                . = ALIGN (0x4)
 *(.rodata*)
                0x20000e88                . = ALIGN (0x4)
 *(.data*)
 .data.striped_spin_lock_num
                0x20000e88        0x1 CMakeFiles/PicoEnvelope.dir/C_/Users/ben/Documents/GitHub/pico-sdk/src/rp2_common/hardware_sync/sync.c.obj
 *fill*         0x20000e89        0x3 
 .data          0x20000e8c       0x48 CMakeFiles/PicoEnvelope.dir/C_/Users/ben/Documents/GitHub/pico-sdk/src/rp2_common/hardware_irq/irq_handler_chain.S.obj
                0x20000e8c                irq_handler_chain_slots
                0x20000ebc                irq_handler_chain_first_slot
                0x20000ec6                irq_handler_chain_remove_tail
 .data.default_alarm_pool
                0x20000ed4       0x18 CMakeFiles/PicoEnvelope.dir/C_/Users/ben/Documents/GitHub/pico-sdk/src/common/pico_time/time.c.obj
 .data.default_alarm_pool_heap
                0x20000eec       0x10 CMakeFiles/PicoEnvelope.dir/C_/Users/ben/Documents/GitHub/pico-sdk/src/common/pico_time/time.c.obj
 *fill*         0x20000efc        0x4 
 .data.aeabi_bits_funcs
                0x20000f00       0x10 CMakeFiles/PicoEnvelope.dir/C_/Users/ben/Documents/GitHub/pico-sdk/src/rp2_common/pico_bit_ops/bit_ops_aeabi.S.obj
                0x20000f00                aeabi_bits_funcs
                0x20000f10                aeabi_bits_funcs_end
 .data.aeabi_mem_funcs
                0x20000f10       0x10 CMakeFiles/PicoEnvelope.dir/C_/Users/ben/Documents/GitHub/pico-sdk/src/rp2_common/pico_mem_ops/mem_ops_aeabi.S.obj
                0x20000f10                aeabi_mem_funcs
                0x20000f20                aeabi_mem_funcs_end
 .data.stdio_usb
                0x20000f20       0x18 CMakeFiles/PicoEnvelope.dir/C_/Users/ben/Documents/GitHub/pico-sdk/src/rp2_common/pico_stdio_usb/stdio_usb.c.obj
                0x20000f20                stdio_usb
 .data.ep_dir_string
                0x20000f38        0x8 CMakeFiles/PicoEnvelope.dir/C_/Users/ben/Documents/GitHub/pico-sdk/lib/tinyusb/src/portable/raspberrypi/rp2040/rp2040_usb.c.obj
                0x20000f38                ep_dir_string
 .data._usbd_qdef
                0x20000f40       0x1c CMakeFiles/PicoEnvelope.dir/C_/Users/ben/Documents/GitHub/pico-sdk/lib/tinyusb/src/device/usbd.c.obj
                0x20000f40                _usbd_qdef
 .data._usbd_rhport
                0x20000f5c        0x1 CMakeFiles/PicoEnvelope.dir/C_/Users/ben/Documents/GitHub/pico-sdk/lib/tinyusb/src/device/usbd.c.obj
                0x20000f60                . = ALIGN (0x4)
 *fill*         0x20000f5d        0x3 
 *(.after_data.*)
                0x20000f60                . = ALIGN (0x4)
                0x20000f60                PROVIDE (__mutex_array_start = .)
 *(SORT_BY_NAME(.mutex_array.*))
 *(.mutex_array)
 .mutex_array   0x20000f60        0x8 CMakeFiles/PicoEnvelope.dir/C_/Users/ben/Documents/GitHub/pico-sdk/src/rp2_common/pico_malloc/pico_malloc.c.obj
 .mutex_array   0x20000f68        0x8 CMakeFiles/PicoEnvelope.dir/C_/Users/ben/Documents/GitHub/pico-sdk/src/rp2_common/pico_stdio/stdio.c.obj
                0x20000f70                PROVIDE (__mutex_array_end = .)
                0x20000f70                . = ALIGN (0x4)
                0x20000f70                PROVIDE (__preinit_array_start = .)
 *(SORT_BY_NAME(.preinit_array.*))
 .preinit_array.00001
                0x20000f70        0x4 CMakeFiles/PicoEnvelope.dir/C_/Users/ben/Documents/GitHub/pico-sdk/src/rp2_common/pico_mem_ops/mem_ops_aeabi.S.obj
 .preinit_array.00010
                0x20000f74        0x4 CMakeFiles/PicoEnvelope.dir/C_/Users/ben/Documents/GitHub/pico-sdk/src/rp2_common/pico_bit_ops/bit_ops_aeabi.S.obj
 .preinit_array.00020
                0x20000f78        0x4 CMakeFiles/PicoEnvelope.dir/C_/Users/ben/Documents/GitHub/pico-sdk/src/rp2_common/pico_double/double_aeabi.S.obj
 .preinit_array.00020
                0x20000f7c        0x4 CMakeFiles/PicoEnvelope.dir/C_/Users/ben/Documents/GitHub/pico-sdk/src/rp2_common/pico_float/float_aeabi.S.obj
 *(.preinit_array)
                0x20000f80                PROVIDE (__preinit_array_end = .)
                0x20000f80                . = ALIGN (0x4)
                0x20000f80                PROVIDE (__init_array_start = .)
 *(SORT_BY_NAME(.init_array.*))
 *(.init_array)
 .init_array    0x20000f80        0x4 c:/progra~2/gnuarm~1/102020~1/bin/../lib/gcc/arm-none-eabi/10.2.1/thumb/v6-m/nofp/crtbegin.o
 .init_array    0x20000f84        0x4 CMakeFiles/PicoEnvelope.dir/C_/Users/ben/Documents/GitHub/pico-sdk/src/rp2_common/pico_unique_id/unique_id.c.obj
                0x20000f88                PROVIDE (__init_array_end = .)
                0x20000f88                . = ALIGN (0x4)
                [!provide]                PROVIDE (__fini_array_start = .)
 *(SORT_BY_NAME(.fini_array.*))
 *(.fini_array)
                [!provide]                PROVIDE (__fini_array_end = .)
 *(.jcr)
                0x20000f88                . = ALIGN (0x4)
                0x20000f88                __data_end__ = .

.igot.plt       0x20000f88        0x0 load address 0x10009528
 .igot.plt      0x20000f88        0x0 c:/progra~2/gnuarm~1/102020~1/bin/../lib/gcc/arm-none-eabi/10.2.1/thumb/v6-m/nofp/crtbegin.o

.uninitialized_data
                0x20000f88        0x0 load address 0x10009528
                0x20000f88                . = ALIGN (0x4)
 *(.uninitialized_data*)

.scratch_x      0x20040000        0x0 load address 0x10009528
                0x20040000                __scratch_x_start__ = .
 *(.scratch_x.*)
                0x20040000                . = ALIGN (0x4)
                0x20040000                __scratch_x_end__ = .
                0x10009528                __scratch_x_source__ = LOADADDR (.scratch_x)

.scratch_y      0x20041000        0x0 load address 0x10009528
                0x20041000                __scratch_y_start__ = .
 *(.scratch_y.*)
                0x20041000                . = ALIGN (0x4)
                0x20041000                __scratch_y_end__ = .
                0x10009528                __scratch_y_source__ = LOADADDR (.scratch_y)

.bss            0x20000f88      0xdac
                0x20000f88                . = ALIGN (0x4)
                0x20000f88                __bss_start__ = .
 *(SORT_BY_ALIGNMENT(SORT_BY_NAME(.bss*)))
 .bss.default_alarm_pool_entries
                0x20000f88      0x100 CMakeFiles/PicoEnvelope.dir/C_/Users/ben/Documents/GitHub/pico-sdk/src/common/pico_time/time.c.obj
 .bss.last_avail_time.1
                0x20001088        0x8 CMakeFiles/PicoEnvelope.dir/C_/Users/ben/Documents/GitHub/pico-sdk/src/rp2_common/pico_stdio_usb/stdio_usb.c.obj
 .bss.sd_table  0x20001090      0x100 CMakeFiles/PicoEnvelope.dir/C_/Users/ben/Documents/GitHub/pico-sdk/src/rp2_common/pico_double/double_init_rom.c.obj
                0x20001090                sd_table
 .bss.sf_table  0x20001190      0x100 CMakeFiles/PicoEnvelope.dir/C_/Users/ben/Documents/GitHub/pico-sdk/src/rp2_common/pico_float/float_init_rom.c.obj
                0x20001190                sf_table
 .bss           0x20001290       0x1c c:/progra~2/gnuarm~1/102020~1/bin/../lib/gcc/arm-none-eabi/10.2.1/thumb/v6-m/nofp/crtbegin.o
 .bss._app_driver
                0x200012ac        0x4 CMakeFiles/PicoEnvelope.dir/C_/Users/ben/Documents/GitHub/pico-sdk/lib/tinyusb/src/device/usbd.c.obj
 .bss._cdcd_itf
                0x200012b0      0x2c8 CMakeFiles/PicoEnvelope.dir/C_/Users/ben/Documents/GitHub/pico-sdk/lib/tinyusb/src/class/cdc/cdc_device.c.obj
 .bss._ctrl_xfer
                0x20001578       0x14 CMakeFiles/PicoEnvelope.dir/C_/Users/ben/Documents/GitHub/pico-sdk/lib/tinyusb/src/device/usbd_control.c.obj
 .bss._ubsd_mutexdef
                0x2000158c        0x8 CMakeFiles/PicoEnvelope.dir/C_/Users/ben/Documents/GitHub/pico-sdk/lib/tinyusb/src/device/usbd.c.obj
 .bss._usbd_ctrl_buf
                0x20001594       0x40 CMakeFiles/PicoEnvelope.dir/C_/Users/ben/Documents/GitHub/pico-sdk/lib/tinyusb/src/device/usbd_control.c.obj
 .bss._usbd_dev
                0x200015d4       0x53 CMakeFiles/PicoEnvelope.dir/C_/Users/ben/Documents/GitHub/pico-sdk/lib/tinyusb/src/device/usbd.c.obj
 *fill*         0x20001627        0x1 
 .bss._usbd_mutex
                0x20001628        0x4 CMakeFiles/PicoEnvelope.dir/C_/Users/ben/Documents/GitHub/pico-sdk/lib/tinyusb/src/device/usbd.c.obj
 .bss._usbd_q   0x2000162c        0x4 CMakeFiles/PicoEnvelope.dir/C_/Users/ben/Documents/GitHub/pico-sdk/lib/tinyusb/src/device/usbd.c.obj
 .bss._usbd_qdef_buf
                0x20001630       0xc0 CMakeFiles/PicoEnvelope.dir/C_/Users/ben/Documents/GitHub/pico-sdk/lib/tinyusb/src/device/usbd.c.obj
                0x20001630                _usbd_qdef_buf
 .bss._used_instruction_space
                0x200016f0        0x8 CMakeFiles/PicoEnvelope.dir/C_/Users/ben/Documents/GitHub/pico-sdk/src/rp2_common/hardware_pio/pio.c.obj
 .bss.alarm_callbacks
                0x200016f8       0x10 CMakeFiles/PicoEnvelope.dir/C_/Users/ben/Documents/GitHub/pico-sdk/src/rp2_common/hardware_timer/timer.c.obj
 .bss.boot2_copyout
                0x20001708      0x100 CMakeFiles/PicoEnvelope.dir/C_/Users/ben/Documents/GitHub/pico-sdk/src/rp2_common/hardware_flash/flash.c.obj
 .bss.chars_available_callback
                0x20001808        0x4 CMakeFiles/PicoEnvelope.dir/C_/Users/ben/Documents/GitHub/pico-sdk/src/rp2_common/pico_stdio_usb/stdio_usb.c.obj
 .bss.chars_available_param
                0x2000180c        0x4 CMakeFiles/PicoEnvelope.dir/C_/Users/ben/Documents/GitHub/pico-sdk/src/rp2_common/pico_stdio_usb/stdio_usb.c.obj
 .bss.claimed   0x20001810        0x4 CMakeFiles/PicoEnvelope.dir/C_/Users/ben/Documents/GitHub/pico-sdk/src/rp2_common/hardware_sync/sync.c.obj
 .bss.configured_freq
                0x20001814       0x28 CMakeFiles/PicoEnvelope.dir/C_/Users/ben/Documents/GitHub/pico-sdk/src/rp2_common/hardware_clocks/clocks.c.obj
 .bss.default_alarm_pool_entry_ids_high
                0x2000183c       0x10 CMakeFiles/PicoEnvelope.dir/C_/Users/ben/Documents/GitHub/pico-sdk/src/common/pico_time/time.c.obj
 .bss.default_alarm_pool_heap_nodes
                0x2000184c       0x30 CMakeFiles/PicoEnvelope.dir/C_/Users/ben/Documents/GitHub/pico-sdk/src/common/pico_time/time.c.obj
 .bss.desc_str.0
                0x2000187c       0x28 CMakeFiles/PicoEnvelope.dir/C_/Users/ben/Documents/GitHub/pico-sdk/src/rp2_common/pico_stdio_usb/stdio_usb_descriptors.c.obj
 .bss.drivers   0x200018a4        0x4 CMakeFiles/PicoEnvelope.dir/C_/Users/ben/Documents/GitHub/pico-sdk/src/rp2_common/pico_stdio/stdio.c.obj
 .bss.e15_last_sof
                0x200018a8        0x4 CMakeFiles/PicoEnvelope.dir/C_/Users/ben/Documents/GitHub/pico-sdk/lib/tinyusb/src/portable/raspberrypi/rp2040/rp2040_usb.c.obj
                0x200018a8                e15_last_sof
 .bss.filter    0x200018ac        0x4 CMakeFiles/PicoEnvelope.dir/C_/Users/ben/Documents/GitHub/pico-sdk/src/rp2_common/pico_stdio/stdio.c.obj
 .bss.hw_endpoints
                0x200018b0      0x400 CMakeFiles/PicoEnvelope.dir/C_/Users/ben/Documents/GitHub/pico-sdk/lib/tinyusb/src/portable/raspberrypi/rp2040/dcd_rp2040.c.obj
 .bss.lazy_vsnprintf
                0x20001cb0        0x4 CMakeFiles/PicoEnvelope.dir/C_/Users/ben/Documents/GitHub/pico-sdk/src/rp2_common/pico_printf/printf.c.obj
 .bss.load_value
                0x20001cb4        0x4 CMakeFiles/PicoEnvelope.dir/C_/Users/ben/Documents/GitHub/pico-sdk/src/rp2_common/hardware_watchdog/watchdog.c.obj
 .bss.multiplier
                0x20001cb8        0x4 CMakeFiles/PicoEnvelope.dir/PicoEnvelope.c.obj
                0x20001cb8                multiplier
 .bss.next_buffer_ptr
                0x20001cbc        0x4 CMakeFiles/PicoEnvelope.dir/C_/Users/ben/Documents/GitHub/pico-sdk/lib/tinyusb/src/portable/raspberrypi/rp2040/dcd_rp2040.c.obj
 .bss.one_shot_timer_crit_sec
                0x20001cc0        0x8 CMakeFiles/PicoEnvelope.dir/C_/Users/ben/Documents/GitHub/pico-sdk/src/rp2_common/pico_stdio_usb/stdio_usb.c.obj
 .bss.pio_i2c_irq_info
                0x20001cc8       0x14 ..\pio-i2c-hs\libpio-i2c-hs.a(pio_i2c.c.obj)
                0x20001cc8                pio_i2c_irq_info
 .bss.pools     0x20001cdc       0x10 CMakeFiles/PicoEnvelope.dir/C_/Users/ben/Documents/GitHub/pico-sdk/src/common/pico_time/time.c.obj
 .bss.retrieved_id
                0x20001cec        0x8 CMakeFiles/PicoEnvelope.dir/C_/Users/ben/Documents/GitHub/pico-sdk/src/rp2_common/pico_unique_id/unique_id.c.obj
 .bss.sf_clz_func
                0x20001cf4        0x4 CMakeFiles/PicoEnvelope.dir/C_/Users/ben/Documents/GitHub/pico-sdk/src/rp2_common/pico_double/double_init_rom.c.obj
                0x20001cf4                sf_clz_func
 .bss.sleep_notifier
                0x20001cf8        0x4 CMakeFiles/PicoEnvelope.dir/C_/Users/ben/Documents/GitHub/pico-sdk/src/common/pico_time/time.c.obj
 .bss.stdio_usb_mutex
                0x20001cfc        0x8 CMakeFiles/PicoEnvelope.dir/C_/Users/ben/Documents/GitHub/pico-sdk/src/rp2_common/pico_stdio_usb/stdio_usb.c.obj
 .bss.target_hi
                0x20001d04       0x10 CMakeFiles/PicoEnvelope.dir/C_/Users/ben/Documents/GitHub/pico-sdk/src/rp2_common/hardware_timer/timer.c.obj
 .bss.trigger_state
                0x20001d14        0x4 CMakeFiles/PicoEnvelope.dir/PicoEnvelope.c.obj
                0x20001d14                trigger_state
 .bss.usbd_serial_str
                0x20001d18       0x11 CMakeFiles/PicoEnvelope.dir/C_/Users/ben/Documents/GitHub/pico-sdk/src/rp2_common/pico_stdio_usb/stdio_usb_descriptors.c.obj
 .bss._app_driver_count
                0x20001d29        0x1 CMakeFiles/PicoEnvelope.dir/C_/Users/ben/Documents/GitHub/pico-sdk/lib/tinyusb/src/device/usbd.c.obj
 .bss._sof_enable
                0x20001d2a        0x1 CMakeFiles/PicoEnvelope.dir/C_/Users/ben/Documents/GitHub/pico-sdk/lib/tinyusb/src/portable/raspberrypi/rp2040/dcd_rp2040.c.obj
 .bss.boot2_copyout_valid
                0x20001d2b        0x1 CMakeFiles/PicoEnvelope.dir/C_/Users/ben/Documents/GitHub/pico-sdk/src/rp2_common/hardware_flash/flash.c.obj
 .bss.claimed   0x20001d2c        0x1 CMakeFiles/PicoEnvelope.dir/C_/Users/ben/Documents/GitHub/pico-sdk/src/rp2_common/hardware_timer/timer.c.obj
 .bss.irq_hander_chain_free_slot_head
                0x20001d2d        0x1 CMakeFiles/PicoEnvelope.dir/C_/Users/ben/Documents/GitHub/pico-sdk/src/rp2_common/hardware_irq/irq.c.obj
 .bss.itf_num   0x20001d2e        0x1 CMakeFiles/PicoEnvelope.dir/C_/Users/ben/Documents/GitHub/pico-sdk/src/rp2_common/pico_stdio_usb/reset_interface.c.obj
 .bss.low_priority_irq_num
                0x20001d2f        0x1 CMakeFiles/PicoEnvelope.dir/C_/Users/ben/Documents/GitHub/pico-sdk/src/rp2_common/pico_stdio_usb/stdio_usb.c.obj
 .bss.one_shot_timer_pending
                0x20001d30        0x1 CMakeFiles/PicoEnvelope.dir/C_/Users/ben/Documents/GitHub/pico-sdk/src/rp2_common/pico_stdio_usb/stdio_usb.c.obj
 .bss.timer_callbacks_pending
                0x20001d31        0x1 CMakeFiles/PicoEnvelope.dir/C_/Users/ben/Documents/GitHub/pico-sdk/src/rp2_common/hardware_timer/timer.c.obj
 .bss.user_irq_claimed
                0x20001d32        0x1 CMakeFiles/PicoEnvelope.dir/C_/Users/ben/Documents/GitHub/pico-sdk/src/rp2_common/hardware_irq/irq.c.obj
 *(COMMON)
                0x20001d34                . = ALIGN (0x4)
 *fill*         0x20001d33        0x1 
                0x20001d34                __bss_end__ = .

.heap           0x20001d34      0x800
                0x20001d34                __end__ = .
                0x20001d34                end = __end__
 *(.heap*)
 .heap          0x20001d34      0x800 CMakeFiles/PicoEnvelope.dir/C_/Users/ben/Documents/GitHub/pico-sdk/src/rp2_common/pico_standard_link/crt0.S.obj
                0x20002534                __HeapLimit = .

.stack1_dummy   0x20040000      0x800
 *(.stack1*)
 .stack1        0x20040000      0x800 CMakeFiles/PicoEnvelope.dir/C_/Users/ben/Documents/GitHub/pico-sdk/src/rp2_common/pico_multicore/multicore.c.obj

.stack_dummy    0x20041000      0x800
 *(.stack*)
 .stack         0x20041000      0x800 CMakeFiles/PicoEnvelope.dir/C_/Users/ben/Documents/GitHub/pico-sdk/src/rp2_common/pico_standard_link/crt0.S.obj

.flash_end      0x10009528        0x0
                0x10009528                __flash_binary_end = .
                0x20040000                __StackLimit = (ORIGIN (RAM) + LENGTH (RAM))
                0x20041000                __StackOneTop = (ORIGIN (SCRATCH_X) + LENGTH (SCRATCH_X))
                0x20042000                __StackTop = (ORIGIN (SCRATCH_Y) + LENGTH (SCRATCH_Y))
                0x20040800                __StackOneBottom = (__StackOneTop - SIZEOF (.stack1_dummy))
                0x20041800                __StackBottom = (__StackTop - SIZEOF (.stack_dummy))
                0x20042000                PROVIDE (__stack = __StackTop)
                0x00000001                ASSERT ((__StackLimit >= __HeapLimit), region RAM overflowed)
                0x00000001                ASSERT (((__binary_info_header_end - __logical_binary_start) <= 0x100), Binary info must be in first 256 bytes of the binary)
LOAD CMakeFiles/PicoEnvelope.dir/PicoEnvelope.c.obj
LOAD CMakeFiles/PicoEnvelope.dir/C_/Users/ben/Documents/GitHub/pico-sdk/src/rp2_common/pico_stdlib/stdlib.c.obj
LOAD CMakeFiles/PicoEnvelope.dir/C_/Users/ben/Documents/GitHub/pico-sdk/src/rp2_common/hardware_gpio/gpio.c.obj
LOAD CMakeFiles/PicoEnvelope.dir/C_/Users/ben/Documents/GitHub/pico-sdk/src/rp2_common/pico_platform/platform.c.obj
LOAD CMakeFiles/PicoEnvelope.dir/C_/Users/ben/Documents/GitHub/pico-sdk/src/rp2_common/hardware_claim/claim.c.obj
LOAD CMakeFiles/PicoEnvelope.dir/C_/Users/ben/Documents/GitHub/pico-sdk/src/rp2_common/hardware_sync/sync.c.obj
LOAD CMakeFiles/PicoEnvelope.dir/C_/Users/ben/Documents/GitHub/pico-sdk/src/rp2_common/hardware_irq/irq.c.obj
LOAD CMakeFiles/PicoEnvelope.dir/C_/Users/ben/Documents/GitHub/pico-sdk/src/rp2_common/hardware_irq/irq_handler_chain.S.obj
LOAD CMakeFiles/PicoEnvelope.dir/C_/Users/ben/Documents/GitHub/pico-sdk/src/common/pico_sync/sem.c.obj
LOAD CMakeFiles/PicoEnvelope.dir/C_/Users/ben/Documents/GitHub/pico-sdk/src/common/pico_sync/lock_core.c.obj
LOAD CMakeFiles/PicoEnvelope.dir/C_/Users/ben/Documents/GitHub/pico-sdk/src/common/pico_sync/mutex.c.obj
LOAD CMakeFiles/PicoEnvelope.dir/C_/Users/ben/Documents/GitHub/pico-sdk/src/common/pico_sync/critical_section.c.obj
LOAD CMakeFiles/PicoEnvelope.dir/C_/Users/ben/Documents/GitHub/pico-sdk/src/common/pico_time/time.c.obj
LOAD CMakeFiles/PicoEnvelope.dir/C_/Users/ben/Documents/GitHub/pico-sdk/src/common/pico_time/timeout_helper.c.obj
LOAD CMakeFiles/PicoEnvelope.dir/C_/Users/ben/Documents/GitHub/pico-sdk/src/rp2_common/hardware_timer/timer.c.obj
LOAD CMakeFiles/PicoEnvelope.dir/C_/Users/ben/Documents/GitHub/pico-sdk/src/common/pico_util/datetime.c.obj
LOAD CMakeFiles/PicoEnvelope.dir/C_/Users/ben/Documents/GitHub/pico-sdk/src/common/pico_util/pheap.c.obj
LOAD CMakeFiles/PicoEnvelope.dir/C_/Users/ben/Documents/GitHub/pico-sdk/src/common/pico_util/queue.c.obj
LOAD CMakeFiles/PicoEnvelope.dir/C_/Users/ben/Documents/GitHub/pico-sdk/src/rp2_common/hardware_uart/uart.c.obj
LOAD CMakeFiles/PicoEnvelope.dir/C_/Users/ben/Documents/GitHub/pico-sdk/src/rp2_common/hardware_clocks/clocks.c.obj
LOAD CMakeFiles/PicoEnvelope.dir/C_/Users/ben/Documents/GitHub/pico-sdk/src/rp2_common/hardware_pll/pll.c.obj
LOAD CMakeFiles/PicoEnvelope.dir/C_/Users/ben/Documents/GitHub/pico-sdk/src/rp2_common/hardware_vreg/vreg.c.obj
LOAD CMakeFiles/PicoEnvelope.dir/C_/Users/ben/Documents/GitHub/pico-sdk/src/rp2_common/hardware_watchdog/watchdog.c.obj
LOAD CMakeFiles/PicoEnvelope.dir/C_/Users/ben/Documents/GitHub/pico-sdk/src/rp2_common/hardware_xosc/xosc.c.obj
LOAD CMakeFiles/PicoEnvelope.dir/C_/Users/ben/Documents/GitHub/pico-sdk/src/rp2_common/hardware_divider/divider.S.obj
LOAD CMakeFiles/PicoEnvelope.dir/C_/Users/ben/Documents/GitHub/pico-sdk/src/rp2_common/pico_runtime/runtime.c.obj
LOAD CMakeFiles/PicoEnvelope.dir/C_/Users/ben/Documents/GitHub/pico-sdk/src/rp2_common/pico_printf/printf.c.obj
LOAD CMakeFiles/PicoEnvelope.dir/C_/Users/ben/Documents/GitHub/pico-sdk/src/rp2_common/pico_bit_ops/bit_ops_aeabi.S.obj
LOAD CMakeFiles/PicoEnvelope.dir/C_/Users/ben/Documents/GitHub/pico-sdk/src/rp2_common/pico_bootrom/bootrom.c.obj
LOAD CMakeFiles/PicoEnvelope.dir/C_/Users/ben/Documents/GitHub/pico-sdk/src/rp2_common/pico_divider/divider.S.obj
LOAD CMakeFiles/PicoEnvelope.dir/C_/Users/ben/Documents/GitHub/pico-sdk/src/rp2_common/pico_double/double_aeabi.S.obj
LOAD CMakeFiles/PicoEnvelope.dir/C_/Users/ben/Documents/GitHub/pico-sdk/src/rp2_common/pico_double/double_init_rom.c.obj
LOAD CMakeFiles/PicoEnvelope.dir/C_/Users/ben/Documents/GitHub/pico-sdk/src/rp2_common/pico_double/double_math.c.obj
LOAD CMakeFiles/PicoEnvelope.dir/C_/Users/ben/Documents/GitHub/pico-sdk/src/rp2_common/pico_double/double_v1_rom_shim.S.obj
LOAD CMakeFiles/PicoEnvelope.dir/C_/Users/ben/Documents/GitHub/pico-sdk/src/rp2_common/pico_int64_ops/pico_int64_ops_aeabi.S.obj
LOAD CMakeFiles/PicoEnvelope.dir/C_/Users/ben/Documents/GitHub/pico-sdk/src/rp2_common/pico_float/float_aeabi.S.obj
LOAD CMakeFiles/PicoEnvelope.dir/C_/Users/ben/Documents/GitHub/pico-sdk/src/rp2_common/pico_float/float_init_rom.c.obj
LOAD CMakeFiles/PicoEnvelope.dir/C_/Users/ben/Documents/GitHub/pico-sdk/src/rp2_common/pico_float/float_math.c.obj
LOAD CMakeFiles/PicoEnvelope.dir/C_/Users/ben/Documents/GitHub/pico-sdk/src/rp2_common/pico_float/float_v1_rom_shim.S.obj
LOAD CMakeFiles/PicoEnvelope.dir/C_/Users/ben/Documents/GitHub/pico-sdk/src/rp2_common/pico_malloc/pico_malloc.c.obj
LOAD CMakeFiles/PicoEnvelope.dir/C_/Users/ben/Documents/GitHub/pico-sdk/src/rp2_common/pico_mem_ops/mem_ops_aeabi.S.obj
LOAD CMakeFiles/PicoEnvelope.dir/C_/Users/ben/Documents/GitHub/pico-sdk/src/rp2_common/pico_standard_link/crt0.S.obj
LOAD CMakeFiles/PicoEnvelope.dir/C_/Users/ben/Documents/GitHub/pico-sdk/src/rp2_common/pico_standard_link/new_delete.cpp.obj
LOAD CMakeFiles/PicoEnvelope.dir/C_/Users/ben/Documents/GitHub/pico-sdk/src/rp2_common/pico_standard_link/binary_info.c.obj
LOAD CMakeFiles/PicoEnvelope.dir/C_/Users/ben/Documents/GitHub/pico-sdk/src/rp2_common/pico_stdio/stdio.c.obj
LOAD CMakeFiles/PicoEnvelope.dir/C_/Users/ben/Documents/GitHub/pico-sdk/src/rp2_common/pico_stdio_usb/reset_interface.c.obj
LOAD CMakeFiles/PicoEnvelope.dir/C_/Users/ben/Documents/GitHub/pico-sdk/src/rp2_common/pico_stdio_usb/stdio_usb.c.obj
LOAD CMakeFiles/PicoEnvelope.dir/C_/Users/ben/Documents/GitHub/pico-sdk/src/rp2_common/pico_stdio_usb/stdio_usb_descriptors.c.obj
LOAD CMakeFiles/PicoEnvelope.dir/C_/Users/ben/Documents/GitHub/pico-sdk/src/rp2_common/pico_unique_id/unique_id.c.obj
LOAD CMakeFiles/PicoEnvelope.dir/C_/Users/ben/Documents/GitHub/pico-sdk/src/rp2_common/hardware_flash/flash.c.obj
LOAD CMakeFiles/PicoEnvelope.dir/C_/Users/ben/Documents/GitHub/pico-sdk/lib/tinyusb/src/portable/raspberrypi/rp2040/dcd_rp2040.c.obj
LOAD CMakeFiles/PicoEnvelope.dir/C_/Users/ben/Documents/GitHub/pico-sdk/lib/tinyusb/src/portable/raspberrypi/rp2040/rp2040_usb.c.obj
LOAD CMakeFiles/PicoEnvelope.dir/C_/Users/ben/Documents/GitHub/pico-sdk/lib/tinyusb/src/device/usbd.c.obj
LOAD CMakeFiles/PicoEnvelope.dir/C_/Users/ben/Documents/GitHub/pico-sdk/lib/tinyusb/src/device/usbd_control.c.obj