Archive member included to satisfy reference by file (symbol)

c:/progra~2/gnuarm~1/102020~1/bin/../lib/gcc/arm-none-eabi/10.2.1/thumb/v6-m/nofp\libgcc.a(_dvmd_tls.o)
                              CMakeFiles/PicoVCO_LFO_R2R.dir/C_/Users/ben/Documents/GitHub/pico-sdk/src/rp2_common/pico_divider/divider.S.obj (__aeabi_idiv0)
c:/progra~2/gnuarm~1/102020~1/bin/../lib/gcc/arm-none-eabi/10.2.1/../../../../arm-none-eabi/lib/thumb/v6-m/nofp\libc.a(lib_a-calloc.o)
                              CMakeFiles/PicoVCO_LFO_R2R.dir/C_/Users/ben/Documents/GitHub/pico-sdk/src/rp2_common/pico_malloc/pico_malloc.c.obj (calloc)
c:/progra~2/gnuarm~1/102020~1/bin/../lib/gcc/arm-none-eabi/10.2.1/../../../../arm-none-eabi/lib/thumb/v6-m/nofp\libc.a(lib_a-callocr.o)
                              c:/progra~2/gnuarm~1/102020~1/bin/../lib/gcc/arm-none-eabi/10.2.1/../../../../arm-none-eabi/lib/thumb/v6-m/nofp\libc.a(lib_a-calloc.o) (_calloc_r)
c:/progra~2/gnuarm~1/102020~1/bin/../lib/gcc/arm-none-eabi/10.2.1/../../../../arm-none-eabi/lib/thumb/v6-m/nofp\libc.a(lib_a-impure.o)
                              c:/progra~2/gnuarm~1/102020~1/bin/../lib/gcc/arm-none-eabi/10.2.1/../../../../arm-none-eabi/lib/thumb/v6-m/nofp\libc.a(lib_a-calloc.o) (_impure_ptr)
c:/progra~2/gnuarm~1/102020~1/bin/../lib/gcc/arm-none-eabi/10.2.1/../../../../arm-none-eabi/lib/thumb/v6-m/nofp\libc.a(lib_a-init.o)
                              c:/progra~2/gnuarm~1/102020~1/bin/../lib/gcc/arm-none-eabi/10.2.1/../../../../arm-none-eabi/lib/thumb/v6-m/nofp/crt0.o (__libc_init_array)
c:/progra~2/gnuarm~1/102020~1/bin/../lib/gcc/arm-none-eabi/10.2.1/../../../../arm-none-eabi/lib/thumb/v6-m/nofp\libc.a(lib_a-malloc.o)
                              CMakeFiles/PicoVCO_LFO_R2R.dir/C_/Users/ben/Documents/GitHub/pico-sdk/src/rp2_common/pico_malloc/pico_malloc.c.obj (malloc)
c:/progra~2/gnuarm~1/102020~1/bin/../lib/gcc/arm-none-eabi/10.2.1/../../../../arm-none-eabi/lib/thumb/v6-m/nofp\libc.a(lib_a-mallocr.o)
                              c:/progra~2/gnuarm~1/102020~1/bin/../lib/gcc/arm-none-eabi/10.2.1/../../../../arm-none-eabi/lib/thumb/v6-m/nofp\libc.a(lib_a-callocr.o) (_malloc_r)
c:/progra~2/gnuarm~1/102020~1/bin/../lib/gcc/arm-none-eabi/10.2.1/../../../../arm-none-eabi/lib/thumb/v6-m/nofp\libc.a(lib_a-mlock.o)
                              c:/progra~2/gnuarm~1/102020~1/bin/../lib/gcc/arm-none-eabi/10.2.1/../../../../arm-none-eabi/lib/thumb/v6-m/nofp\libc.a(lib_a-mallocr.o) (__malloc_lock)
c:/progra~2/gnuarm~1/102020~1/bin/../lib/gcc/arm-none-eabi/10.2.1/../../../../arm-none-eabi/lib/thumb/v6-m/nofp\libc.a(lib_a-realloc.o)
                              CMakeFiles/PicoVCO_LFO_R2R.dir/C_/Users/ben/Documents/GitHub/pico-sdk/src/rp2_common/pico_malloc/pico_malloc.c.obj (realloc)
c:/progra~2/gnuarm~1/102020~1/bin/../lib/gcc/arm-none-eabi/10.2.1/../../../../arm-none-eabi/lib/thumb/v6-m/nofp\libc.a(lib_a-reallocr.o)
                              c:/progra~2/gnuarm~1/102020~1/bin/../lib/gcc/arm-none-eabi/10.2.1/../../../../arm-none-eabi/lib/thumb/v6-m/nofp\libc.a(lib_a-realloc.o) (_realloc_r)
c:/progra~2/gnuarm~1/102020~1/bin/../lib/gcc/arm-none-eabi/10.2.1/../../../../arm-none-eabi/lib/thumb/v6-m/nofp\libc.a(lib_a-sbrkr.o)
                              c:/progra~2/gnuarm~1/102020~1/bin/../lib/gcc/arm-none-eabi/10.2.1/../../../../arm-none-eabi/lib/thumb/v6-m/nofp\libc.a(lib_a-mallocr.o) (_sbrk_r)
c:/progra~2/gnuarm~1/102020~1/bin/../lib/gcc/arm-none-eabi/10.2.1/../../../../arm-none-eabi/lib/thumb/v6-m/nofp\libc.a(lib_a-strlen-stub.o)
                              CMakeFiles/PicoVCO_LFO_R2R.dir/C_/Users/ben/Documents/GitHub/pico-sdk/src/rp2_common/pico_stdio/stdio.c.obj (strlen)
c:/progra~2/gnuarm~1/102020~1/bin/../lib/gcc/arm-none-eabi/10.2.1/../../../../arm-none-eabi/lib/thumb/v6-m/nofp\libc.a(lib_a-freer.o)
                              c:/progra~2/gnuarm~1/102020~1/bin/../lib/gcc/arm-none-eabi/10.2.1/../../../../arm-none-eabi/lib/thumb/v6-m/nofp\libc.a(lib_a-malloc.o) (_free_r)
c:/progra~2/gnuarm~1/102020~1/bin/../lib/gcc/arm-none-eabi/10.2.1/../../../../arm-none-eabi/lib/thumb/v6-m/nofp\libc.a(lib_a-lock.o)
                              c:/progra~2/gnuarm~1/102020~1/bin/../lib/gcc/arm-none-eabi/10.2.1/../../../../arm-none-eabi/lib/thumb/v6-m/nofp\libc.a(lib_a-mlock.o) (__retarget_lock_acquire_recursive)
c:/progra~2/gnuarm~1/102020~1/bin/../lib/gcc/arm-none-eabi/10.2.1/../../../../arm-none-eabi/lib/thumb/v6-m/nofp\libc.a(lib_a-memmove.o)
                              c:/progra~2/gnuarm~1/102020~1/bin/../lib/gcc/arm-none-eabi/10.2.1/../../../../arm-none-eabi/lib/thumb/v6-m/nofp\libc.a(lib_a-reallocr.o) (memmove)
c:/progra~2/gnuarm~1/102020~1/bin/../lib/gcc/arm-none-eabi/10.2.1/../../../../arm-none-eabi/lib/thumb/v6-m/nofp\libc.a(lib_a-reent.o)
                              c:/progra~2/gnuarm~1/102020~1/bin/../lib/gcc/arm-none-eabi/10.2.1/../../../../arm-none-eabi/lib/thumb/v6-m/nofp\libc.a(lib_a-sbrkr.o) (errno)

Discarded input sections

[...]
Memory Configuration

Name             Origin             Length             Attributes
FLASH            0x10000000         0x00200000         xr
RAM              0x20000000         0x00040000         xrw
SCRATCH_X        0x20040000         0x00001000         xrw
SCRATCH_Y        0x20041000         0x00001000         xrw
*default*        0x00000000         0xffffffff

Linker script and memory map

LOAD c:/progra~2/gnuarm~1/102020~1/bin/../lib/gcc/arm-none-eabi/10.2.1/thumb/v6-m/nofp/crti.o
LOAD c:/progra~2/gnuarm~1/102020~1/bin/../lib/gcc/arm-none-eabi/10.2.1/thumb/v6-m/nofp/crtbegin.o
LOAD c:/progra~2/gnuarm~1/102020~1/bin/../lib/gcc/arm-none-eabi/10.2.1/../../../../arm-none-eabi/lib/thumb/v6-m/nofp/crt0.o

.flash_begin    0x10000000        0x0
                0x10000000                __flash_binary_start = .

.boot2          0x10000000      0x100
                0x10000000                __boot2_start__ = .
 *(.boot2)
 .boot2         0x10000000      0x100 C:\Users\ben\AppData\Local\Temp\ccsRcxpr.o
                0x10000100                __boot2_end__ = .
                0x00000001                ASSERT (((__boot2_end__ - __boot2_start__) == 0x100), ERROR: Pico second stage bootloader must be 256 bytes in size)

.text           0x10000100     0x2758
                0x10000100                __logical_binary_start = .
 *(.vectors)
 .vectors       0x10000100       0xd4 CMakeFiles/PicoVCO_LFO_R2R.dir/C_/Users/ben/Documents/GitHub/pico-sdk/src/rp2_common/pico_standard_link/crt0.S.obj
                0x10000100                __VECTOR_TABLE
                0x10000100                __vectors
                0x100001c0                isr_invalid
                0x100001c0                __default_isrs_start
                0x100001c2                isr_nmi
                0x100001c4                isr_hardfault
                0x100001c6                isr_svcall
                0x100001c8                isr_pendsv
                0x100001ca                isr_systick
                0x100001cc                isr_irq23
                0x100001cc                isr_irq18
                0x100001cc                isr_irq11
                0x100001cc                isr_irq28
                0x100001cc                isr_irq19
                0x100001cc                isr_irq0
                0x100001cc                isr_irq6
                0x100001cc                isr_irq5
                0x100001cc                isr_irq12
                0x100001cc                isr_irq22
                0x100001cc                isr_irq31
                0x100001cc                isr_irq17
                0x100001cc                isr_irq27
                0x100001cc                isr_irq30
                0x100001cc                isr_irq2
                0x100001cc                isr_irq10
                0x100001cc                isr_irq8
                0x100001cc                isr_irq24
                0x100001cc                isr_irq1
                0x100001cc                isr_irq7
                0x100001cc                isr_irq21
                0x100001cc                isr_irq20
                0x100001cc                isr_irq15
                0x100001cc                isr_irq25
                0x100001cc                isr_irq13
                0x100001cc                __unhandled_user_irq
                0x100001cc                isr_irq4
                0x100001cc                isr_irq16
                0x100001cc                isr_irq29
                0x100001cc                isr_irq26
                0x100001cc                __default_isrs_end
                0x100001cc                isr_irq3
                0x100001cc                isr_irq14
                0x100001cc                isr_irq9
                0x100001d2                unhandled_user_irq_num_in_r0
 *(.binary_info_header)
 .binary_info_header
                0x100001d4       0x14 CMakeFiles/PicoVCO_LFO_R2R.dir/C_/Users/ben/Documents/GitHub/pico-sdk/src/rp2_common/pico_standard_link/crt0.S.obj
                0x100001e8                __binary_info_header_end = .
 *(.reset)
 .reset         0x100001e8       0xa0 CMakeFiles/PicoVCO_LFO_R2R.dir/C_/Users/ben/Documents/GitHub/pico-sdk/src/rp2_common/pico_standard_link/crt0.S.obj
                0x100001e8                _entry_point
 .reset         0x10000288       0x30 CMakeFiles/PicoVCO_LFO_R2R.dir/C_/Users/ben/Documents/GitHub/pico-sdk/src/rp2_common/pico_standard_link/binary_info.c.obj
 *(.init)
 .init          0x100002b8        0x4 c:/progra~2/gnuarm~1/102020~1/bin/../lib/gcc/arm-none-eabi/10.2.1/thumb/v6-m/nofp/crti.o
                0x100002b8                _init
 *(EXCLUDE_FILE(*libm.a: *libc.a:*lib_a-mem*.o *libgcc.a:) .text*)
 .text          0x100002bc       0x48 c:/progra~2/gnuarm~1/102020~1/bin/../lib/gcc/arm-none-eabi/10.2.1/thumb/v6-m/nofp/crtbegin.o
 .text.core1_loop
                0x10000304       0x40 CMakeFiles/PicoVCO_LFO_R2R.dir/PicoVCO_LFO_R2R.c.obj
                0x10000304                core1_loop
 .text.startup.main
                0x10000344      0x144 CMakeFiles/PicoVCO_LFO_R2R.dir/PicoVCO_LFO_R2R.c.obj
                0x10000344                main
 .text.generate_triange
                0x10000488       0x78 CMakeFiles/PicoVCO_LFO_R2R.dir/waves.c.obj
                0x10000488                generate_triange
 .text.gpio_set_function
                0x10000500       0x30 CMakeFiles/PicoVCO_LFO_R2R.dir/C_/Users/ben/Documents/GitHub/pico-sdk/src/rp2_common/hardware_gpio/gpio.c.obj
                0x10000500                gpio_set_function
 .text.gpio_set_pulls
                0x10000530       0x30 CMakeFiles/PicoVCO_LFO_R2R.dir/C_/Users/ben/Documents/GitHub/pico-sdk/src/rp2_common/hardware_gpio/gpio.c.obj
                0x10000530                gpio_set_pulls
 .text.gpio_set_input_enabled
                0x10000560       0x28 CMakeFiles/PicoVCO_LFO_R2R.dir/C_/Users/ben/Documents/GitHub/pico-sdk/src/rp2_common/hardware_gpio/gpio.c.obj
                0x10000560                gpio_set_input_enabled
 .text.running_on_fpga
                0x10000588       0x10 CMakeFiles/PicoVCO_LFO_R2R.dir/C_/Users/ben/Documents/GitHub/pico-sdk/src/rp2_common/pico_platform/platform.c.obj
                0x10000588                running_on_fpga
 .text.hw_claim_lock
                0x10000598       0x18 CMakeFiles/PicoVCO_LFO_R2R.dir/C_/Users/ben/Documents/GitHub/pico-sdk/src/rp2_common/hardware_claim/claim.c.obj
                0x10000598                hw_claim_lock
 .text.hw_claim_unlock
                0x100005b0       0x14 CMakeFiles/PicoVCO_LFO_R2R.dir/C_/Users/ben/Documents/GitHub/pico-sdk/src/rp2_common/hardware_claim/claim.c.obj
                0x100005b0                hw_claim_unlock
 .text.hw_claim_or_assert
                0x100005c4       0x44 CMakeFiles/PicoVCO_LFO_R2R.dir/C_/Users/ben/Documents/GitHub/pico-sdk/src/rp2_common/hardware_claim/claim.c.obj
                0x100005c4                hw_claim_or_assert
 .text.hw_claim_unused_from_range
                0x10000608       0x9c CMakeFiles/PicoVCO_LFO_R2R.dir/C_/Users/ben/Documents/GitHub/pico-sdk/src/rp2_common/hardware_claim/claim.c.obj
                0x10000608                hw_claim_unused_from_range
 .text.spin_locks_reset
                0x100006a4       0x1c CMakeFiles/PicoVCO_LFO_R2R.dir/C_/Users/ben/Documents/GitHub/pico-sdk/src/rp2_common/hardware_sync/sync.c.obj
                0x100006a4                spin_locks_reset
 .text.next_striped_spin_lock_num
                0x100006c0       0x18 CMakeFiles/PicoVCO_LFO_R2R.dir/C_/Users/ben/Documents/GitHub/pico-sdk/src/rp2_common/hardware_sync/sync.c.obj
                0x100006c0                next_striped_spin_lock_num
 .text.irq_set_enabled
                0x100006d8       0x24 CMakeFiles/PicoVCO_LFO_R2R.dir/C_/Users/ben/Documents/GitHub/pico-sdk/src/rp2_common/hardware_irq/irq.c.obj
                0x100006d8                irq_set_enabled
 .text.irq_is_enabled
                0x100006fc       0x18 CMakeFiles/PicoVCO_LFO_R2R.dir/C_/Users/ben/Documents/GitHub/pico-sdk/src/rp2_common/hardware_irq/irq.c.obj
                0x100006fc                irq_is_enabled
 .text.irq_get_vtable_handler
                0x10000714       0x10 CMakeFiles/PicoVCO_LFO_R2R.dir/C_/Users/ben/Documents/GitHub/pico-sdk/src/rp2_common/hardware_irq/irq.c.obj
                0x10000714                irq_get_vtable_handler
 .text.irq_set_exclusive_handler
                0x10000724       0x54 CMakeFiles/PicoVCO_LFO_R2R.dir/C_/Users/ben/Documents/GitHub/pico-sdk/src/rp2_common/hardware_irq/irq.c.obj
                0x10000724                irq_set_exclusive_handler
 .text.irq_remove_handler
                0x10000778      0x1b0 CMakeFiles/PicoVCO_LFO_R2R.dir/C_/Users/ben/Documents/GitHub/pico-sdk/src/rp2_common/hardware_irq/irq.c.obj
                0x10000778                irq_remove_handler
 .text.irq_add_tail_to_free_list
                0x10000928       0xb4 CMakeFiles/PicoVCO_LFO_R2R.dir/C_/Users/ben/Documents/GitHub/pico-sdk/src/rp2_common/hardware_irq/irq.c.obj
                0x10000928                irq_add_tail_to_free_list
 .text.irq_init_priorities
                0x100009dc       0x24 CMakeFiles/PicoVCO_LFO_R2R.dir/C_/Users/ben/Documents/GitHub/pico-sdk/src/rp2_common/hardware_irq/irq.c.obj
                0x100009dc                irq_init_priorities
 .text.lock_init
                0x10000a00       0x10 CMakeFiles/PicoVCO_LFO_R2R.dir/C_/Users/ben/Documents/GitHub/pico-sdk/src/common/pico_sync/lock_core.c.obj
                0x10000a00                lock_init
 .text.mutex_init
                0x10000a10       0x1c CMakeFiles/PicoVCO_LFO_R2R.dir/C_/Users/ben/Documents/GitHub/pico-sdk/src/common/pico_sync/mutex.c.obj
                0x10000a10                mutex_init
 .text.recursive_mutex_init
                0x10000a2c       0x1c CMakeFiles/PicoVCO_LFO_R2R.dir/C_/Users/ben/Documents/GitHub/pico-sdk/src/common/pico_sync/mutex.c.obj
                0x10000a2c                recursive_mutex_init
 .text.timer_pool_entry_comparator
                0x10000a48       0x34 CMakeFiles/PicoVCO_LFO_R2R.dir/C_/Users/ben/Documents/GitHub/pico-sdk/src/common/pico_time/time.c.obj
                0x10000a48                timer_pool_entry_comparator
 .text.sleep_until_callback
                0x10000a7c       0x30 CMakeFiles/PicoVCO_LFO_R2R.dir/C_/Users/ben/Documents/GitHub/pico-sdk/src/common/pico_time/time.c.obj
 .text.add_alarm_under_lock.isra.0
                0x10000aac      0x100 CMakeFiles/PicoVCO_LFO_R2R.dir/C_/Users/ben/Documents/GitHub/pico-sdk/src/common/pico_time/time.c.obj
 .text.alarm_pool_alarm_callback
                0x10000bac      0x1b8 CMakeFiles/PicoVCO_LFO_R2R.dir/C_/Users/ben/Documents/GitHub/pico-sdk/src/common/pico_time/time.c.obj
 .text.alarm_pool_init_default
                0x10000d64       0x6c CMakeFiles/PicoVCO_LFO_R2R.dir/C_/Users/ben/Documents/GitHub/pico-sdk/src/common/pico_time/time.c.obj
                0x10000d64                alarm_pool_init_default
 .text.alarm_pool_add_alarm_at
                0x10000dd0      0x17c CMakeFiles/PicoVCO_LFO_R2R.dir/C_/Users/ben/Documents/GitHub/pico-sdk/src/common/pico_time/time.c.obj
                0x10000dd0                alarm_pool_add_alarm_at
 .text.alarm_pool_cancel_alarm
                0x10000f4c       0x74 CMakeFiles/PicoVCO_LFO_R2R.dir/C_/Users/ben/Documents/GitHub/pico-sdk/src/common/pico_time/time.c.obj
                0x10000f4c                alarm_pool_cancel_alarm
 .text.best_effort_wfe_or_timeout
                0x10000fc0       0x78 CMakeFiles/PicoVCO_LFO_R2R.dir/C_/Users/ben/Documents/GitHub/pico-sdk/src/common/pico_time/time.c.obj
                0x10000fc0                best_effort_wfe_or_timeout
 .text.hardware_alarm_irq_handler
                0x10001038       0xbc CMakeFiles/PicoVCO_LFO_R2R.dir/C_/Users/ben/Documents/GitHub/pico-sdk/src/rp2_common/hardware_timer/timer.c.obj
 .text.hardware_alarm_claim
                0x100010f4       0x18 CMakeFiles/PicoVCO_LFO_R2R.dir/C_/Users/ben/Documents/GitHub/pico-sdk/src/rp2_common/hardware_timer/timer.c.obj
                0x100010f4                hardware_alarm_claim
 .text.time_us_64
                0x1000110c       0x14 CMakeFiles/PicoVCO_LFO_R2R.dir/C_/Users/ben/Documents/GitHub/pico-sdk/src/rp2_common/hardware_timer/timer.c.obj
                0x1000110c                time_us_64
 .text.hardware_alarm_set_callback
                0x10001120       0x8c CMakeFiles/PicoVCO_LFO_R2R.dir/C_/Users/ben/Documents/GitHub/pico-sdk/src/rp2_common/hardware_timer/timer.c.obj
                0x10001120                hardware_alarm_set_callback
 .text.hardware_alarm_set_target
                0x100011ac       0xe0 CMakeFiles/PicoVCO_LFO_R2R.dir/C_/Users/ben/Documents/GitHub/pico-sdk/src/rp2_common/hardware_timer/timer.c.obj
                0x100011ac                hardware_alarm_set_target
 .text.hardware_alarm_cancel
                0x1000128c       0x3c CMakeFiles/PicoVCO_LFO_R2R.dir/C_/Users/ben/Documents/GitHub/pico-sdk/src/rp2_common/hardware_timer/timer.c.obj
                0x1000128c                hardware_alarm_cancel
 .text.ph_merge_nodes
                0x100012c8       0x68 CMakeFiles/PicoVCO_LFO_R2R.dir/C_/Users/ben/Documents/GitHub/pico-sdk/src/common/pico_util/pheap.c.obj
 .text.ph_post_alloc_init
                0x10001330       0x3c CMakeFiles/PicoVCO_LFO_R2R.dir/C_/Users/ben/Documents/GitHub/pico-sdk/src/common/pico_util/pheap.c.obj
                0x10001330                ph_post_alloc_init
 .text.ph_merge_two_pass
                0x1000136c       0x90 CMakeFiles/PicoVCO_LFO_R2R.dir/C_/Users/ben/Documents/GitHub/pico-sdk/src/common/pico_util/pheap.c.obj
                0x1000136c                ph_merge_two_pass
 .text.ph_remove_any_head
                0x100013fc      0x100 CMakeFiles/PicoVCO_LFO_R2R.dir/C_/Users/ben/Documents/GitHub/pico-sdk/src/common/pico_util/pheap.c.obj
 .text.ph_remove_head
                0x100014fc      0x104 CMakeFiles/PicoVCO_LFO_R2R.dir/C_/Users/ben/Documents/GitHub/pico-sdk/src/common/pico_util/pheap.c.obj
                0x100014fc                ph_remove_head
 .text.ph_remove_and_free_node
                0x10001600       0x7c CMakeFiles/PicoVCO_LFO_R2R.dir/C_/Users/ben/Documents/GitHub/pico-sdk/src/common/pico_util/pheap.c.obj
                0x10001600                ph_remove_and_free_node
 .text.uart_init
                0x1000167c       0xe0 CMakeFiles/PicoVCO_LFO_R2R.dir/C_/Users/ben/Documents/GitHub/pico-sdk/src/rp2_common/hardware_uart/uart.c.obj
                0x1000167c                uart_init
 .text.clocks_init
                0x1000175c      0x2bc CMakeFiles/PicoVCO_LFO_R2R.dir/C_/Users/ben/Documents/GitHub/pico-sdk/src/rp2_common/hardware_clocks/clocks.c.obj
                0x1000175c                clocks_init
 .text.clock_get_hz
                0x10001a18        0xc CMakeFiles/PicoVCO_LFO_R2R.dir/C_/Users/ben/Documents/GitHub/pico-sdk/src/rp2_common/hardware_clocks/clocks.c.obj
                0x10001a18                clock_get_hz
 .text.pll_init
                0x10001a24       0xb0 CMakeFiles/PicoVCO_LFO_R2R.dir/C_/Users/ben/Documents/GitHub/pico-sdk/src/rp2_common/hardware_pll/pll.c.obj
                0x10001a24                pll_init
 .text.watchdog_start_tick
                0x10001ad4       0x10 CMakeFiles/PicoVCO_LFO_R2R.dir/C_/Users/ben/Documents/GitHub/pico-sdk/src/rp2_common/hardware_watchdog/watchdog.c.obj
                0x10001ad4                watchdog_start_tick
 .text.xosc_init
                0x10001ae4       0x28 CMakeFiles/PicoVCO_LFO_R2R.dir/C_/Users/ben/Documents/GitHub/pico-sdk/src/rp2_common/hardware_xosc/xosc.c.obj
                0x10001ae4                xosc_init
 .text.runtime_init
                0x10001b0c       0xf0 CMakeFiles/PicoVCO_LFO_R2R.dir/C_/Users/ben/Documents/GitHub/pico-sdk/src/rp2_common/pico_runtime/runtime.c.obj
                0x10001b0c                runtime_init
 .text._exit    0x10001bfc        0x4 CMakeFiles/PicoVCO_LFO_R2R.dir/C_/Users/ben/Documents/GitHub/pico-sdk/src/rp2_common/pico_runtime/runtime.c.obj
                0x10001bfc                _exit
 .text.exit     0x10001c00        0x8 CMakeFiles/PicoVCO_LFO_R2R.dir/C_/Users/ben/Documents/GitHub/pico-sdk/src/rp2_common/pico_runtime/runtime.c.obj
                0x10001c00                exit
 .text.panic    0x10001c08       0x30 CMakeFiles/PicoVCO_LFO_R2R.dir/C_/Users/ben/Documents/GitHub/pico-sdk/src/rp2_common/pico_runtime/runtime.c.obj
                0x10001c08                panic
 .text.hard_assertion_failure
                0x10001c38        0xc CMakeFiles/PicoVCO_LFO_R2R.dir/C_/Users/ben/Documents/GitHub/pico-sdk/src/rp2_common/pico_runtime/runtime.c.obj
                0x10001c38                hard_assertion_failure
 .text._out_char
                0x10001c44       0x10 CMakeFiles/PicoVCO_LFO_R2R.dir/C_/Users/ben/Documents/GitHub/pico-sdk/src/rp2_common/pico_printf/printf.c.obj
 .text.weak_raw_vprintf
                0x10001c54       0x30 CMakeFiles/PicoVCO_LFO_R2R.dir/C_/Users/ben/Documents/GitHub/pico-sdk/src/rp2_common/pico_printf/printf.c.obj
                0x10001c54                weak_raw_vprintf
 .text          0x10001c84       0x10 CMakeFiles/PicoVCO_LFO_R2R.dir/C_/Users/ben/Documents/GitHub/pico-sdk/src/rp2_common/pico_bit_ops/bit_ops_aeabi.S.obj
 .text.rom_func_lookup
                0x10001c94       0x10 CMakeFiles/PicoVCO_LFO_R2R.dir/C_/Users/ben/Documents/GitHub/pico-sdk/src/rp2_common/pico_bootrom/bootrom.c.obj
                0x10001c94                rom_func_lookup
 .text.rom_data_lookup
                0x10001ca4       0x10 CMakeFiles/PicoVCO_LFO_R2R.dir/C_/Users/ben/Documents/GitHub/pico-sdk/src/rp2_common/pico_bootrom/bootrom.c.obj
                0x10001ca4                rom_data_lookup
 .text.rom_funcs_lookup
                0x10001cb4       0x44 CMakeFiles/PicoVCO_LFO_R2R.dir/C_/Users/ben/Documents/GitHub/pico-sdk/src/rp2_common/pico_bootrom/bootrom.c.obj
                0x10001cb4                rom_funcs_lookup
 .text.__wrap___aeabi_uidiv
                0x10001cf8       0x4c CMakeFiles/PicoVCO_LFO_R2R.dir/C_/Users/ben/Documents/GitHub/pico-sdk/src/rp2_common/pico_divider/divider.S.obj
                0x10001cf8                __wrap___aeabi_uidiv
                0x10001cf8                __wrap___aeabi_uidivmod
                0x10001cf8                div_u32u32
                0x10001cf8                divmod_u32u32
                0x10001d00                divmod_u32u32_unsafe
                0x10001d28                divmod_u32u32_savestate
 .text.__aeabi_double_init
                0x10001d44       0x94 CMakeFiles/PicoVCO_LFO_R2R.dir/C_/Users/ben/Documents/GitHub/pico-sdk/src/rp2_common/pico_double/double_init_rom.c.obj
                0x10001d44                __aeabi_double_init
 .text.double_table_shim_on_use_helper
                0x10001dd8       0x2c CMakeFiles/PicoVCO_LFO_R2R.dir/C_/Users/ben/Documents/GitHub/pico-sdk/src/rp2_common/pico_double/double_v1_rom_shim.S.obj
                0x10001dd8                double_table_shim_on_use_helper
 .text.__wrap___aeabi_farithmetic
                0x10001e04       0x48 CMakeFiles/PicoVCO_LFO_R2R.dir/C_/Users/ben/Documents/GitHub/pico-sdk/src/rp2_common/pico_float/float_aeabi.S.obj
                0x10001e04                __wrap___aeabi_frsub
                0x10001e0a                __wrap___aeabi_fsub
                0x10001e10                __wrap___aeabi_fadd
                0x10001e16                __wrap___aeabi_fdiv
                0x10001e3e                __wrap___aeabi_fmul
 .text.__wrap___aeabi_ui2f
                0x10001e4c        0xa CMakeFiles/PicoVCO_LFO_R2R.dir/C_/Users/ben/Documents/GitHub/pico-sdk/src/rp2_common/pico_float/float_aeabi.S.obj
                0x10001e4c                __wrap___aeabi_ui2f
 *fill*         0x10001e56        0x2 
 .text.__wrap___aeabi_i2f
                0x10001e58       0x44 CMakeFiles/PicoVCO_LFO_R2R.dir/C_/Users/ben/Documents/GitHub/pico-sdk/src/rp2_common/pico_float/float_aeabi.S.obj
                0x10001e58                __wrap___aeabi_i2f
 .text.__wrap___aeabi_f2iz
                0x10001e9c       0x4e CMakeFiles/PicoVCO_LFO_R2R.dir/C_/Users/ben/Documents/GitHub/pico-sdk/src/rp2_common/pico_float/float_aeabi.S.obj
                0x10001e9c                float2int_z
                0x10001e9c                __wrap___aeabi_f2iz
 *fill*         0x10001eea        0x2 
 .text.float2int
                0x10001eec       0x14 CMakeFiles/PicoVCO_LFO_R2R.dir/C_/Users/ben/Documents/GitHub/pico-sdk/src/rp2_common/pico_float/float_aeabi.S.obj
                0x10001eec                float2int
 .text.__wrap___aeabi_f2uiz
                0x10001f00        0xc CMakeFiles/PicoVCO_LFO_R2R.dir/C_/Users/ben/Documents/GitHub/pico-sdk/src/rp2_common/pico_float/float_aeabi.S.obj
                0x10001f00                __wrap___aeabi_f2uiz
 .text.__aeabi_float_init
                0x10001f0c       0x64 CMakeFiles/PicoVCO_LFO_R2R.dir/C_/Users/ben/Documents/GitHub/pico-sdk/src/rp2_common/pico_float/float_init_rom.c.obj
                0x10001f0c                __aeabi_float_init
 .text.float_table_shim_on_use_helper
                0x10001f70       0x2c CMakeFiles/PicoVCO_LFO_R2R.dir/C_/Users/ben/Documents/GitHub/pico-sdk/src/rp2_common/pico_float/float_v1_rom_shim.S.obj
                0x10001f70                float_table_shim_on_use_helper
 .text.float232_shims
                0x10001f9c       0x18 CMakeFiles/PicoVCO_LFO_R2R.dir/C_/Users/ben/Documents/GitHub/pico-sdk/src/rp2_common/pico_float/float_v1_rom_shim.S.obj
                0x10001f9c                float2int_shim
                0x10001f9e                float2fix_shim
 .text          0x10001fb4       0x10 CMakeFiles/PicoVCO_LFO_R2R.dir/C_/Users/ben/Documents/GitHub/pico-sdk/src/rp2_common/pico_mem_ops/mem_ops_aeabi.S.obj
                0x10001fb4                __aeabi_mem_init
 .text.memcpy   0x10001fc4        0xc CMakeFiles/PicoVCO_LFO_R2R.dir/C_/Users/ben/Documents/GitHub/pico-sdk/src/rp2_common/pico_mem_ops/mem_ops_aeabi.S.obj
                0x10001fc4                __wrap_memcpy
                0x10001fc4                __wrap___aeabi_memcpy
 .text.stdio_out_chars_no_crlf
                0x10001fd0       0x10 CMakeFiles/PicoVCO_LFO_R2R.dir/C_/Users/ben/Documents/GitHub/pico-sdk/src/rp2_common/pico_stdio/stdio.c.obj
 .text.stdio_out_chars_crlf
                0x10001fe0       0xb4 CMakeFiles/PicoVCO_LFO_R2R.dir/C_/Users/ben/Documents/GitHub/pico-sdk/src/rp2_common/pico_stdio/stdio.c.obj
 .text.stdio_put_string.isra.0
                0x10002094       0xfc CMakeFiles/PicoVCO_LFO_R2R.dir/C_/Users/ben/Documents/GitHub/pico-sdk/src/rp2_common/pico_stdio/stdio.c.obj
 .text.__wrap_putchar
                0x10002190       0x98 CMakeFiles/PicoVCO_LFO_R2R.dir/C_/Users/ben/Documents/GitHub/pico-sdk/src/rp2_common/pico_stdio/stdio.c.obj
                0x10002190                __wrap_putchar
 .text.__wrap_puts
                0x10002228       0x3c CMakeFiles/PicoVCO_LFO_R2R.dir/C_/Users/ben/Documents/GitHub/pico-sdk/src/rp2_common/pico_stdio/stdio.c.obj
                0x10002228                __wrap_puts
 .text.stdio_set_driver_enabled
                0x10002264       0x30 CMakeFiles/PicoVCO_LFO_R2R.dir/C_/Users/ben/Documents/GitHub/pico-sdk/src/rp2_common/pico_stdio/stdio.c.obj
                0x10002264                stdio_set_driver_enabled
 .text.stdio_init_all
                0x10002294        0xc CMakeFiles/PicoVCO_LFO_R2R.dir/C_/Users/ben/Documents/GitHub/pico-sdk/src/rp2_common/pico_stdio/stdio.c.obj
                0x10002294                stdio_init_all
 .text.stdio_uart_out_chars
                0x100022a0       0x4c CMakeFiles/PicoVCO_LFO_R2R.dir/C_/Users/ben/Documents/GitHub/pico-sdk/src/rp2_common/pico_stdio_uart/stdio_uart.c.obj
 .text.stdio_uart_in_chars
                0x100022ec       0x84 CMakeFiles/PicoVCO_LFO_R2R.dir/C_/Users/ben/Documents/GitHub/pico-sdk/src/rp2_common/pico_stdio_uart/stdio_uart.c.obj
                0x100022ec                stdio_uart_in_chars
 .text.on_uart_rx
                0x10002370       0x28 CMakeFiles/PicoVCO_LFO_R2R.dir/C_/Users/ben/Documents/GitHub/pico-sdk/src/rp2_common/pico_stdio_uart/stdio_uart.c.obj
 .text.stdio_uart_set_chars_available_callback
                0x10002398       0x8c CMakeFiles/PicoVCO_LFO_R2R.dir/C_/Users/ben/Documents/GitHub/pico-sdk/src/rp2_common/pico_stdio_uart/stdio_uart.c.obj
 .text.stdio_uart_init
                0x10002424       0x48 CMakeFiles/PicoVCO_LFO_R2R.dir/C_/Users/ben/Documents/GitHub/pico-sdk/src/rp2_common/pico_stdio_uart/stdio_uart.c.obj
                0x10002424                stdio_uart_init
 .text.pio_claim_unused_sm
                0x1000246c       0x3c CMakeFiles/PicoVCO_LFO_R2R.dir/C_/Users/ben/Documents/GitHub/pico-sdk/src/rp2_common/hardware_pio/pio.c.obj
                0x1000246c                pio_claim_unused_sm
 .text.pio_add_program
                0x100024a8       0xc8 CMakeFiles/PicoVCO_LFO_R2R.dir/C_/Users/ben/Documents/GitHub/pico-sdk/src/rp2_common/hardware_pio/pio.c.obj
                0x100024a8                pio_add_program
 .text.pio_sm_set_consecutive_pindirs
                0x10002570       0xb0 CMakeFiles/PicoVCO_LFO_R2R.dir/C_/Users/ben/Documents/GitHub/pico-sdk/src/rp2_common/hardware_pio/pio.c.obj
                0x10002570                pio_sm_set_consecutive_pindirs
 .text.pio_sm_init
                0x10002620       0x8c CMakeFiles/PicoVCO_LFO_R2R.dir/C_/Users/ben/Documents/GitHub/pico-sdk/src/rp2_common/hardware_pio/pio.c.obj
                0x10002620                pio_sm_init
 .text.core1_trampoline
                0x100026ac        0x4 CMakeFiles/PicoVCO_LFO_R2R.dir/C_/Users/ben/Documents/GitHub/pico-sdk/src/rp2_common/pico_multicore/multicore.c.obj
 .text.core1_wrapper
                0x100026b0        0xc CMakeFiles/PicoVCO_LFO_R2R.dir/C_/Users/ben/Documents/GitHub/pico-sdk/src/rp2_common/pico_multicore/multicore.c.obj
                0x100026b0                core1_wrapper
 .text.multicore_launch_core1_raw
                0x100026bc       0x84 CMakeFiles/PicoVCO_LFO_R2R.dir/C_/Users/ben/Documents/GitHub/pico-sdk/src/rp2_common/pico_multicore/multicore.c.obj
                0x100026bc                multicore_launch_core1_raw
 .text.multicore_launch_core1
                0x10002740       0x4c CMakeFiles/PicoVCO_LFO_R2R.dir/C_/Users/ben/Documents/GitHub/pico-sdk/src/rp2_common/pico_multicore/multicore.c.obj
                0x10002740                multicore_launch_core1
 .text.adc_init
                0x1000278c       0x38 CMakeFiles/PicoVCO_LFO_R2R.dir/C_/Users/ben/Documents/GitHub/pico-sdk/src/rp2_common/hardware_adc/adc.c.obj
                0x1000278c                adc_init
 .text.strlen   0x100027c4       0x5c c:/progra~2/gnuarm~1/102020~1/bin/../lib/gcc/arm-none-eabi/10.2.1/../../../../arm-none-eabi/lib/thumb/v6-m/nofp\libc.a(lib_a-strlen-stub.o)
                0x100027c4                strlen
 *(.fini)
 .fini          0x10002820        0x4 c:/progra~2/gnuarm~1/102020~1/bin/../lib/gcc/arm-none-eabi/10.2.1/thumb/v6-m/nofp/crti.o
                0x10002820                _fini
 *fill*         0x10002824        0x4 
 .fini.__stub   0x10002828       0x30 linker stubs
 *crtbegin.o(.ctors)
 *crtbegin?.o(.ctors)
 *(EXCLUDE_FILE(*crtend.o *crtend?.o) .ctors)
 *(SORT_BY_NAME(.ctors.*))
 *(.ctors)
 *crtbegin.o(.dtors)
 *crtbegin?.o(.dtors)
 *(EXCLUDE_FILE(*crtend.o *crtend?.o) .dtors)
 *(SORT_BY_NAME(.dtors.*))
 *(.dtors)
 *(.eh_frame*)
 .eh_frame      0x10002858        0x0 c:/progra~2/gnuarm~1/102020~1/bin/../lib/gcc/arm-none-eabi/10.2.1/thumb/v6-m/nofp/crtbegin.o
                0x10002858                . = ALIGN (0x4)

.glue_7         0x10002858        0x0
 .glue_7        0x10002858        0x0 linker stubs

.glue_7t        0x10002858        0x0
 .glue_7t       0x10002858        0x0 linker stubs

.vfp11_veneer   0x10002858        0x0
 .vfp11_veneer  0x10002858        0x0 linker stubs

.v4_bx          0x10002858        0x0
 .v4_bx         0x10002858        0x0 linker stubs

.iplt           0x10002858        0x0
 .iplt          0x10002858        0x0 c:/progra~2/gnuarm~1/102020~1/bin/../lib/gcc/arm-none-eabi/10.2.1/thumb/v6-m/nofp/crtbegin.o

.rodata         0x10002858      0x13c
 *(EXCLUDE_FILE(*libm.a: *libc.a:*lib_a-mem*.o *libgcc.a:) .rodata*)
 .rodata.eightbit_r2r_dac_lfo_simple_program
                0x10002858        0x6 CMakeFiles/PicoVCO_LFO_R2R.dir/PicoVCO_LFO_R2R.c.obj
 *fill*         0x1000285e        0x2 
 .rodata.eightbit_r2r_dac_lfo_simple_program_instructions
                0x10002860        0xc CMakeFiles/PicoVCO_LFO_R2R.dir/PicoVCO_LFO_R2R.c.obj
 .rodata.hardware_alarm_claim.str1.4
                0x1000286c       0x22 CMakeFiles/PicoVCO_LFO_R2R.dir/C_/Users/ben/Documents/GitHub/pico-sdk/src/rp2_common/hardware_timer/timer.c.obj
 *fill*         0x1000288e        0x2 
 .rodata.panic.str1.4
                0x10002890       0x12 CMakeFiles/PicoVCO_LFO_R2R.dir/C_/Users/ben/Documents/GitHub/pico-sdk/src/rp2_common/pico_runtime/runtime.c.obj
 *fill*         0x100028a2        0x2 
 .rodata.hard_assertion_failure.str1.4
                0x100028a4        0xc CMakeFiles/PicoVCO_LFO_R2R.dir/C_/Users/ben/Documents/GitHub/pico-sdk/src/rp2_common/pico_runtime/runtime.c.obj
 .rodata.str1.4
                0x100028b0       0x44 CMakeFiles/PicoVCO_LFO_R2R.dir/C_/Users/ben/Documents/GitHub/pico-sdk/src/rp2_common/pico_standard_link/binary_info.c.obj
 .rodata.__bi_44
                0x100028f4        0xc CMakeFiles/PicoVCO_LFO_R2R.dir/C_/Users/ben/Documents/GitHub/pico-sdk/src/rp2_common/pico_standard_link/binary_info.c.obj
 .rodata.__bi_75
                0x10002900        0xc CMakeFiles/PicoVCO_LFO_R2R.dir/C_/Users/ben/Documents/GitHub/pico-sdk/src/rp2_common/pico_standard_link/binary_info.c.obj
 .rodata.__bi_81
                0x1000290c        0xc CMakeFiles/PicoVCO_LFO_R2R.dir/C_/Users/ben/Documents/GitHub/pico-sdk/src/rp2_common/pico_standard_link/binary_info.c.obj
 .rodata.crlf_str.0
                0x10002918        0x2 CMakeFiles/PicoVCO_LFO_R2R.dir/C_/Users/ben/Documents/GitHub/pico-sdk/src/rp2_common/pico_stdio/stdio.c.obj
 *fill*         0x1000291a        0x2 
 .rodata.str1.4
                0x1000291c       0x2c CMakeFiles/PicoVCO_LFO_R2R.dir/C_/Users/ben/Documents/GitHub/pico-sdk/src/rp2_common/pico_stdio_uart/stdio_uart.c.obj
 .rodata.__bi_33.4
                0x10002948        0xc CMakeFiles/PicoVCO_LFO_R2R.dir/C_/Users/ben/Documents/GitHub/pico-sdk/src/rp2_common/pico_stdio_uart/stdio_uart.c.obj
 .rodata.__bi_34.5
                0x10002954        0x8 CMakeFiles/PicoVCO_LFO_R2R.dir/C_/Users/ben/Documents/GitHub/pico-sdk/src/rp2_common/pico_stdio_uart/stdio_uart.c.obj
 .rodata.pio_claim_unused_sm.str1.4
                0x1000295c       0x24 CMakeFiles/PicoVCO_LFO_R2R.dir/C_/Users/ben/Documents/GitHub/pico-sdk/src/rp2_common/hardware_pio/pio.c.obj
 .rodata.pio_add_program.str1.4
                0x10002980       0x11 CMakeFiles/PicoVCO_LFO_R2R.dir/C_/Users/ben/Documents/GitHub/pico-sdk/src/rp2_common/hardware_pio/pio.c.obj
                0x10002994                . = ALIGN (0x4)
 *fill*         0x10002991        0x3 
 *(SORT_BY_ALIGNMENT(SORT_BY_NAME(.flashdata*)))
                0x10002994                . = ALIGN (0x4)

.rel.dyn        0x10002994        0x0
 .rel.iplt      0x10002994        0x0 c:/progra~2/gnuarm~1/102020~1/bin/../lib/gcc/arm-none-eabi/10.2.1/thumb/v6-m/nofp/crtbegin.o

.ARM.extab
 *(.ARM.extab* .gnu.linkonce.armextab.*)
                0x10002994                __exidx_start = .

.ARM.exidx
 *(.ARM.exidx* .gnu.linkonce.armexidx.*)
                0x10002994                __exidx_end = .
                0x10002994                . = ALIGN (0x4)
                0x10002994                __binary_info_start = .

.binary_info    0x10002994       0x24
 *(.binary_info.keep.*)
 .binary_info.keep.__bi_ptr22
                0x10002994        0x4 CMakeFiles/PicoVCO_LFO_R2R.dir/C_/Users/ben/Documents/GitHub/pico-sdk/src/rp2_common/pico_standard_link/binary_info.c.obj
 .binary_info.keep.__bi_ptr30
                0x10002998        0x4 CMakeFiles/PicoVCO_LFO_R2R.dir/C_/Users/ben/Documents/GitHub/pico-sdk/src/rp2_common/pico_standard_link/binary_info.c.obj
 .binary_info.keep.__bi_ptr38
                0x1000299c        0x4 CMakeFiles/PicoVCO_LFO_R2R.dir/C_/Users/ben/Documents/GitHub/pico-sdk/src/rp2_common/pico_standard_link/binary_info.c.obj
 .binary_info.keep.__bi_ptr44
                0x100029a0        0x4 CMakeFiles/PicoVCO_LFO_R2R.dir/C_/Users/ben/Documents/GitHub/pico-sdk/src/rp2_common/pico_standard_link/binary_info.c.obj
 .binary_info.keep.__bi_ptr50
                0x100029a4        0x4 CMakeFiles/PicoVCO_LFO_R2R.dir/C_/Users/ben/Documents/GitHub/pico-sdk/src/rp2_common/pico_standard_link/binary_info.c.obj
 .binary_info.keep.__bi_ptr75
                0x100029a8        0x4 CMakeFiles/PicoVCO_LFO_R2R.dir/C_/Users/ben/Documents/GitHub/pico-sdk/src/rp2_common/pico_standard_link/binary_info.c.obj
 .binary_info.keep.__bi_ptr81
                0x100029ac        0x4 CMakeFiles/PicoVCO_LFO_R2R.dir/C_/Users/ben/Documents/GitHub/pico-sdk/src/rp2_common/pico_standard_link/binary_info.c.obj
 *(.binary_info.*)
 .binary_info.__bi_ptr33
                0x100029b0        0x4 CMakeFiles/PicoVCO_LFO_R2R.dir/C_/Users/ben/Documents/GitHub/pico-sdk/src/rp2_common/pico_stdio_uart/stdio_uart.c.obj
 .binary_info.__bi_ptr34
                0x100029b4        0x4 CMakeFiles/PicoVCO_LFO_R2R.dir/C_/Users/ben/Documents/GitHub/pico-sdk/src/rp2_common/pico_stdio_uart/stdio_uart.c.obj
                0x100029b8                __binary_info_end = .
                0x100029b8                . = ALIGN (0x4)
                0x100029b8                __etext = .

.ram_vector_table
                0x20000000       0xc0
 *(.ram_vector_table)
 .ram_vector_table
                0x20000000       0xc0 CMakeFiles/PicoVCO_LFO_R2R.dir/C_/Users/ben/Documents/GitHub/pico-sdk/src/rp2_common/pico_runtime/runtime.c.obj
                0x20000000                ram_vector_table

.data           0x200000c0      0x1ac load address 0x100029b8
                0x200000c0                __data_start__ = .
 *(vtable)
 *(.time_critical*)
 .time_critical.mutex_try_enter_block_until
                0x200000c0       0x9c CMakeFiles/PicoVCO_LFO_R2R.dir/C_/Users/ben/Documents/GitHub/pico-sdk/src/common/pico_sync/mutex.c.obj
                0x200000c0                mutex_try_enter_block_until
 .time_critical.mutex_exit
                0x2000015c       0x28 CMakeFiles/PicoVCO_LFO_R2R.dir/C_/Users/ben/Documents/GitHub/pico-sdk/src/common/pico_sync/mutex.c.obj
                0x2000015c                mutex_exit
 *(.text*)
 .text          0x20000184        0x4 c:/progra~2/gnuarm~1/102020~1/bin/../lib/gcc/arm-none-eabi/10.2.1/thumb/v6-m/nofp\libgcc.a(_dvmd_tls.o)
                0x20000184                __aeabi_idiv0
                0x20000184                __aeabi_ldiv0
 .text.__stub   0x20000188       0x10 linker stubs
                0x20000198                . = ALIGN (0x4)
 *(.rodata*)
                0x20000198                . = ALIGN (0x4)
 *(.data*)
 .data.striped_spin_lock_num
                0x20000198        0x1 CMakeFiles/PicoVCO_LFO_R2R.dir/C_/Users/ben/Documents/GitHub/pico-sdk/src/rp2_common/hardware_sync/sync.c.obj
 *fill*         0x20000199        0x3 
 .data          0x2000019c       0x48 CMakeFiles/PicoVCO_LFO_R2R.dir/C_/Users/ben/Documents/GitHub/pico-sdk/src/rp2_common/hardware_irq/irq_handler_chain.S.obj
                0x2000019c                irq_handler_chain_slots
                0x200001cc                irq_handler_chain_first_slot
                0x200001d6                irq_handler_chain_remove_tail
 .data.default_alarm_pool
                0x200001e4       0x18 CMakeFiles/PicoVCO_LFO_R2R.dir/C_/Users/ben/Documents/GitHub/pico-sdk/src/common/pico_time/time.c.obj
 .data.default_alarm_pool_heap
                0x200001fc       0x10 CMakeFiles/PicoVCO_LFO_R2R.dir/C_/Users/ben/Documents/GitHub/pico-sdk/src/common/pico_time/time.c.obj
 *fill*         0x2000020c        0x4 
 .data.aeabi_bits_funcs
                0x20000210       0x10 CMakeFiles/PicoVCO_LFO_R2R.dir/C_/Users/ben/Documents/GitHub/pico-sdk/src/rp2_common/pico_bit_ops/bit_ops_aeabi.S.obj
                0x20000210                aeabi_bits_funcs
                0x20000220                aeabi_bits_funcs_end
 .data.aeabi_mem_funcs
                0x20000220       0x10 CMakeFiles/PicoVCO_LFO_R2R.dir/C_/Users/ben/Documents/GitHub/pico-sdk/src/rp2_common/pico_mem_ops/mem_ops_aeabi.S.obj
                0x20000220                aeabi_mem_funcs
                0x20000230                aeabi_mem_funcs_end
 .data.stdio_uart
                0x20000230       0x18 CMakeFiles/PicoVCO_LFO_R2R.dir/C_/Users/ben/Documents/GitHub/pico-sdk/src/rp2_common/pico_stdio_uart/stdio_uart.c.obj
                0x20000230                stdio_uart
                0x20000248                . = ALIGN (0x4)
 *(.after_data.*)
                0x20000248                . = ALIGN (0x4)
                0x20000248                PROVIDE (__mutex_array_start = .)
 *(SORT_BY_NAME(.mutex_array.*))
 *(.mutex_array)
 .mutex_array   0x20000248        0x8 CMakeFiles/PicoVCO_LFO_R2R.dir/C_/Users/ben/Documents/GitHub/pico-sdk/src/rp2_common/pico_malloc/pico_malloc.c.obj
 .mutex_array   0x20000250        0x8 CMakeFiles/PicoVCO_LFO_R2R.dir/C_/Users/ben/Documents/GitHub/pico-sdk/src/rp2_common/pico_stdio/stdio.c.obj
                0x20000258                PROVIDE (__mutex_array_end = .)
                0x20000258                . = ALIGN (0x4)
                0x20000258                PROVIDE (__preinit_array_start = .)
 *(SORT_BY_NAME(.preinit_array.*))
 .preinit_array.00001
                0x20000258        0x4 CMakeFiles/PicoVCO_LFO_R2R.dir/C_/Users/ben/Documents/GitHub/pico-sdk/src/rp2_common/pico_mem_ops/mem_ops_aeabi.S.obj
 .preinit_array.00010
                0x2000025c        0x4 CMakeFiles/PicoVCO_LFO_R2R.dir/C_/Users/ben/Documents/GitHub/pico-sdk/src/rp2_common/pico_bit_ops/bit_ops_aeabi.S.obj
 .preinit_array.00020
                0x20000260        0x4 CMakeFiles/PicoVCO_LFO_R2R.dir/C_/Users/ben/Documents/GitHub/pico-sdk/src/rp2_common/pico_double/double_aeabi.S.obj
 .preinit_array.00020
                0x20000264        0x4 CMakeFiles/PicoVCO_LFO_R2R.dir/C_/Users/ben/Documents/GitHub/pico-sdk/src/rp2_common/pico_float/float_aeabi.S.obj
 *(.preinit_array)
                0x20000268                PROVIDE (__preinit_array_end = .)
                0x20000268                . = ALIGN (0x4)
                0x20000268                PROVIDE (__init_array_start = .)
 *(SORT_BY_NAME(.init_array.*))
 *(.init_array)
 .init_array    0x20000268        0x4 c:/progra~2/gnuarm~1/102020~1/bin/../lib/gcc/arm-none-eabi/10.2.1/thumb/v6-m/nofp/crtbegin.o
                0x2000026c                PROVIDE (__init_array_end = .)
                0x2000026c                . = ALIGN (0x4)
                [!provide]                PROVIDE (__fini_array_start = .)
 *(SORT_BY_NAME(.fini_array.*))
 *(.fini_array)
                [!provide]                PROVIDE (__fini_array_end = .)
 *(.jcr)
                0x2000026c                . = ALIGN (0x4)
                0x2000026c                __data_end__ = .

.igot.plt       0x2000026c        0x0 load address 0x10002b64
 .igot.plt      0x2000026c        0x0 c:/progra~2/gnuarm~1/102020~1/bin/../lib/gcc/arm-none-eabi/10.2.1/thumb/v6-m/nofp/crtbegin.o

.uninitialized_data
                0x2000026c        0x0 load address 0x10002b64
                0x2000026c                . = ALIGN (0x4)
 *(.uninitialized_data*)

.scratch_x      0x20040000        0x0 load address 0x10002b64
                0x20040000                __scratch_x_start__ = .
 *(.scratch_x.*)
                0x20040000                . = ALIGN (0x4)
                0x20040000                __scratch_x_end__ = .
                0x10002b64                __scratch_x_source__ = LOADADDR (.scratch_x)

.scratch_y      0x20041000        0x0 load address 0x10002b64
                0x20041000                __scratch_y_start__ = .
 *(.scratch_y.*)
                0x20041000                . = ALIGN (0x4)
                0x20041000                __scratch_y_end__ = .
                0x10002b64                __scratch_y_source__ = LOADADDR (.scratch_y)

.bss            0x20000270     0x232c
                0x20000270                . = ALIGN (0x4)
                0x20000270                __bss_start__ = .
 *(SORT_BY_ALIGNMENT(SORT_BY_NAME(.bss*)))
 .bss.default_alarm_pool_entries
                0x20000270      0x100 CMakeFiles/PicoVCO_LFO_R2R.dir/C_/Users/ben/Documents/GitHub/pico-sdk/src/common/pico_time/time.c.obj
 .bss.sd_table  0x20000370      0x100 CMakeFiles/PicoVCO_LFO_R2R.dir/C_/Users/ben/Documents/GitHub/pico-sdk/src/rp2_common/pico_double/double_init_rom.c.obj
                0x20000370                sd_table
 .bss.sf_table  0x20000470      0x100 CMakeFiles/PicoVCO_LFO_R2R.dir/C_/Users/ben/Documents/GitHub/pico-sdk/src/rp2_common/pico_float/float_init_rom.c.obj
                0x20000470                sf_table
 .bss           0x20000570       0x1c c:/progra~2/gnuarm~1/102020~1/bin/../lib/gcc/arm-none-eabi/10.2.1/thumb/v6-m/nofp/crtbegin.o
 .bss._used_instruction_space
                0x2000058c        0x8 CMakeFiles/PicoVCO_LFO_R2R.dir/C_/Users/ben/Documents/GitHub/pico-sdk/src/rp2_common/hardware_pio/pio.c.obj
 .bss.alarm_callbacks
                0x20000594       0x10 CMakeFiles/PicoVCO_LFO_R2R.dir/C_/Users/ben/Documents/GitHub/pico-sdk/src/rp2_common/hardware_timer/timer.c.obj
 .bss.chars_available_callback
                0x200005a4        0x4 CMakeFiles/PicoVCO_LFO_R2R.dir/C_/Users/ben/Documents/GitHub/pico-sdk/src/rp2_common/pico_stdio_uart/stdio_uart.c.obj
 .bss.chars_available_param
                0x200005a8        0x4 CMakeFiles/PicoVCO_LFO_R2R.dir/C_/Users/ben/Documents/GitHub/pico-sdk/src/rp2_common/pico_stdio_uart/stdio_uart.c.obj
 .bss.configured_freq
                0x200005ac       0x28 CMakeFiles/PicoVCO_LFO_R2R.dir/C_/Users/ben/Documents/GitHub/pico-sdk/src/rp2_common/hardware_clocks/clocks.c.obj
 .bss.default_alarm_pool_entry_ids_high
                0x200005d4       0x10 CMakeFiles/PicoVCO_LFO_R2R.dir/C_/Users/ben/Documents/GitHub/pico-sdk/src/common/pico_time/time.c.obj
 .bss.default_alarm_pool_heap_nodes
                0x200005e4       0x30 CMakeFiles/PicoVCO_LFO_R2R.dir/C_/Users/ben/Documents/GitHub/pico-sdk/src/common/pico_time/time.c.obj
 .bss.drivers   0x20000614        0x4 CMakeFiles/PicoVCO_LFO_R2R.dir/C_/Users/ben/Documents/GitHub/pico-sdk/src/rp2_common/pico_stdio/stdio.c.obj
 .bss.filter    0x20000618        0x4 CMakeFiles/PicoVCO_LFO_R2R.dir/C_/Users/ben/Documents/GitHub/pico-sdk/src/rp2_common/pico_stdio/stdio.c.obj
 .bss.lazy_vsnprintf
                0x2000061c        0x4 CMakeFiles/PicoVCO_LFO_R2R.dir/C_/Users/ben/Documents/GitHub/pico-sdk/src/rp2_common/pico_printf/printf.c.obj
 .bss.pio       0x20000620        0x4 CMakeFiles/PicoVCO_LFO_R2R.dir/PicoVCO_LFO_R2R.c.obj
                0x20000620                pio
 .bss.pools     0x20000624       0x10 CMakeFiles/PicoVCO_LFO_R2R.dir/C_/Users/ben/Documents/GitHub/pico-sdk/src/common/pico_time/time.c.obj
 .bss.sf_clz_func
                0x20000634        0x4 CMakeFiles/PicoVCO_LFO_R2R.dir/C_/Users/ben/Documents/GitHub/pico-sdk/src/rp2_common/pico_double/double_init_rom.c.obj
                0x20000634                sf_clz_func
 .bss.sleep_notifier
                0x20000638        0x4 CMakeFiles/PicoVCO_LFO_R2R.dir/C_/Users/ben/Documents/GitHub/pico-sdk/src/common/pico_time/time.c.obj
 .bss.sm        0x2000063c        0x4 CMakeFiles/PicoVCO_LFO_R2R.dir/PicoVCO_LFO_R2R.c.obj
                0x2000063c                sm
 .bss.target_hi
                0x20000640       0x10 CMakeFiles/PicoVCO_LFO_R2R.dir/C_/Users/ben/Documents/GitHub/pico-sdk/src/rp2_common/hardware_timer/timer.c.obj
 .bss.triangle_wave
                0x20000650     0x1f40 CMakeFiles/PicoVCO_LFO_R2R.dir/PicoVCO_LFO_R2R.c.obj
                0x20000650                triangle_wave
 .bss.uart_char_to_line_feed
                0x20002590        0x4 CMakeFiles/PicoVCO_LFO_R2R.dir/C_/Users/ben/Documents/GitHub/pico-sdk/src/rp2_common/hardware_uart/uart.c.obj
                0x20002590                uart_char_to_line_feed
 .bss.uart_instance
                0x20002594        0x4 CMakeFiles/PicoVCO_LFO_R2R.dir/C_/Users/ben/Documents/GitHub/pico-sdk/src/rp2_common/pico_stdio_uart/stdio_uart.c.obj
 .bss.claimed   0x20002598        0x1 CMakeFiles/PicoVCO_LFO_R2R.dir/C_/Users/ben/Documents/GitHub/pico-sdk/src/rp2_common/hardware_timer/timer.c.obj
 .bss.claimed   0x20002599        0x1 CMakeFiles/PicoVCO_LFO_R2R.dir/C_/Users/ben/Documents/GitHub/pico-sdk/src/rp2_common/hardware_pio/pio.c.obj
 .bss.irq_hander_chain_free_slot_head
                0x2000259a        0x1 CMakeFiles/PicoVCO_LFO_R2R.dir/C_/Users/ben/Documents/GitHub/pico-sdk/src/rp2_common/hardware_irq/irq.c.obj
 .bss.timer_callbacks_pending
                0x2000259b        0x1 CMakeFiles/PicoVCO_LFO_R2R.dir/C_/Users/ben/Documents/GitHub/pico-sdk/src/rp2_common/hardware_timer/timer.c.obj
 *(COMMON)
                0x2000259c                . = ALIGN (0x4)
                0x2000259c                __bss_end__ = .

.heap           0x2000259c      0x800
                0x2000259c                __end__ = .
                0x2000259c                end = __end__
 *(.heap*)
 .heap          0x2000259c      0x800 CMakeFiles/PicoVCO_LFO_R2R.dir/C_/Users/ben/Documents/GitHub/pico-sdk/src/rp2_common/pico_standard_link/crt0.S.obj
                0x20002d9c                __HeapLimit = .

.stack1_dummy   0x20040000      0x800
 *(.stack1*)
 .stack1        0x20040000      0x800 CMakeFiles/PicoVCO_LFO_R2R.dir/C_/Users/ben/Documents/GitHub/pico-sdk/src/rp2_common/pico_multicore/multicore.c.obj

.stack_dummy    0x20041000      0x800
 *(.stack*)
 .stack         0x20041000      0x800 CMakeFiles/PicoVCO_LFO_R2R.dir/C_/Users/ben/Documents/GitHub/pico-sdk/src/rp2_common/pico_standard_link/crt0.S.obj

.flash_end      0x10002b64        0x0
                0x10002b64                __flash_binary_end = .
                0x20040000                __StackLimit = (ORIGIN (RAM) + LENGTH (RAM))
                0x20041000                __StackOneTop = (ORIGIN (SCRATCH_X) + LENGTH (SCRATCH_X))
                0x20042000                __StackTop = (ORIGIN (SCRATCH_Y) + LENGTH (SCRATCH_Y))
                0x20040800                __StackOneBottom = (__StackOneTop - SIZEOF (.stack1_dummy))
                0x20041800                __StackBottom = (__StackTop - SIZEOF (.stack_dummy))
                0x20042000                PROVIDE (__stack = __StackTop)
                0x00000001                ASSERT ((__StackLimit >= __HeapLimit), region RAM overflowed)
                0x00000001                ASSERT (((__binary_info_header_end - __logical_binary_start) <= 0x100), Binary info must be in first 256 bytes of the binary)
LOAD CMakeFiles/PicoVCO_LFO_R2R.dir/PicoVCO_LFO_R2R.c.obj
LOAD CMakeFiles/PicoVCO_LFO_R2R.dir/waves.c.obj
LOAD CMakeFiles/PicoVCO_LFO_R2R.dir/C_/Users/ben/Documents/GitHub/pico-sdk/src/rp2_common/pico_stdlib/stdlib.c.obj
LOAD CMakeFiles/PicoVCO_LFO_R2R.dir/C_/Users/ben/Documents/GitHub/pico-sdk/src/rp2_common/hardware_gpio/gpio.c.obj
LOAD CMakeFiles/PicoVCO_LFO_R2R.dir/C_/Users/ben/Documents/GitHub/pico-sdk/src/rp2_common/pico_platform/platform.c.obj
LOAD CMakeFiles/PicoVCO_LFO_R2R.dir/C_/Users/ben/Documents/GitHub/pico-sdk/src/rp2_common/hardware_claim/claim.c.obj
LOAD CMakeFiles/PicoVCO_LFO_R2R.dir/C_/Users/ben/Documents/GitHub/pico-sdk/src/rp2_common/hardware_sync/sync.c.obj
LOAD CMakeFiles/PicoVCO_LFO_R2R.dir/C_/Users/ben/Documents/GitHub/pico-sdk/src/rp2_common/hardware_irq/irq.c.obj
LOAD CMakeFiles/PicoVCO_LFO_R2R.dir/C_/Users/ben/Documents/GitHub/pico-sdk/src/rp2_common/hardware_irq/irq_handler_chain.S.obj
LOAD CMakeFiles/PicoVCO_LFO_R2R.dir/C_/Users/ben/Documents/GitHub/pico-sdk/src/common/pico_sync/sem.c.obj
LOAD CMakeFiles/PicoVCO_LFO_R2R.dir/C_/Users/ben/Documents/GitHub/pico-sdk/src/common/pico_sync/lock_core.c.obj
LOAD CMakeFiles/PicoVCO_LFO_R2R.dir/C_/Users/ben/Documents/GitHub/pico-sdk/src/common/pico_sync/mutex.c.obj
LOAD CMakeFiles/PicoVCO_LFO_R2R.dir/C_/Users/ben/Documents/GitHub/pico-sdk/src/common/pico_sync/critical_section.c.obj
LOAD CMakeFiles/PicoVCO_LFO_R2R.dir/C_/Users/ben/Documents/GitHub/pico-sdk/src/common/pico_time/time.c.obj
LOAD CMakeFiles/PicoVCO_LFO_R2R.dir/C_/Users/ben/Documents/GitHub/pico-sdk/src/common/pico_time/timeout_helper.c.obj
LOAD CMakeFiles/PicoVCO_LFO_R2R.dir/C_/Users/ben/Documents/GitHub/pico-sdk/src/rp2_common/hardware_timer/timer.c.obj
LOAD CMakeFiles/PicoVCO_LFO_R2R.dir/C_/Users/ben/Documents/GitHub/pico-sdk/src/common/pico_util/datetime.c.obj
LOAD CMakeFiles/PicoVCO_LFO_R2R.dir/C_/Users/ben/Documents/GitHub/pico-sdk/src/common/pico_util/pheap.c.obj
LOAD CMakeFiles/PicoVCO_LFO_R2R.dir/C_/Users/ben/Documents/GitHub/pico-sdk/src/common/pico_util/queue.c.obj
LOAD CMakeFiles/PicoVCO_LFO_R2R.dir/C_/Users/ben/Documents/GitHub/pico-sdk/src/rp2_common/hardware_uart/uart.c.obj
LOAD CMakeFiles/PicoVCO_LFO_R2R.dir/C_/Users/ben/Documents/GitHub/pico-sdk/src/rp2_common/hardware_clocks/clocks.c.obj
LOAD CMakeFiles/PicoVCO_LFO_R2R.dir/C_/Users/ben/Documents/GitHub/pico-sdk/src/rp2_common/hardware_pll/pll.c.obj
LOAD CMakeFiles/PicoVCO_LFO_R2R.dir/C_/Users/ben/Documents/GitHub/pico-sdk/src/rp2_common/hardware_vreg/vreg.c.obj
LOAD CMakeFiles/PicoVCO_LFO_R2R.dir/C_/Users/ben/Documents/GitHub/pico-sdk/src/rp2_common/hardware_watchdog/watchdog.c.obj
LOAD CMakeFiles/PicoVCO_LFO_R2R.dir/C_/Users/ben/Documents/GitHub/pico-sdk/src/rp2_common/hardware_xosc/xosc.c.obj
LOAD CMakeFiles/PicoVCO_LFO_R2R.dir/C_/Users/ben/Documents/GitHub/pico-sdk/src/rp2_common/hardware_divider/divider.S.obj
LOAD CMakeFiles/PicoVCO_LFO_R2R.dir/C_/Users/ben/Documents/GitHub/pico-sdk/src/rp2_common/pico_runtime/runtime.c.obj
LOAD CMakeFiles/PicoVCO_LFO_R2R.dir/C_/Users/ben/Documents/GitHub/pico-sdk/src/rp2_common/pico_printf/printf.c.obj
LOAD CMakeFiles/PicoVCO_LFO_R2R.dir/C_/Users/ben/Documents/GitHub/pico-sdk/src/rp2_common/pico_bit_ops/bit_ops_aeabi.S.obj
LOAD CMakeFiles/PicoVCO_LFO_R2R.dir/C_/Users/ben/Documents/GitHub/pico-sdk/src/rp2_common/pico_bootrom/bootrom.c.obj
LOAD CMakeFiles/PicoVCO_LFO_R2R.dir/C_/Users/ben/Documents/GitHub/pico-sdk/src/rp2_common/pico_divider/divider.S.obj
LOAD CMakeFiles/PicoVCO_LFO_R2R.dir/C_/Users/ben/Documents/GitHub/pico-sdk/src/rp2_common/pico_double/double_aeabi.S.obj
LOAD CMakeFiles/PicoVCO_LFO_R2R.dir/C_/Users/ben/Documents/GitHub/pico-sdk/src/rp2_common/pico_double/double_init_rom.c.obj
LOAD CMakeFiles/PicoVCO_LFO_R2R.dir/C_/Users/ben/Documents/GitHub/pico-sdk/src/rp2_common/pico_double/double_math.c.obj
LOAD CMakeFiles/PicoVCO_LFO_R2R.dir/C_/Users/ben/Documents/GitHub/pico-sdk/src/rp2_common/pico_double/double_v1_rom_shim.S.obj
LOAD CMakeFiles/PicoVCO_LFO_R2R.dir/C_/Users/ben/Documents/GitHub/pico-sdk/src/rp2_common/pico_int64_ops/pico_int64_ops_aeabi.S.obj
LOAD CMakeFiles/PicoVCO_LFO_R2R.dir/C_/Users/ben/Documents/GitHub/pico-sdk/src/rp2_common/pico_float/float_aeabi.S.obj
LOAD CMakeFiles/PicoVCO_LFO_R2R.dir/C_/Users/ben/Documents/GitHub/pico-sdk/src/rp2_common/pico_float/float_init_rom.c.obj
LOAD CMakeFiles/PicoVCO_LFO_R2R.dir/C_/Users/ben/Documents/GitHub/pico-sdk/src/rp2_common/pico_float/float_math.c.obj
LOAD CMakeFiles/PicoVCO_LFO_R2R.dir/C_/Users/ben/Documents/GitHub/pico-sdk/src/rp2_common/pico_float/float_v1_rom_shim.S.obj
LOAD CMakeFiles/PicoVCO_LFO_R2R.dir/C_/Users/ben/Documents/GitHub/pico-sdk/src/rp2_common/pico_malloc/pico_malloc.c.obj
LOAD CMakeFiles/PicoVCO_LFO_R2R.dir/C_/Users/ben/Documents/GitHub/pico-sdk/src/rp2_common/pico_mem_ops/mem_ops_aeabi.S.obj
LOAD CMakeFiles/PicoVCO_LFO_R2R.dir/C_/Users/ben/Documents/GitHub/pico-sdk/src/rp2_common/pico_standard_link/crt0.S.obj
LOAD CMakeFiles/PicoVCO_LFO_R2R.dir/C_/Users/ben/Documents/GitHub/pico-sdk/src/rp2_common/pico_standard_link/new_delete.cpp.obj
LOAD CMakeFiles/PicoVCO_LFO_R2R.dir/C_/Users/ben/Documents/GitHub/pico-sdk/src/rp2_common/pico_standard_link/binary_info.c.obj
LOAD CMakeFiles/PicoVCO_LFO_R2R.dir/C_/Users/ben/Documents/GitHub/pico-sdk/src/rp2_common/pico_stdio/stdio.c.obj
LOAD CMakeFiles/PicoVCO_LFO_R2R.dir/C_/Users/ben/Documents/GitHub/pico-sdk/src/rp2_common/pico_stdio_uart/stdio_uart.c.obj
LOAD CMakeFiles/PicoVCO_LFO_R2R.dir/C_/Users/ben/Documents/GitHub/pico-sdk/src/rp2_common/hardware_pio/pio.c.obj
LOAD CMakeFiles/PicoVCO_LFO_R2R.dir/C_/Users/ben/Documents/GitHub/pico-sdk/src/rp2_common/pico_multicore/multicore.c.obj
LOAD CMakeFiles/PicoVCO_LFO_R2R.dir/C_/Users/ben/Documents/GitHub/pico-sdk/src/rp2_common/hardware_adc/adc.c.obj
LOAD C:\Users\ben\AppData\Local\Temp\ccsRcxpr.o
LOAD c:/progra~2/gnuarm~1/102020~1/bin/../lib/gcc/arm-none-eabi/10.2.1/../../../../arm-none-eabi/lib/thumb/v6-m/nofp\libstdc++.a
LOAD c:/progra~2/gnuarm~1/102020~1/bin/../lib/gcc/arm-none-eabi/10.2.1/../../../../arm-none-eabi/lib/thumb/v6-m/nofp\libm.a
START GROUP
LOAD c:/progra~2/gnuarm~1/102020~1/bin/../lib/gcc/arm-none-eabi/10.2.1/thumb/v6-m/nofp\libgcc.a
LOAD c:/progra~2/gnuarm~1/102020~1/bin/../lib/gcc/arm-none-eabi/10.2.1/../../../../arm-none-eabi/lib/thumb/v6-m/nofp\libc.a
END GROUP
START GROUP
LOAD c:/progra~2/gnuarm~1/102020~1/bin/../lib/gcc/arm-none-eabi/10.2.1/thumb/v6-m/nofp\libgcc.a
LOAD c:/progra~2/gnuarm~1/102020~1/bin/../lib/gcc/arm-none-eabi/10.2.1/../../../../arm-none-eabi/lib/thumb/v6-m/nofp\libc.a
LOAD c:/progra~2/gnuarm~1/102020~1/bin/../lib/gcc/arm-none-eabi/10.2.1/../../../../arm-none-eabi/lib/thumb/v6-m/nofp\libnosys.a
END GROUP
LOAD c:/progra~2/gnuarm~1/102020~1/bin/../lib/gcc/arm-none-eabi/10.2.1/thumb/v6-m/nofp/crtend.o
LOAD c:/progra~2/gnuarm~1/102020~1/bin/../lib/gcc/arm-none-eabi/10.2.1/thumb/v6-m/nofp/crtn.o
OUTPUT(PicoVCO_LFO_R2R.elf elf32-littlearm)
LOAD linker stubs

.ARM.attributes
                0x00000000       0x28
 .ARM.attributes
                0x00000000       0x1e c:/progra~2/gnuarm~1/102020~1/bin/../lib/gcc/arm-none-eabi/10.2.1/thumb/v6-m/nofp/crti.o
 .ARM.attributes
                0x0000001e       0x2c c:/progra~2/gnuarm~1/102020~1/bin/../lib/gcc/arm-none-eabi/10.2.1/thumb/v6-m/nofp/crtbegin.o
 .ARM.attributes
                0x0000004a       0x2c CMakeFiles/PicoVCO_LFO_R2R.dir/PicoVCO_LFO_R2R.c.obj
 .ARM.attributes
                0x00000076       0x2c CMakeFiles/PicoVCO_LFO_R2R.dir/waves.c.obj
 .ARM.attributes
                0x000000a2       0x2c CMakeFiles/PicoVCO_LFO_R2R.dir/C_/Users/ben/Documents/GitHub/pico-sdk/src/rp2_common/hardware_gpio/gpio.c.obj
 .ARM.attributes
                0x000000ce       0x2c CMakeFiles/PicoVCO_LFO_R2R.dir/C_/Users/ben/Documents/GitHub/pico-sdk/src/rp2_common/pico_platform/platform.c.obj
 .ARM.attributes
                0x000000fa       0x2c CMakeFiles/PicoVCO_LFO_R2R.dir/C_/Users/ben/Documents/GitHub/pico-sdk/src/rp2_common/hardware_claim/claim.c.obj
 .ARM.attributes
                0x00000126       0x2c CMakeFiles/PicoVCO_LFO_R2R.dir/C_/Users/ben/Documents/GitHub/pico-sdk/src/rp2_common/hardware_sync/sync.c.obj
 .ARM.attributes
                0x00000152       0x2c CMakeFiles/PicoVCO_LFO_R2R.dir/C_/Users/ben/Documents/GitHub/pico-sdk/src/rp2_common/hardware_irq/irq.c.obj
 .ARM.attributes
                0x0000017e       0x22 CMakeFiles/PicoVCO_LFO_R2R.dir/C_/Users/ben/Documents/GitHub/pico-sdk/src/rp2_common/hardware_irq/irq_handler_chain.S.obj
 .ARM.attributes
                0x000001a0       0x2c CMakeFiles/PicoVCO_LFO_R2R.dir/C_/Users/ben/Documents/GitHub/pico-sdk/src/common/pico_sync/lock_core.c.obj
 .ARM.attributes
                0x000001cc       0x2c CMakeFiles/PicoVCO_LFO_R2R.dir/C_/Users/ben/Documents/GitHub/pico-sdk/src/common/pico_sync/mutex.c.obj
 .ARM.attributes
                0x000001f8       0x2c CMakeFiles/PicoVCO_LFO_R2R.dir/C_/Users/ben/Documents/GitHub/pico-sdk/src/common/pico_time/time.c.obj
 .ARM.attributes
                0x00000224       0x2c CMakeFiles/PicoVCO_LFO_R2R.dir/C_/Users/ben/Documents/GitHub/pico-sdk/src/rp2_common/hardware_timer/timer.c.obj
 .ARM.attributes
                0x00000250       0x2c CMakeFiles/PicoVCO_LFO_R2R.dir/C_/Users/ben/Documents/GitHub/pico-sdk/src/common/pico_util/pheap.c.obj
 .ARM.attributes
                0x0000027c       0x2c CMakeFiles/PicoVCO_LFO_R2R.dir/C_/Users/ben/Documents/GitHub/pico-sdk/src/rp2_common/hardware_uart/uart.c.obj
 .ARM.attributes
                0x000002a8       0x2c CMakeFiles/PicoVCO_LFO_R2R.dir/C_/Users/ben/Documents/GitHub/pico-sdk/src/rp2_common/hardware_clocks/clocks.c.obj
 .ARM.attributes
                0x000002d4       0x2c CMakeFiles/PicoVCO_LFO_R2R.dir/C_/Users/ben/Documents/GitHub/pico-sdk/src/rp2_common/hardware_pll/pll.c.obj
 .ARM.attributes
                0x00000300       0x2c CMakeFiles/PicoVCO_LFO_R2R.dir/C_/Users/ben/Documents/GitHub/pico-sdk/src/rp2_common/hardware_watchdog/watchdog.c.obj
 .ARM.attributes
                0x0000032c       0x2c CMakeFiles/PicoVCO_LFO_R2R.dir/C_/Users/ben/Documents/GitHub/pico-sdk/src/rp2_common/hardware_xosc/xosc.c.obj
 .ARM.attributes
                0x00000358       0x2c CMakeFiles/PicoVCO_LFO_R2R.dir/C_/Users/ben/Documents/GitHub/pico-sdk/src/rp2_common/pico_runtime/runtime.c.obj
 .ARM.attributes
                0x00000384       0x2c CMakeFiles/PicoVCO_LFO_R2R.dir/C_/Users/ben/Documents/GitHub/pico-sdk/src/rp2_common/pico_printf/printf.c.obj
 .ARM.attributes
                0x000003b0       0x22 CMakeFiles/PicoVCO_LFO_R2R.dir/C_/Users/ben/Documents/GitHub/pico-sdk/src/rp2_common/pico_bit_ops/bit_ops_aeabi.S.obj
 .ARM.attributes
                0x000003d2       0x2c CMakeFiles/PicoVCO_LFO_R2R.dir/C_/Users/ben/Documents/GitHub/pico-sdk/src/rp2_common/pico_bootrom/bootrom.c.obj
 .ARM.attributes
                0x000003fe       0x22 CMakeFiles/PicoVCO_LFO_R2R.dir/C_/Users/ben/Documents/GitHub/pico-sdk/src/rp2_common/pico_divider/divider.S.obj
 .ARM.attributes
                0x00000420       0x22 CMakeFiles/PicoVCO_LFO_R2R.dir/C_/Users/ben/Documents/GitHub/pico-sdk/src/rp2_common/pico_double/double_aeabi.S.obj
 .ARM.attributes
                0x00000442       0x2c CMakeFiles/PicoVCO_LFO_R2R.dir/C_/Users/ben/Documents/GitHub/pico-sdk/src/rp2_common/pico_double/double_init_rom.c.obj
 .ARM.attributes
                0x0000046e       0x22 CMakeFiles/PicoVCO_LFO_R2R.dir/C_/Users/ben/Documents/GitHub/pico-sdk/src/rp2_common/pico_double/double_v1_rom_shim.S.obj
 .ARM.attributes
                0x00000490       0x22 CMakeFiles/PicoVCO_LFO_R2R.dir/C_/Users/ben/Documents/GitHub/pico-sdk/src/rp2_common/pico_float/float_aeabi.S.obj
 .ARM.attributes
                0x000004b2       0x2c CMakeFiles/PicoVCO_LFO_R2R.dir/C_/Users/ben/Documents/GitHub/pico-sdk/src/rp2_common/pico_float/float_init_rom.c.obj
 .ARM.attributes
                0x000004de       0x22 CMakeFiles/PicoVCO_LFO_R2R.dir/C_/Users/ben/Documents/GitHub/pico-sdk/src/rp2_common/pico_float/float_v1_rom_shim.S.obj
 .ARM.attributes
                0x00000500       0x2c CMakeFiles/PicoVCO_LFO_R2R.dir/C_/Users/ben/Documents/GitHub/pico-sdk/src/rp2_common/pico_malloc/pico_malloc.c.obj
 .ARM.attributes
                0x0000052c       0x22 CMakeFiles/PicoVCO_LFO_R2R.dir/C_/Users/ben/Documents/GitHub/pico-sdk/src/rp2_common/pico_mem_ops/mem_ops_aeabi.S.obj
 .ARM.attributes
                0x0000054e       0x22 CMakeFiles/PicoVCO_LFO_R2R.dir/C_/Users/ben/Documents/GitHub/pico-sdk/src/rp2_common/pico_standard_link/crt0.S.obj
 .ARM.attributes
                0x00000570       0x32 CMakeFiles/PicoVCO_LFO_R2R.dir/C_/Users/ben/Documents/GitHub/pico-sdk/src/rp2_common/pico_standard_link/binary_info.c.obj
 .ARM.attributes
                0x000005a2       0x2c CMakeFiles/PicoVCO_LFO_R2R.dir/C_/Users/ben/Documents/GitHub/pico-sdk/src/rp2_common/pico_stdio/stdio.c.obj
 .ARM.attributes
                0x000005ce       0x2c CMakeFiles/PicoVCO_LFO_R2R.dir/C_/Users/ben/Documents/GitHub/pico-sdk/src/rp2_common/pico_stdio_uart/stdio_uart.c.obj
 .ARM.attributes
                0x000005fa       0x2c CMakeFiles/PicoVCO_LFO_R2R.dir/C_/Users/ben/Documents/GitHub/pico-sdk/src/rp2_common/hardware_pio/pio.c.obj
 .ARM.attributes
                0x00000626       0x2c CMakeFiles/PicoVCO_LFO_R2R.dir/C_/Users/ben/Documents/GitHub/pico-sdk/src/rp2_common/pico_multicore/multicore.c.obj
 .ARM.attributes
                0x00000652       0x2c CMakeFiles/PicoVCO_LFO_R2R.dir/C_/Users/ben/Documents/GitHub/pico-sdk/src/rp2_common/hardware_adc/adc.c.obj
 .ARM.attributes
                0x0000067e       0x22 C:\Users\ben\AppData\Local\Temp\ccsRcxpr.o
 .ARM.attributes
                0x000006a0       0x1e c:/progra~2/gnuarm~1/102020~1/bin/../lib/gcc/arm-none-eabi/10.2.1/thumb/v6-m/nofp\libgcc.a(_dvmd_tls.o)
 .ARM.attributes
                0x000006be       0x2c c:/progra~2/gnuarm~1/102020~1/bin/../lib/gcc/arm-none-eabi/10.2.1/../../../../arm-none-eabi/lib/thumb/v6-m/nofp\libc.a(lib_a-strlen-stub.o)

.comment        0x00000000       0x4d
 .comment       0x00000000       0x4d CMakeFiles/PicoVCO_LFO_R2R.dir/PicoVCO_LFO_R2R.c.obj
                                 0x4e (size before relaxing)
 .comment       0x0000004d       0x4e CMakeFiles/PicoVCO_LFO_R2R.dir/waves.c.obj
 .comment       0x0000004d       0x4e CMakeFiles/PicoVCO_LFO_R2R.dir/C_/Users/ben/Documents/GitHub/pico-sdk/src/rp2_common/hardware_gpio/gpio.c.obj
 .comment       0x0000004d       0x4e CMakeFiles/PicoVCO_LFO_R2R.dir/C_/Users/ben/Documents/GitHub/pico-sdk/src/rp2_common/pico_platform/platform.c.obj
 .comment       0x0000004d       0x4e CMakeFiles/PicoVCO_LFO_R2R.dir/C_/Users/ben/Documents/GitHub/pico-sdk/src/rp2_common/hardware_claim/claim.c.obj
 .comment       0x0000004d       0x4e CMakeFiles/PicoVCO_LFO_R2R.dir/C_/Users/ben/Documents/GitHub/pico-sdk/src/rp2_common/hardware_sync/sync.c.obj
 .comment       0x0000004d       0x4e CMakeFiles/PicoVCO_LFO_R2R.dir/C_/Users/ben/Documents/GitHub/pico-sdk/src/rp2_common/hardware_irq/irq.c.obj
 .comment       0x0000004d       0x4e CMakeFiles/PicoVCO_LFO_R2R.dir/C_/Users/ben/Documents/GitHub/pico-sdk/src/common/pico_sync/lock_core.c.obj
 .comment       0x0000004d       0x4e CMakeFiles/PicoVCO_LFO_R2R.dir/C_/Users/ben/Documents/GitHub/pico-sdk/src/common/pico_sync/mutex.c.obj
 .comment       0x0000004d       0x4e CMakeFiles/PicoVCO_LFO_R2R.dir/C_/Users/ben/Documents/GitHub/pico-sdk/src/common/pico_time/time.c.obj
 .comment       0x0000004d       0x4e CMakeFiles/PicoVCO_LFO_R2R.dir/C_/Users/ben/Documents/GitHub/pico-sdk/src/rp2_common/hardware_timer/timer.c.obj
 .comment       0x0000004d       0x4e CMakeFiles/PicoVCO_LFO_R2R.dir/C_/Users/ben/Documents/GitHub/pico-sdk/src/common/pico_util/pheap.c.obj
 .comment       0x0000004d       0x4e CMakeFiles/PicoVCO_LFO_R2R.dir/C_/Users/ben/Documents/GitHub/pico-sdk/src/rp2_common/hardware_uart/uart.c.obj
 .comment       0x0000004d       0x4e CMakeFiles/PicoVCO_LFO_R2R.dir/C_/Users/ben/Documents/GitHub/pico-sdk/src/rp2_common/hardware_clocks/clocks.c.obj
 .comment       0x0000004d       0x4e CMakeFiles/PicoVCO_LFO_R2R.dir/C_/Users/ben/Documents/GitHub/pico-sdk/src/rp2_common/hardware_pll/pll.c.obj
 .comment       0x0000004d       0x4e CMakeFiles/PicoVCO_LFO_R2R.dir/C_/Users/ben/Documents/GitHub/pico-sdk/src/rp2_common/hardware_watchdog/watchdog.c.obj
 .comment       0x0000004d       0x4e CMakeFiles/PicoVCO_LFO_R2R.dir/C_/Users/ben/Documents/GitHub/pico-sdk/src/rp2_common/hardware_xosc/xosc.c.obj
 .comment       0x0000004d       0x4e CMakeFiles/PicoVCO_LFO_R2R.dir/C_/Users/ben/Documents/GitHub/pico-sdk/src/rp2_common/pico_runtime/runtime.c.obj
 .comment       0x0000004d       0x4e CMakeFiles/PicoVCO_LFO_R2R.dir/C_/Users/ben/Documents/GitHub/pico-sdk/src/rp2_common/pico_printf/printf.c.obj
 .comment       0x0000004d       0x4e CMakeFiles/PicoVCO_LFO_R2R.dir/C_/Users/ben/Documents/GitHub/pico-sdk/src/rp2_common/pico_bootrom/bootrom.c.obj
 .comment       0x0000004d       0x4e CMakeFiles/PicoVCO_LFO_R2R.dir/C_/Users/ben/Documents/GitHub/pico-sdk/src/rp2_common/pico_double/double_init_rom.c.obj
 .comment       0x0000004d       0x4e CMakeFiles/PicoVCO_LFO_R2R.dir/C_/Users/ben/Documents/GitHub/pico-sdk/src/rp2_common/pico_float/float_init_rom.c.obj
 .comment       0x0000004d       0x4e CMakeFiles/PicoVCO_LFO_R2R.dir/C_/Users/ben/Documents/GitHub/pico-sdk/src/rp2_common/pico_malloc/pico_malloc.c.obj
 .comment       0x0000004d       0x4e CMakeFiles/PicoVCO_LFO_R2R.dir/C_/Users/ben/Documents/GitHub/pico-sdk/src/rp2_common/pico_standard_link/binary_info.c.obj
 .comment       0x0000004d       0x4e CMakeFiles/PicoVCO_LFO_R2R.dir/C_/Users/ben/Documents/GitHub/pico-sdk/src/rp2_common/pico_stdio/stdio.c.obj
 .comment       0x0000004d       0x4e CMakeFiles/PicoVCO_LFO_R2R.dir/C_/Users/ben/Documents/GitHub/pico-sdk/src/rp2_common/pico_stdio_uart/stdio_uart.c.obj
 .comment       0x0000004d       0x4e CMakeFiles/PicoVCO_LFO_R2R.dir/C_/Users/ben/Documents/GitHub/pico-sdk/src/rp2_common/hardware_pio/pio.c.obj
 .comment       0x0000004d       0x4e CMakeFiles/PicoVCO_LFO_R2R.dir/C_/Users/ben/Documents/GitHub/pico-sdk/src/rp2_common/pico_multicore/multicore.c.obj
 .comment       0x0000004d       0x4e CMakeFiles/PicoVCO_LFO_R2R.dir/C_/Users/ben/Documents/GitHub/pico-sdk/src/rp2_common/hardware_adc/adc.c.obj

.debug_frame    0x00000000       0x28
 .debug_frame   0x00000000       0x28 c:/progra~2/gnuarm~1/102020~1/bin/../lib/gcc/arm-none-eabi/10.2.1/../../../../arm-none-eabi/lib/thumb/v6-m/nofp\libc.a(lib_a-strlen-stub.o)
